{
    "samples": [
        {
            "author": {
                "bio": "[Vnp}Fo󵮳y!\u000f󸕉\u0013􅥵n𰶔􃦍0􎮵☟p",
                "email": "\u0008.tR\u0015\u0013Ed􍔗Q",
                "following": true,
                "image": "\u0007􍁱𝡝𣭋\\𭻠wC\r\u0015\u001e\u000f!|1H'\r$􂺉%",
                "username": "O@PZf"
            },
            "body": "@柢㬲y\u0002\tH𝄪􋧘C$\u001a.Q𧻏H{Ie5𫜏",
            "createdAt": "1864-04-15T17:14:58.192903936964Z",
            "id": "00004e26-0000-6622-0000-710f00002514",
            "updatedAt": "1864-04-29T16:50:53.522181976222Z"
        },
        {
            "author": {
                "bio": "zX\u0005J􏶢3e\u001c\n𭄊p\n_[9玽􆋚\u0000\u0002Q",
                "email": "g􅿸\u000b\u000b􀊁𦦎$𤎢󵽺",
                "following": false,
                "image": "\u000e\u0005G;\u001d!\u0007\u000e o\r\rZ􂗨a🎠\"",
                "username": "𭅁_𤎲Od󱗾K? 2l6D\t􊽏O󾛚🨵R\u001f-6a!𐨁靤"
            },
            "body": "\u0002B\u001eRYY􁂱\u000ee\u001f;\u0003俿o󷊳z",
            "createdAt": "1864-06-07T02:42:34.180622345176Z",
            "id": "00001d60-0000-2aca-0000-14e800006a17",
            "updatedAt": "1864-05-01T16:01:04.828141371741Z"
        },
        {
            "author": {
                "bio": "\"\u0012p\u0017m􇄰.􅔽\u00016\u0007𩐸?1󸅸튜4\u000cJ\u0017:\u0012󴁂\u0016􀜟%\u0007\u0012O",
                "email": "q",
                "following": false,
                "image": "𤤫OO󲗨\u001d\u0013L{抍-?\u0003P𪱰S_=r",
                "username": "-"
            },
            "body": "𥞂",
            "createdAt": "1864-05-15T09:19:15.4508646604Z",
            "id": "00003bbc-0000-11c3-0000-0808000068e2",
            "updatedAt": "1864-04-12T08:20:51.864603890498Z"
        },
        {
            "author": {
                "bio": "\u00029hI󷉎𦇥ﾏg𠓐K*\u0015󻨤Xf\u0004\u0016풟\u0011\u001aS|\u001cA",
                "email": "",
                "following": true,
                "image": "󳑖𐽆AY\u000b\u0006F`2!VWSk",
                "username": "P}/佗"
            },
            "body": "%)󰧂:",
            "createdAt": "1864-05-30T03:25:49.340191794046Z",
            "id": "0000660e-0000-74f3-0000-0bd7000025cb",
            "updatedAt": "1864-05-11T13:03:31.637763960025Z"
        },
        {
            "author": {
                "bio": "!9X􅥝\u0010/sL_-",
                "email": "󲜀𥼡􀹾a\u001ax􋭐𨨓MI\u001a󴣋y􆮡c􉓑c􂚜􅬤\u0003\u0004Z§",
                "following": true,
                "image": "x􃋤􃑛𗧉 \u0013^S𘘻",
                "username": "㥝Ke\u0004\u001f\u001bj\u0017\u0011EfO~"
            },
            "body": "=t닫?i\u0015%B\u000ee'偿]]􅞊",
            "createdAt": "1864-06-06T00:41:44.163625646738Z",
            "id": "000040d1-0000-23f5-0000-6ad8000048db",
            "updatedAt": "1864-05-15T12:47:06.740011979331Z"
        },
        {
            "author": {
                "bio": "o􊴰y\t)DCL󿙑x,R\u0004_",
                "email": "\u001f󳦷􏺀.K\u0012heዳ\u001a\u001f􃄧sp|EGX㘟[j䇹寱$􍡛;p\u0016\u001e\\",
                "following": false,
                "image": "T𞢿𣬴<@\u0003\u0011j4n_h.옙&9_YxH*𡴏󶭁_\u0008\u001c1>􋣢",
                "username": "!"
            },
            "body": "`yS.3",
            "createdAt": "1864-05-20T21:16:44.81646012509Z",
            "id": "00006b30-0000-2408-0000-1ca900005ffe",
            "updatedAt": "1864-05-21T09:57:56.62805770713Z"
        },
        {
            "author": {
                "bio": "\u0015(&1T\u0017\u0016]_󷧈",
                "email": "C\u000ea\u0003𠬬f_􊓉/yz",
                "following": true,
                "image": "N𐇓Y몮󷬔",
                "username": "Ta$𫮸_󷒊\r"
            },
            "body": ",N󵆈咯H􇠱m*Au",
            "createdAt": "1864-06-08T19:42:13.618337991574Z",
            "id": "000020b5-0000-7b88-0000-06df00003c3c",
            "updatedAt": "1864-05-03T09:22:16.12978186662Z"
        },
        {
            "author": {
                "bio": "\u001f𝋯\\\n𨴅o剬\u001et󼲰",
                "email": "󸍑l\u0015p\u000et\u001fa%\u0003𨜗𦙶11\u0013",
                "following": false,
                "image": "s\raOh`\u0007}s󽱕\u0017",
                "username": "𭧘v㛚􇖗\t\u0014W"
            },
            "body": "}-K=S+L\u0003WG",
            "createdAt": "1864-06-08T00:21:34.428904306852Z",
            "id": "00007d71-0000-2a1b-0000-26cc00000b2f",
            "updatedAt": "1864-05-08T22:47:26.427320747519Z"
        },
        {
            "author": {
                "bio": "",
                "email": "d$􋧾k𡙪u'-",
                "following": true,
                "image": "v\u0016\u0019􇞵@?<NY\u000eO𖥅\u0002\u0011J􍅷",
                "username": ",yDa􇴭7r%\\\u000b\u001b\u000c\\𣖸\u0011谶\u0006\u0010􅏯U3=􊔥Z\"\u001a0'𰮶"
            },
            "body": "(\u001a<@~C5|^􅀁\u0015\\n=󹤴y`:gi(",
            "createdAt": "1864-05-09T05:49:10.692703864249Z",
            "id": "00000add-0000-28f5-0000-6f8a00005831",
            "updatedAt": "1864-04-19T02:22:22.096466026838Z"
        },
        {
            "author": {
                "bio": ",𛇘袑\u001eICU;嬼@󸵆u\u000b\u000b",
                "email": "\u0017G\u0002i𥛘􎪇xa\u0010\u000b\u000e󠄧!Z𗻗􉃬𰖾",
                "following": true,
                "image": "z<X",
                "username": "TPo5n"
            },
            "body": "𭰾𧉄<𪊺U1(x4탥􇕵'\u0007",
            "createdAt": "1864-05-14T04:17:01.084818125704Z",
            "id": "00001bc9-0000-1c62-0000-39be00004816",
            "updatedAt": "1864-05-26T19:10:50.552805765779Z"
        },
        {
            "author": {
                "bio": "􈩲\u000c\u001a*􉡼k3\u0012",
                "email": ")+􀐖\u0016􉨁\u0001~@\u0018䴕3𡚈\u0012%)\u0010]􁔧dh\"󸚲Ox7\u001f􎗿0",
                "following": true,
                "image": "'/A&/j{3𣹺^n\u000c\u000e",
                "username": "䶒zᆵ􇣟2O󳾨r붕\tE"
            },
            "body": "匥/𤺟쫮$F[A|)𠍯m\r}s\u0006\u001b(]57:",
            "createdAt": "1864-05-14T18:16:00.361774699136Z",
            "id": "0000106c-0000-71e5-0000-5d880000408c",
            "updatedAt": "1864-04-28T21:09:01.190077767707Z"
        },
        {
            "author": {
                "bio": "n?E\u001aH１𪲢-\"o𡡪冞=\r\u0002V@\u001f\u001d\t󻄿刜Lf;\u0010w\u001e_",
                "email": "t𱂉",
                "following": false,
                "image": "惤(+羟颯e<\\􇢤-7𝌷Qi0X\u0014󸭶w\u0017X4",
                "username": "\u0004dq󱖞':\u001f􅞱𥾹fQ\u0019\n􇏽pvw\u0007s/\u001a鯴B𦈓⨆q󾣮~t\u0013"
            },
            "body": "ㄚ𬩛𘋕3[\u0002.𠘴x\u0000{",
            "createdAt": "1864-05-23T01:47:26.066837487356Z",
            "id": "00004693-0000-0303-0000-22d000005775",
            "updatedAt": "1864-04-20T05:38:17.227014804004Z"
        },
        {
            "author": {
                "bio": "\u001f(wD\\hzL𥂵R𰪃''| zL𡄘D􌳰ᙧS",
                "email": "0;w\u001dAL\u000eYx𦖶t0^k󴝑}qtG2IU]",
                "following": false,
                "image": "󻭍􄑜\u0015󷔂|*)\u000b",
                "username": "#`"
            },
            "body": "\u0002B􊉷e 󿏇l\u000c􆙝",
            "createdAt": "1864-04-13T18:30:16.884649038198Z",
            "id": "0000710f-0000-1087-0000-735f00003122",
            "updatedAt": "1864-06-08T07:50:16.566454067142Z"
        },
        {
            "author": {
                "bio": "&Uf\r𐫟",
                "email": "D\u001ahx􅸅rF䵖y\r\u0007{j󼞣\u0014M/",
                "following": false,
                "image": "R𠁑I7:=)\u0001)F%K𤤢",
                "username": "b𧮳𤖊Gq􊌄Yc􆳇in'm1v\u001e"
            },
            "body": "q\u001a-ӌ~ Z^\u000e\u001c\u0018f󾞭\u001dX\u0010x􏈧~YDl=E",
            "createdAt": "1864-04-15T08:06:43.285617638477Z",
            "id": "00002e97-0000-2d13-0000-170100007111",
            "updatedAt": "1864-05-18T20:46:31.691879278092Z"
        },
        {
            "author": {
                "bio": "o\u0019뿶 :$巁/q􌧡󱡵\u000c\u0015\u000fOb𦹃󺄌",
                "email": "􅙯\n𤢤Qx󲥇󵢔>🅩r\u001ae",
                "following": false,
                "image": "6s*\u0013\u000c^\u0000􊩤",
                "username": " +𨳆\u0005󵪜g둘efy"
            },
            "body": "\u0004nu챴\u0014gF\u0014 ",
            "createdAt": "1864-04-26T15:38:39.698900446477Z",
            "id": "0000569f-0000-3504-0000-13bd00000dab",
            "updatedAt": "1864-04-18T15:07:47.824621678002Z"
        },
        {
            "author": {
                "bio": "0\u001d\u0012㈲,8(L]\u0011𩎪\u0016􎜔*󿉵p2h8'󵒽2tN\"漜$7",
                "email": "~􆀯o冨4\u00145􊳪Zy7W0>u)$𢚿#6uq\u0005亍",
                "following": false,
                "image": "O9𘏚\u000cI𢾎\u0012芻󱚔",
                "username": "\u001f(\u001aX.OO>9"
            },
            "body": "3𠌅\u000b0);c@\u000b\u0018􊣛$𦼢󸥸*\u0010挈<OD6;n*w",
            "createdAt": "1864-04-12T00:24:32.406677297325Z",
            "id": "00001902-0000-7663-0000-2e99000049d0",
            "updatedAt": "1864-06-02T21:05:55.671609807555Z"
        },
        {
            "author": {
                "bio": "돛v\tU",
                "email": "|\u0010\u001a𢁳T\u0006",
                "following": false,
                "image": "l\u0002PaU􄤶_K\u001c`L\u0014\"~ Zu𑪄\t\u0016􆷈\"X󲇱v;~",
                "username": "}󼹺歷^s!\u0000L_󺼖醣\u0007 ?_\u00182yEeS\u0010GgrSn"
            },
            "body": "~g󼘎𧋇\u0006s\rJ",
            "createdAt": "1864-05-07T06:56:13.051955819344Z",
            "id": "000062d0-0000-5c18-0000-3f9600006272",
            "updatedAt": "1864-06-07T17:11:20.297451593934Z"
        },
        {
            "author": {
                "bio": "=\u0018I􈘭𣊮9🎌^6*bt",
                "email": "x|a\u0010ᐢa\u0015𐳦鋅[󾳅$#􋷒\u001b",
                "following": true,
                "image": "\u0008𦯍3\u0019󷔗\u0019\\=H{w_󺟿3",
                "username": "𘈐𞠝"
            },
            "body": "",
            "createdAt": "1864-05-23T21:51:13.784210469719Z",
            "id": "00004ecf-0000-7aff-0000-03a400000315",
            "updatedAt": "1864-05-12T19:18:51.652838343405Z"
        },
        {
            "author": {
                "bio": "@=\\B.\u00043P\u0010󰇹)󱝖.􉰯􌒖:+",
                "email": ",󱝷I𨲫2\u000c\u001ajL9\u001e v󷖡⻱\u001e",
                "following": true,
                "image": "􈀰𐇷\u0002𢸾􈰐",
                "username": "t\u0004𤹇 󽣂険☩立𬩞\u000f6NR}(@hW2%T\tꢛ􋅥2H"
            },
            "body": "p16\u0001Ao𰠞𠃚i",
            "createdAt": "1864-04-17T00:01:49.083859798079Z",
            "id": "00002897-0000-5bde-0000-383f00005415",
            "updatedAt": "1864-04-11T13:32:36.987139287637Z"
        },
        {
            "author": {
                "bio": "ꁈ\u0016S􎉲e\u0005&\u000eyN\u0015􍧑~b\u0014\u0003s\u0004i\u0007납{#r!E􎆟􋩂좒",
                "email": "󳩻􁐪p3m:𥔿e",
                "following": false,
                "image": "#$\u0007ᣃ𫔐Q𣚎Xa𣚝\rvg5A􆛫!𠯯l\u0004泱Ms\u0019tmfI",
                "username": "\u0002YT6\ny\"7W\u0014󹊥\u001faK􈠬$c\u0019#"
            },
            "body": "ﯶ\u000b2􉿬F􌝉󾺔 D󻕔B腬MXZ(􈃾p圠;𘈆S􍭬v|\u0001",
            "createdAt": "1864-06-06T02:43:15.644379667624Z",
            "id": "0000079c-0000-6c91-0000-317000006478",
            "updatedAt": "1864-06-05T01:27:06.043925725401Z"
        },
        {
            "author": {
                "bio": "x",
                "email": "S𝓹!ꖈKh%\u0007",
                "following": true,
                "image": "",
                "username": "󶧷H\u001fR]z%U潯4🏠󴿦\u001bG\u0005s\u00051yCqt X𗱣LEc峡"
            },
            "body": "A",
            "createdAt": "1864-04-13T18:27:15.106402487552Z",
            "id": "00007ff6-0000-68df-0000-6999000025ba",
            "updatedAt": "1864-06-06T06:57:30.561376662324Z"
        },
        {
            "author": {
                "bio": "𑰆\n3T\u000ed䞋\r",
                "email": "纗s\u001av𩲜",
                "following": false,
                "image": "YqU饑\na󱐿G\u0000L𭽿\u0004y+c􃚌w8㑛u7:\n󶘙",
                "username": "I\u001c󵗶c.Y\u0017"
            },
            "body": ",u^'9<]\u0018\u0015\u001f#e9\u001cs+a|",
            "createdAt": "1864-04-11T12:30:42.673257198286Z",
            "id": "000061b1-0000-7e08-0000-6b5d000045f9",
            "updatedAt": "1864-05-29T17:24:59.312735795916Z"
        },
        {
            "author": {
                "bio": "*􃒰􂿗jh_E9Y6|𩉣",
                "email": "퉭t􅴌",
                "following": true,
                "image": "w􈫭ⱹxi!\u0017M",
                "username": "@.33홚U[Gq󰉗􀈺􎣥q3Vg􎬏"
            },
            "body": "𩈵𦽭􋒛\u0015󷐴v\u0015",
            "createdAt": "1864-06-08T21:35:54.795021963946Z",
            "id": "00002c66-0000-7d41-0000-48b500006cae",
            "updatedAt": "1864-06-06T21:27:06.835088029736Z"
        },
        {
            "author": {
                "bio": "J",
                "email": "𡧕.\u0019y.󵏑􊆢A\u0013󼀫.\u000fY;",
                "following": false,
                "image": "6􅚁.t􄫭NG㓊J\u0010r𣴱FE\u0019",
                "username": "k(%L󶀺󹵠\u0003}a](u\u0013􋔪"
            },
            "body": "󽎍P }\u0013􍠌\u0001D\u000e\u0004󱡢ꁆYr\u000f\u0016U\u0017\u0005%3\u0002858{\u0018-􆝤{",
            "createdAt": "1864-04-21T05:45:38.809755487749Z",
            "id": "00007490-0000-6599-0000-2f6600002169",
            "updatedAt": "1864-05-01T11:13:52.263028797344Z"
        },
        {
            "author": {
                "bio": "J",
                "email": "",
                "following": false,
                "image": "S𪂭\u000f\u000cD෪_+R󿙟2",
                "username": "\u00129S\"*e$;>I"
            },
            "body": "\u000f;[󻂐J5/𗗡q3鐅#2*Y𤪃\u0004\u000b\u0005\u0006_󷇘\u0013𦌊𭰿G𰔠W",
            "createdAt": "1864-04-26T21:47:06.701638698854Z",
            "id": "00004cb6-0000-6c1b-0000-4771000005e1",
            "updatedAt": "1864-04-14T05:11:15.435259537378Z"
        },
        {
            "author": {
                "bio": "箋𤭹󶫱R𩴥%F-H\u0015􁲓^w킞\u0011\u001a_",
                "email": ":􃫆𤙩%y\u0000\u0010V\u0019􁆍\u0018w!\u0002`\u0005JF",
                "following": true,
                "image": "\u001c\u001a\r?\u000eji[@侉a󲌲 \u0012j\u0000榐𬦧󿫡󱸱SD",
                "username": "\u0013𖼻试\u000c7kO\t𑈳;\t󼰑RZ\"\u001ad"
            },
            "body": "",
            "createdAt": "1864-05-26T20:06:57.919081907646Z",
            "id": "00005646-0000-71cc-0000-338b000079bd",
            "updatedAt": "1864-05-29T21:19:41.337629130022Z"
        },
        {
            "author": {
                "bio": "u/W6}jb슉\n􂵻󵣹𬷰n􇞛",
                "email": "}􀹳^o󳱦Cv𗏮\u0006TFX􋐞E|q\u000ed/",
                "following": false,
                "image": "_󽵨𰶿H<",
                "username": "ZC(0{m󼣤潆\u0016𔕃\u001f:\\𪒋𑣩Z럛G9\u0016"
            },
            "body": "󶩧\u0018\r'􂤥𡎛n󺟐󴯪-Fp \u0003",
            "createdAt": "1864-05-05T11:22:46.542963800195Z",
            "id": "000032ad-0000-72da-0000-082e0000737d",
            "updatedAt": "1864-04-15T12:44:50.715173121141Z"
        },
        {
            "author": {
                "bio": "𡺀$0y\u0019𡟩3󺌥𥱯󴩈\u001c󴘷F",
                "email": "Z諅𠪵9䮊\rtX\r\u000c\u000ebY\ry",
                "following": true,
                "image": "􆎜qE\u0003",
                "username": "4k&𖩧Dn\u000ee𝌊Z󸅫/4_\u0002\u0017f,<ᮼu"
            },
            "body": "1k􎖕\r\\C",
            "createdAt": "1864-04-20T15:19:01.211123946312Z",
            "id": "00003e55-0000-2835-0000-36ae00007d58",
            "updatedAt": "1864-05-25T18:27:25.831733561877Z"
        },
        {
            "author": {
                "bio": "Q* \u0015􊼒W󶮇\r",
                "email": "x㧧E􅔤J\u0004\u0007exl\u0006B|-\u0006%𣣤Uo\u0011",
                "following": false,
                "image": "X,󷟴\u001dXv󸨼\u001c^+\u0010w!\u0016`ꆭ{",
                "username": "\u000c@I\u0008K󲋳C^󴮘Oa\u000fzXW\t>𑲜􋴼"
            },
            "body": "o&k⩆쪰:n𩔀Z𫝹/$N_\u001b澩􊊯k􇎅吢\u001cJHR^#",
            "createdAt": "1864-05-01T16:40:52.516847387109Z",
            "id": "00005070-0000-409a-0000-4c26000044e9",
            "updatedAt": "1864-05-03T23:02:40.297878299112Z"
        },
        {
            "author": {
                "bio": "\u001b*\u0003􏥚f)`v?𗖂\u0006𪽑􎹾(I\u001e{󿏌\u000c\u0013\u001c𧯟🙧𢫺_𤾮ᔽg􋏙",
                "email": "𑤿H聘s𣬌𤤉D\n~>gOf\u0002\u0001c\u0018l",
                "following": true,
                "image": "U",
                "username": "\\\u0006|kX@􊦟􌞓gN𡬰J^Ci~𮌾>􎄊􉛞\u001f"
            },
            "body": "j\u0011󶕽\u001c􉚝𤓙󰾖c\u001fz\r",
            "createdAt": "1864-05-07T06:46:18.242534968387Z",
            "id": "000019e8-0000-1bdb-0000-13450000418b",
            "updatedAt": "1864-05-23T11:10:06.848448901648Z"
        }
    ],
    "seed": 463337501
}