{
    "samples": [
        {
            "bio": "KUE􈧣󽱍䳭𦘫;",
            "email": "\u0016\u0005\u0002",
            "image": "&c𧂡\\􂁋9\u001b",
            "token": "󻸿G𠋳ciE}C𩘊\u0000S𮭾󹉽Ih*W􆖭􁩬v𩓞:",
            "username": "u􃣧_lwO𘈷"
        },
        {
            "bio": "p\u001a&􆦺𘰽󳟑𗶥𩈢⽫\"\u0010\u001b\n\u000b`𡓷󼢴]\u000f!",
            "email": "X\u0002",
            "image": "8𪴕h/r𒒞\\\u00121G(%􍳑H\u0008\u001f@S󵌏E'󻊩󼊛mZ𩎢󺄦,􀛯",
            "token": "\u001bh\u00176쵔|\t5{H卽ꬒ󹘏󵼠M[\u001eaMQ𠳋?t<P󲞝\u0018㧯𘞑P",
            "username": "\u001e\u000c>z\u00027*\u000bQ\u001c60Yj]G燵草vB\u0019o"
        },
        {
            "bio": "\u000f6􄫅Q錕􏇦W\u0017b\u0013",
            "email": "⛆󺚌\u001fX𐙕8\u0014\n󺃶\u001c\rh",
            "image": "]B",
            "token": "\u0011󳭹T\u0015\u001d𱂈=I9\u0017Ju􀀄P􉒖\t\u001cc🏸\u0013\r\u0018C",
            "username": "0R\rF􍘽\u0004\u0001\u0004+"
        },
        {
            "bio": "󵪅􁄔MY \\󰳏􂇀D\u000e'𰷒\r\u0010+k􁀷a",
            "email": "=",
            "image": "㌥K",
            "token": "l\u0010Y\u0017󹱄\u000e\u001dYA",
            "username": "d\u000b\u0012o\u0004𰁀`ah\u000e\\􃽚m􌕆zl覦󴇹;\u000eqWc𧖉\u0000𮈠"
        },
        {
            "bio": "",
            "email": "|3C\tlK\u001f󲜚󱀩􃴃",
            "image": "Pt1𡛸u\u0001l\r",
            "token": "\\𬵺\u001c󹘮x􋤞n8w_]􄳮!?\u0013󺒻",
            "username": ""
        },
        {
            "bio": "~􃕎\u0004?\"\u000c󽭑`(%􏱵7#&4s\u0018>\\𐳘􍠞u􋁩U",
            "email": "𠟛\u0018*>=𰴉C.\u000e􏁴3󰹲p",
            "image": "\u0004^\t<CS7𱉘.󿷨$N",
            "token": "_􊺹i󴰫􂾨W0{L",
            "username": "xp]\u0012)좮4k𥈳􁕣\u0005𡃰F\u0018aw\u001e_\n􂄪.-fjWWa󰛘"
        },
        {
            "bio": "􆻽b\u0012󼢒@05\r􅁙􎫠䔼DzD󼚝K𬯓󸘏co󻵭",
            "email": "",
            "image": "󼾻",
            "token": "o\"h-ReT𦑆p﮿蟕􃇐|J\u0011Q󠄠[\u0018\"R􀈑𭰺-礙",
            "username": "&\u0017R`\u001cK\u001a \r#u,瓮N𨦃\u00198􁏲Z󳒹n<\u001a\u0003􃈮ﯹ󰂍E"
        },
        {
            "bio": "􊇤1󾚥𧅧1V",
            "email": "%\u0008䱩탑K𫲃󲃱0/󽩬ꏙ}\u001c",
            "image": "4ij\u0019.𖥿􁝑􀃭C􅘧o􃑧Y[\u000ey_5#\u0013:[\u001fk]𮮏+",
            "token": "M",
            "username": "|⩩0\u0010N彩2잝\"U\\𬰯􌈲\u000cr\u001d\u0006q𣕅p"
        },
        {
            "bio": "\u0011􂆹c􅬟󲯶K𧵱𤏳潡\u0004􉩏e1e󵖂Y󱍠/",
            "email": "\u001dx𝜂F􆆱𥲖fB}&",
            "image": "􉹀󾦿|#쾭Jn\u000f:\u0005(\u000e&\u0014\u000bE1𠪡mv&􉠺􂖊4𬍬q𔘏",
            "token": "\u0015A_\u0004~󳉵F󳦑i \u0011𑒚\u0004\u0013#@zu\u000b\u000fR𢌤O\r\u001d9\u0019>",
            "username": "`\u0002*\u0002\u000eu]\u0010f(\u0013)󲏡"
        },
        {
            "bio": "􎈷W\u0008\u0014(dC􄼋'\"04yi\u00193\u001b\u001afO\u001a\u001b",
            "email": "\u001eHJ􊅀𥷐\u0003t5𤆛Uy\u001b",
            "image": "fi1[v.󻄩鋈N\u0013{UGuvz.𔑄󹂤",
            "token": "",
            "username": "]\u0013"
        },
        {
            "bio": "\r~j\u0003/󽵀",
            "email": "d$QT",
            "image": "\u0017!",
            "token": "s32\u001eY\t\u0017t􀕥𦒾󸝬ay󷪓lhZ1|V\u001cU\u001fo\u001b",
            "username": "봁:\u0006𘓙󶨲F9\u00165"
        },
        {
            "bio": "􆔭\u000bJPw\u001cU\u0015",
            "email": "<\u0006l3}\u0015ID󶐠\u0011",
            "image": "#𝗌􀟌W^%f*vcg\" ",
            "token": "tscF]M찅;\u001d􂩒w󽅽8 󲸇P\u0006E1󰅣&,PB2쩩煅",
            "username": "X𪱬P>>Y\u0003"
        },
        {
            "bio": "\u0011i􋿥}􈛍3\u0011)c\u0013x0!{􃧸\u0002Qe􏂒􌁚eQ7^",
            "email": "\u000cW4z",
            "image": "0_9W~9@5Hl\\$􅿊cRe\"%'C󵖦",
            "token": "]z[ꄆ7BM􁵕\r+漼+xQ衂*𰗯D\u000c",
            "username": ">􈱼옚l#4\u0003󽼛l\u0011^3𗽵\u0008\n\u0017븂\u001b(>^.&\u000f"
        },
        {
            "bio": "󸕽e⻣즪?2􏚂}\u0013\u0013^\u001c褛􉣺𦴥􋠀7𥈨𥑥)􁏷8\u0007Wy3(wc",
            "email": "#ጪ|\u001b𡅱\u0001",
            "image": "J𩗧P9VZ󻻩󳵄\u0010wK)~",
            "token": "V\u0016",
            "username": "󵿬𱃵tE􌏫􅾧\u0010\t"
        },
        {
            "bio": "\u0012.H숞0yNiJJ􋠅E}>\n)~R\u000c\u0019􃓢\u0007\rF",
            "email": "祇JMo*ia\u0002󳱞KM\u0017􊂛\u000f74b5c𤸟\u001c\u000e\t",
            "image": "󽦬x\r\u0010S!>1𐕞Pﲆ\u0017e!>𡳧𗄫!\u001c_~82e{Q%",
            "token": "zN𖥇\u001e뽉􋒸*L\u0014^\\v82w-Q\u0010",
            "username": "z􄾸dw"
        },
        {
            "bio": "S􀯨I^$𤵡\u001a\u000e\u0007|-VvL",
            "email": ".|\u001f9\u000f􈊍TC\u0016\u0004𗞮&JX2\u00076𠤧W􏈔e=\u000f",
            "image": "🚆%}r9𭄍􆛪+",
            "token": "𫝉)􉚊!\u0016淥VI􀿽󳱤t",
            "username": ",󸒚蓋NU5X-cj<-󰒡􀈸t\u0007.􅬎􍒄"
        },
        {
            "bio": "k'󿽝^\"'러󴉴v|\u000f\u0007𪩄\u00029\u0014󾮥=\u0019k\u000c􈢴T",
            "email": "H􉵺\u0006",
            "image": "th(;􊳈Lp𧎎$K󹧙",
            "token": "*l\u00187d",
            "username": "q<\u0007>췑+뺊􂻩\\SW\u000c[r\u0003󼫋=\u0006\"7"
        },
        {
            "bio": "D󹄆zW𩞆\u0017p𝘴^&𡲼\u000c",
            "email": "f^𒊧8.#|7󹴴,󰯷a_`m,∂",
            "image": "[􁋠\u000f󷹼tzmvL\u0001r󽤘\u001e\u001d`\u0019㿾D\r!󲊕(械󶕹R?\u0000𬱯",
            "token": "\u0001l\u001d𒍻nR.󾀢Q,f\u0011=",
            "username": "0󿑴3\u0016󽯔SMu𪺛󶵢\u000c󼥝*AM𩾁\u0012;&|s\u0011%Yz󶋡𤼩\u001b"
        },
        {
            "bio": "l𤇹􊥹殬\\`\u0017+𤗮X\u0008形􏿏􊟸T\u001eRyUk\u0018􈙈",
            "email": "{􋎷/~􀋁j\u0005\u001f󶙡eGk",
            "image": ")C\u0002𰄄𧎥vE􎿵󲞠\u0002\u0007\u0007ZnI􎲞\u001b$<:o$b6\u0005",
            "token": "\u000f\u001f⟶￩Re𦴆dꇿ\u0003\u0004𭬊\u000f\u0006>D𭰳T",
            "username": "X\u0013􋢥NJ"
        },
        {
            "bio": "Pd\u0014.(4\tb7\n,.S\u000e𡖨Z?.𤳯g\u001f\u0011]",
            "email": "𭭎Dy\t&=𪝝F􉤸𒌸)l!𩿩e𠱦R𛇅:쨕\u0019aR󼑬n~Yj",
            "image": "'U􃖺\u0000󱌛B)0𒋟<윹\u001114Z𗥺\u001f`)@})\"o\u0013U\u0011sT",
            "token": "󳤙\u0011\r露m\"󽧇1􀢞\n韁(𫵅\u000b􂶠z",
            "username": "/\u0005u\u0016MH𘜪a"
        },
        {
            "bio": "\u0000.\u0008􎵌w\n𫴜@I􋳻B+J􏭽\u000c.N/愻􌐆0",
            "email": ":@󷺾O\u0010e󶿣",
            "image": "𘦄.(􍑊Fmf\u0001#TKH/t?I\u001e󺄨\u000b&𫺔\tt*c5ibgN",
            "token": "{3=b􃁾8󲫣󹂁W#P𒄩𑃀𝅫𦕂*5cL;M\u0001\u0014􇪃",
            "username": "󿟐\u0017Xw\u000b􃭦🁄\u0011t3\u0015ek𠉆"
        },
        {
            "bio": "\u0011돤󶒆c\u0013\u001c\u000c\u00002􈲏\u000e󳹼C\u0010@$\u0017𪢜Jn\u001c􇈙\u0007􀡸\n!\u001e𑣁",
            "email": "15\r\u0015\u0014\u0014+vc䊯􄶹-𬝊E腺))s\u001ai(",
            "image": "􌽵D^𠅠n?\u001e􈜧𤆩\r",
            "token": "&𥩴\u0016F𗩯a",
            "username": "x[,\u0002𣒿U(0\u0017\u000e\u0007@Z𠗌f𮡩󽜚𐏕k~fi$􀝾4=􌸗"
        },
        {
            "bio": "\u0004\u001f&􀈰󱵥1𤒬U\u0000\n诶\u001a⫤󲪅w􉶥󷳭*Nx",
            "email": "F𮅪󴅕\u0018^G\u0016\\T󺣧U󴼹𣭸lXN牡+\u001d0k􌀎\tI􃍥VmL􇤞",
            "image": "PtE\u0016p>5\t3>>󸴕𣮞T\u00041便M \u001a'\n",
            "token": "璊\\t\u0007\u0016MBxR(O\u0004󷯫\u000f",
            "username": "]􀤫Px\u001e'}4ꍉP󵳒 ;k"
        },
        {
            "bio": "𡣪'<~A-P􄙅h\u000fK9{\u000fj",
            "email": "\u001d9􇓣𫴤􃭿T욠z洢7\u001eE\n",
            "image": "B3𓄰\u0011A\u000f\u0001*ﷆ󼑗]:w󼺨G\u000bf/n\u0016󷻖x\u0018󴹨@<ଚ\u0018􅆞",
            "token": "\u001d8\u0019Ia\u001f󸙐\n&\u00076\u0000𖨏x\u0012",
            "username": "ieQ\u001cB訋\u001c\u0016𥽣z굞ZTLy^􌙤4󵢂U􏠻"
        },
        {
            "bio": "\u0000V􃦂<\\lSKH\u0018^\u00126]YJc=𥮬\"L}5𣻽 \u0013vT􈑓",
            "email": "󽁷\u0005􏮞i􍆶\u001a􈯂M礈\u0006'\u0017m<􂸄8\u0013Z\u001f𭘹oi6",
            "image": ".Y",
            "token": "\u001d𗌡GjN􀝦\u0005m􊋻p",
            "username": "\u0006끆.x>\u0015\"+{!.r8\u0006lO􊮆gR^"
        },
        {
            "bio": ">󴚁I𨜢\u000e\u0005C\\_􄯳%󹮸󽂀T",
            "email": "'Bꏬ˵OU\u001b!?`󹂝󵾘T􀨟𨱣=\u0002hp󽬇􎡏\u0002a.o\u001f\u000b\u000f",
            "image": "3Xꯜ\u001e'1駶U𤝡\u0007󷥘j󱗥OnW9",
            "token": "x\u0016􃹥Qj)󺵬<m\u0017l3jC]C\u000c(󿮾M",
            "username": ")𰊥;2"
        },
        {
            "bio": "=\u000f􂾖XpE)J\u0015󴧷p\n󱓂'𫸵𪜨,vg\u0018\u0000🝳",
            "email": "d]xB딎j#\u0017𣳟tଉ\u00102NMP\u001cQ|\u0006J&\u001b*s|",
            "image": ";y",
            "token": "eT𝦽b\\\u000f󼠷<",
            "username": "n􄊬󼡩-_F􁎚􃖯&)\u0017兂\u000f#U7.頙nh]󵫞"
        },
        {
            "bio": "m=fE\u0003앞`\u0002L\u001d딩条X\u0015mhoWVx𮀨\n[Ym\u0013",
            "email": ",TwM\u0014\u0007$IR{\ro\u000bN&I\u001b\u0013P􊵧􇁮B>8YK󿥬J󱆇|",
            "image": "df\u0015󵝉€|,\u001ed;)󸩩𢿋\u0014v;𤃱R\t",
            "token": "",
            "username": "袮 [\u0002M$}0𢖅dJR󰗛􍦽𰯏C\u0008𫝲xHl^"
        },
        {
            "bio": "K7RR\u000e\u001d\u001c𬶵",
            "email": "\u0002q𐭰ls?",
            "image": "zbg'􎑝󳈠󱨹𨶵",
            "token": "vM9o]TczjH뤲􊣾",
            "username": "􁕞C\u0012뜔W\u0006𦻸\u00182􈊪🟫G\u0015|𤰡R+𪱸󳷿􎌦㖓\u000e\u0007"
        },
        {
            "bio": "󻫯C",
            "email": "VBpf^󲁷䌂𬟥 .Rb\u001fc𥬉\u0006\u001a\\ၶ𰱎\rLbg햃",
            "image": "\u001f󽑅$c\u001f",
            "token": "혬􀼜2*",
            "username": "𐋋\"\u0005n\u0005ੱt,Xꖧ:N?ᙬ􁠪\u000c"
        }
    ],
    "seed": -1685191364
}