{
    "samples": [
        {
            "bio": "FD󸼣_Z_",
            "email": "9\u000c~z\u0000q𑅆󹛸\\(6}b􍖽\u000c(80T䏨*E󺠒O𠗿TJ",
            "following": true,
            "image": "\u000bP\u0002S\u001by6",
            "username": "󼛉\u001b}G\u001d𦐒Z𰉓L􏌼hd.g\u001c󾷽Z~\u000f%\u001aN\u0017X"
        },
        {
            "bio": "􇜭ak-G皞!n\u000c\tD󸻲",
            "email": "q\u001f\u0013(H\u0011󶰹𢊮𩅠𮢬Ap\u0005𢐕",
            "following": true,
            "image": "춇l𧢋\u001fᯄE-X",
            "username": "t\ns\u0002ND+𩴑Rb󴊊"
        },
        {
            "bio": "3'􍬂\u0006𰱾\u001f\u0005|l",
            "email": "hYU􁊀\u000e󶗆@",
            "following": false,
            "image": "\u0002`\u0012B\u0007i𤚼\u0003IY󷍴𐦙^59\u0010𨀽M􀷯Y\u000e(i}S􏒦",
            "username": "\rr\u0003{\u001e\u000e1qnD𪙿􉐐􎶩+"
        },
        {
            "bio": "𦰛|\"=wG,\u001e蚔h􊍅0~l\u0006쭄Kk",
            "email": "\u0013`𩅷Ink\u000b!",
            "following": true,
            "image": "d7\u001e@2󰟪Z'\u0006m%\u0001\u0012㈯𨫑>\u0002fTD@<󱢨",
            "username": "󾑱\u0017kTK-󴇥B\t􎁚bC"
        },
        {
            "bio": "L󰶺<\u001cF\u0016𪊛\"!\u001fn\u001f_Lop|M𬑀]􄂔􃋵\u00104;𬍿+",
            "email": "\u000c",
            "following": false,
            "image": "\u0001􋕣-P𓂞pk)6𰩄\u0004󸬒G𦤅󽌀6\u0002Gj(pN=𫗸/𞲀𰮐\u00078\u0005",
            "username": "\u0016􃢿x\u0018"
        },
        {
            "bio": "\u001fgh\u001e􃭉鯣m\u001b",
            "email": "􄧧鱗\u001eGjBI+8\u0004𪛝Wyr2Z\"s7\u001b\u00189/\u001b}L~\u001b",
            "following": true,
            "image": "Ty󴠋\u0017峷YW",
            "username": "\u0001^\u000eA-pW󸸅>\u0004_\u001a\\\u0018\u0001\u0012\u0006􂃝󾉎G쇏\u0012"
        },
        {
            "bio": "⤉z𬗓􏉧+|ff􅨸ed\u001cn\u001d\u00121te",
            "email": "9((<\u0007􋥽芺fBud5o\u001e'tg:󵒜𝑽\u000b'd\u0019",
            "following": true,
            "image": "󶷕''VomU\u0002H􉚱C \t𝃆뀇n\u0008\n\u0012L",
            "username": "}>\u001b\u0003󾛫s嗰󱯚𢻟"
        },
        {
            "bio": "g~bX2󼳠J[i󼢱\u0005B%'𐊦2/0}󷺬䣵f&F8𛋗87",
            "email": "􁧸\t\u00062\u0014qD+q𗈊\nW>􀮯6'\\⏔\u0013􌷡~𗹭",
            "following": false,
            "image": "\u0000􆒃썬闽\"4𠱔𨎂\t󱐠􊴶F5\u0007\u001a",
            "username": "jD\u00071\u0015"
        },
        {
            "bio": "?v1\u0001\u000f;e?l􂽳z󶼹I\u000fꓽ-\u000e薆c\u0005E\u0008\u0002\u0016\n>􊯴_\nf",
            "email": "󶯟",
            "following": false,
            "image": "e󶁏;4e\u0017Fd殥􌸑-N𠳩\u0017y?o3b\u0016)",
            "username": "\"*\u000b𰤎1\\^P(|&d,\u001d\u0012L00􇈔9飩sRj\u0014"
        },
        {
            "bio": "󶐴<󶐉螤􇑰yz",
            "email": "\u0018-𣿥\"🛎\u0014󲼔{@\u0004󴈆􆵺.\u001d𥙆\u001dda\u0016㨙PE듈􆜌\u0013U",
            "following": false,
            "image": "$G栚q𤱭\u0005󰋽#r)\u00193𠍸𗣓c\u0011􍒤%>􎽫\u0002k􅌍󰾲",
            "username": "bbd\nu3\u0011Rzpo󽊚"
        },
        {
            "bio": "䡶[0",
            "email": "Xj\u00119𭫲W𥐝\u0012f",
            "following": true,
            "image": "猕5i3",
            "username": "􀐌)\u0017"
        },
        {
            "bio": "A}@\u000e9z\u0008",
            "email": "Vi􍩼ﯽM",
            "following": false,
            "image": "wdkpU",
            "username": "󶈴􃩀be􇊪n}B춴T\u001c𐋧Gr*\u0001n𥦞\"j-hg3X-jI"
        },
        {
            "bio": "B䍧\u001fS𭥖\u0019:[l'\u001aD㊽㶸M􇃹􋀐󼏍R츦􌽣\u001a\u0000#T",
            "email": "櫭𪏃qX>𧏶\u0016<9\u0008M\t\u0000S󻆐\u001d󺩐&\u0018g\u0006\u0014P善k\u001a#𨆚d7",
            "following": false,
            "image": "c",
            "username": ":\u0005Ul𐺥\r\u0001\r\u0010𥗥#􎑽\u0017\u00112𦤀"
        },
        {
            "bio": "W𡖣𤉁?.􎁚𒒠\u0004AᚬWM􉚔y|l􉀰",
            "email": "u\u0004O^\u0013\"u`󽹀𪻧Yᦌd𭷱編=",
            "following": false,
            "image": "\u001d\"뎚𨈦\u0015*# )Z㦜㞖lf_Dn𗆷",
            "username": "IO𡹽y󻿋5l\u0005\u000bNS\u0019今𤫒􂓦𠬆P\u0005"
        },
        {
            "bio": "\u001f\u0008K󽔿1A;望y𗵁ꙇ󺏼L\u0002ḰQ␊\u0014",
            "email": "\u000f)昘~9󾢶e4%Z`d\t]󸿯EᲜ毉J\"𤞯",
            "following": true,
            "image": "4𭺞󴝄𗘘:\u0004",
            "username": "=)𢸱Qgv7\u0014W\u0000kuf𭛨b`{\u0010#\u0012"
        },
        {
            "bio": "X𡔡𛉃?\u0015r􆛩b󷏁D",
            "email": "偔",
            "following": true,
            "image": "p#󳢙𞣉T􂙡𨐶D]􉤃􁺱!󶿝K\u001a?'\tQj\u0008\u0006𣧨󳵑",
            "username": "󿮐5h+E\u001f\u0017\u0016\u001d\u0002􉠃\t\u001a􊢃$󴵷c􎟀*r\u0012"
        },
        {
            "bio": "GG갧|𔕅-k}'cRk􅳹",
            "email": "\u000evCU􋊦\u001e~!?728\"\u001d#",
            "following": true,
            "image": "H?I'^\u0001W\u0013𰅌\u0001\u0007t6",
            "username": "\u000fs\t:R*䐲,o\u001b貙U\u000ff0𥪹\tJI"
        },
        {
            "bio": "U\"U㧈@󺝜\r,𩦼#􏜝\u001b󱼄1穤8\u001c\u0011𡷧\u000e\u0017􊖍\u0013 ",
            "email": "f",
            "following": true,
            "image": "",
            "username": "􂒮"
        },
        {
            "bio": "Ci㗝~b|𤻸",
            "email": "\\Ry𧧢\u0019'󵚔-F\u000e\u000bvZ$󼴫\u0014s\u001cM\u000e􈨧.",
            "following": false,
            "image": "\"P󱥚Zj2\u0017𤌱𠱘_\u0008wd\u001c$|󼈵\u0018_t#P𤒹C􁥊)",
            "username": "ኦnQ$,󶍷󱂇\n\u001bA󴮁曠󿕛-7(O'"
        },
        {
            "bio": "􄬫􇸹Q\u0018}vS0t𘅰}x𗢻𤤓R𗺞s󲠌[`n\u000f𥙩􆦧j",
            "email": "𐴎x􅂧\"􁔾EJSZ\u001307Y􀑿",
            "following": true,
            "image": "𣻝𦨞𪝷INh;譫",
            "username": "U\n"
        },
        {
            "bio": "}v􋊾J=Hx\u0019\u0003y=󸌮4Jq",
            "email": "\u0002썾\u0005\"&",
            "following": true,
            "image": "\u0008ᥤ\u0017Ap7_'􂈧",
            "username": "z\u0015\u001a)\u001e\u0000m􂬅󵸒􎢡q󳯻𠅊|!X\u0005\\𢣭ef7(J$"
        },
        {
            "bio": "*\u0000\u0003J[𪦆\"\u001c\r\u0008+􈰊\u001cLK\u0012󴫋驢𠺓4ks\u001f",
            "email": "ହ\u0013h;p;\u0001勬0𪽉Ds󳾔Zl\u001cၱ\u0012]\u0015&W;",
            "following": false,
            "image": "h𞠥I\u0005\u0011\u0004𩬲zsb\u0012G/\"𓂻$\n=5X􋆯𪎄h0\u0000",
            "username": "􏞸%&?Gj潅x,Zu󸧪\u000f}\u001e癑\u0019=\u0008"
        },
        {
            "bio": "Q\u0008\u0019cN\"Sb:\u0015\u0006𰁠󻈜\tT\u0005y􏋜",
            "email": "􂚽\u0000=3𠃊n󿶏d=\u0013om𗗢\u001a@\u0002S\\{VvC􈄲􎽋𭓾",
            "following": true,
            "image": "\u000b宥gB􃜮O-\u000c",
            "username": ""
        },
        {
            "bio": "Rr\u001f堞C𣯺\u0001𬏼ﾆ}_w\u0017Gp󺠃\u000c\u0012",
            "email": "eL",
            "following": false,
            "image": "a$\u0001K\u0004󽴋􂛰0𓋮\u00008a\u0003%i\u0008􅳣o\u0007\\oc󸥢!치.",
            "username": "s𘮝󻪫$5\u0007"
        },
        {
            "bio": "H8Z..\u001f𧭭Ci\"\u0008󼢳",
            "email": "}𢷤\u0016c⡰pA󼇲'Z\u0011🕷<PB𑃦C𢱢_\u000f𐇗AU",
            "following": false,
            "image": ";\u000f\u000cWK]힉v5\u0014k",
            "username": "􇉇8(5V𦶪9Q<󸂭󴘊,A󰝹*Ht𧑶\u0010\u0003-"
        },
        {
            "bio": "I]I#^w\u0005\u0002􊝙\"\u0014𫖋D🄠[y􄁋\u001fQ!Q𡨕o󸅟\u001fEwMr",
            "email": "2\u0001uR\u0016匉HJ󱮖U󱷪\u001a}麖;#I*\u0006",
            "following": false,
            "image": "􂾄\u0012𬕅7H;𬍌K \u0011?\u001b\u0000􎧫{u󸪶'q",
            "username": "H\u0014W}󲈋R+W\u0004}>}Y8󽷆'A􁨛𝠏\u000fx"
        },
        {
            "bio": "~𧨒𫬟淐7\u0002Xfu󿂍\u001dޖ9O4J\u0005",
            "email": "2\\\u001dQ跈q󾇎E",
            "following": true,
            "image": "1𘨢`\u0012󽩩􆩽􄩀,Oꄇ=\u0007",
            "username": "􀘲s\u001cRc<Na\u0006󱵿􅣍u宆\u0002G\n󿗿NE"
        },
        {
            "bio": "NIfv\u0014ujF,/W\u0001i$\u000c\u001e",
            "email": "1\u0019>Fi|u\n􍔚\u0014+\u0002TT[\n\u00052\u0004,\u0011$􍑎\u0019",
            "following": false,
            "image": "6l􍮍 _𥺃:\u0012\u0017􄟉q\",\\\"\u000b𢫌s}毕􉇯`~dh",
            "username": ""
        },
        {
            "bio": "",
            "email": "K􂦛!\u001d𰼷M9",
            "following": false,
            "image": "𭓝UtF&4&𠎶(",
            "username": "h{NsWlQ󽍡󵌌𤥪X.@x𪆨C\u0016`xpQU@"
        },
        {
            "bio": "_9𧅅\u001d~b8𥅜",
            "email": "\tS'T\"\n4<",
            "following": false,
            "image": "𤔯P[𮖩);ぃs;𑤵\u001c\u0008\u000f샫벭74\"-!x",
            "username": "𭛮?q"
        }
    ],
    "seed": 1909977833
}