{
    "samples": [
        {
            "bio": "F􋶧􂴩\u00177q𪝩\u0018󷬩\u0004\u0011",
            "email": "\\R%\u0007d𪿯)+\u001c󿖙",
            "image": "圂\u0000u󹸌n\u000b𠒬H/\n\u0004\u0000k",
            "username": "〯𮃭\u000eWO>􌎃["
        },
        {
            "bio": "𘏒B&j .j$󼚪\u0004잶aK&\u001e\nx+𫌫\u0016,j\u001b\u0019qQv",
            "email": "v=\u0016b蝚\u0002􏒝𝜎6𑂾<\u0005n",
            "image": "ekS%q󰹓\u0003",
            "username": "\t[ ?&3"
        },
        {
            "bio": "-w+𰣖8(\u0004\\",
            "email": "e\t󴑱1",
            "image": "9?􋓅MaNf\u0018k!c𠿯B",
            "username": ""
        },
        {
            "bio": "6<#\u000ea\u0010l𗊠P鎺B󷼆𣠓~|􃜖󳊺F\\P􏇻𤢢ূ9'\u000ew]",
            "email": "288ebW⹌\u0007󲿤,399伳\";cuI\u000en\u0003\"=A󳼼􋓜m^B",
            "image": "C\u0006둰𮑶U\u000e:k䏮+\u0004_G𨦓\tJ\"",
            "username": "|y\u0010\u0000\u001c\u0016+y|(𭉧\u000e"
        },
        {
            "bio": "H\u0002V𗫸𧍰n㘬y𡪭@}\u001b",
            "email": "\\\u0017",
            "image": "q\u001dv𑌮n%'h]\\\u0005j!L$Y-𠬝\u001dU",
            "username": "맷𘊌u餫t\u000f\u0004x􊀙𩰄jo8𭂋\u0013PJ"
        },
        {
            "bio": "\u0015?S*\u0002]k#2b𢃦0J$T溚Lj\u000e}[\u001c\u0008bUc|9tf",
            "email": "퐍Ee1l\"\u0018#:",
            "image": "\u0010=󷛙檕I\u0005昱4𗤗礥~󽔫\\'𡶴A!",
            "username": "\u0016𥕑=jD󼦭󼛰"
        },
        {
            "bio": "𬢊f𥹮𣵹sA^𬂥faZ.\u0012a󴟇%a\"4/=",
            "email": "􇬙|S\u0011",
            "image": "wJ\u0010󾪝􄒔D `& \u000c6j\u001d󴎪u{j\u0015󷽐T\u0007\t􍲽􈌶",
            "username": "󸐡󺃾Z<󴾗^<uS!\u0003\tc􆢺-3\u0013j􀋨&\u0013~>$x3􌻷*1"
        },
        {
            "bio": "\u0017.",
            "email": "q寮M4膱",
            "image": "R\u0012",
            "username": "z\u0006𦠈"
        },
        {
            "bio": "w\u0011[zL",
            "email": "[🡓)i\u001a\u0015􌍹𘣌O",
            "image": "J\u0002c\u0017",
            "username": "S󸨶k􏛘w謍U⁦1Hdu􅟏\u001f𘍇"
        },
        {
            "bio": "u<󵀀;lR7𤪛󺈌p뷸􋦭N𦲥5%",
            "email": "K􏯟",
            "image": "􄫞+kRhh$𧶉\u0003ๆ\u000b]",
            "username": "󽀃_nX6y\n8+D\u001f\u00100\u0013𨯩A/0t[\u001b󷮤`􁹡N𢃰\u0000𤞉"
        },
        {
            "bio": "\\PP\u001b[7𩿄rU\u000e\u001a󼊞P i",
            "email": " \u0006m\u0014#RW|뒳􏟔",
            "image": "HFkyz`/|w.X\u0003/{*𡶲E`=\u001f󽙝",
            "username": "6\">Gs巜l\u001a\u001f󲌼ᏱN$U\u001a"
        },
        {
            "bio": "\"s/􈆊I)~\u0012s󹧴 \u0005:}1%6󲍣\n\t\u0001[T\u0010\u0010⾀兔h",
            "email": "G",
            "image": "\u0015|ኾṷ㟱~tz\u001f󵒋+󸄽􇰁~s>*{\u00151!^n𬫺",
            "username": "6\u0016󷅋l󴱱텪J-R.!#〃ne"
        },
        {
            "bio": "5)p",
            "email": ":󲗖/\u00133Y=x󹌴",
            "image": "𤋨\\\u0018\u0019o",
            "username": "𧶁𭏼􌎯)󴤆'𤳐%#\u0015dNU&$\"dP\u0008`𩄊\r\u0016!"
        },
        {
            "bio": "􅕉sX󻯩s𝗪S7쪩lgPZOn2 0MoH\u0016\u0013󾈲",
            "email": "𥢦QM\"E^\u001a{\u001b,8􄾜􎵋P󹆝_B",
            "image": "\u000f",
            "username": "𪜁n􃼇\u0018tI􉄌|h01󲯪j2􇏢0\u000e\u0003M𤎁Z}N􍖔\u0002"
        },
        {
            "bio": "\u0007쾑𡁼󹭮􅁅$+;",
            "email": "|x󵟙",
            "image": "cw2􇋾W8IE{sOM悩P󿀒󵀲q\u0002\u0018^􍐅kSr9La\u001dNB",
            "username": "=s"
        },
        {
            "bio": "p2\u0016\u0013\u000cJ]|]p􌖥'UP",
            "email": "4\u001a􅆲eA[Y\u0002𫸅CMSb\u001d'􃗼hNy𠤅mL핇\u001e",
            "image": "d맑\nq􎗓\ta3󳙝m'*2\u0002Q |E;U",
            "username": " 𤷊􉱷􆇛0}D􊒣Sv?@\u0005|f\u000by`벢V𰷧g"
        },
        {
            "bio": "]覡:TH\u0015'\u0012Ά~Mzl𰅋􆇋\u0014L'6F5",
            "email": "\t'J\r!7T\u001d🚶\u0018c􂏣A+x'm𐜘\u001d6&",
            "image": "{U⦃\u0004\u0018󲂣\u0010dt*",
            "username": "7䊆"
        },
        {
            "bio": "\u0012󼌣K􍏯f>\u0001\u0012鋂앙􄘢Y\"*",
            "email": "𪪈V獕󹇼𰑭ﺹ􊺂",
            "image": "^>-\u000f",
            "username": "i2B\u0011GUᲵU6"
        },
        {
            "bio": "?󿇩󹆇n\u00150𢀢ᜈ-4u\u0019@q\u0012􉀵",
            "email": "b",
            "image": "R\u0015bpUTM-H쨺x𘪩󻅧1\u00012r",
            "username": ""
        },
        {
            "bio": "􃙢㗙{𝥦,\u0004􅹢sRr3\u001b~ *'🡅8\u000c𥾜WI",
            "email": "\u0002_󻅶",
            "image": "𖮈M᪥0u𫭩ᨆ(\u0002\u000f􇫨}𧺠ኒ\u0010@'R:k􊔋",
            "username": "𣧛u1xb欥NP\u0016\u0016𣵔\""
        },
        {
            "bio": "\u000bIy􈁪􄨝𝀽\u0019Or~ꃥ󾤼oJU+\u000b􌗳𑫮\\f\u000bC%\u0012𠯡,_",
            "email": "w灾Ny=2jwc𦀬;#\nU/S",
            "image": "TR",
            "username": ""
        },
        {
            "bio": "󰀧F7\n􃪍𨒧{<1󸄛􏡢훓H\u0006\"()􄃷󵦜",
            "email": "󳗓􉴳xu𢂁\u001fo2",
            "image": "\u0017pb.꽜a􋑩{\u0012𠟌",
            "username": "퉛dRB\u001f,'[\r7󺤚eZ􅊅\u000ei𐭀󺰏94"
        },
        {
            "bio": "P\u0018[\u000f2􌆼tL딦c𑨄F𫂷k",
            "email": "󿨖\u001e󹏹遞?^",
            "image": "\n)8\u0008𰆱🇭၄\u0019d+9ᮧR\u0018/\u001b&\u001c",
            "username": "[}𑪍"
        },
        {
            "bio": "(c$LF\u001e\u0016Gr~#3\u001c%&",
            "email": "A􃍾𨒁,%&L于=b\u0018𮏔[(BDk*+\"",
            "image": "㆟(`\n𰝄\u0014\u0004h\u000b[1(",
            "username": "z=󱸪𩏾\u0008\u0014\u0015I\u0015賊\u000b#8\u001fT󻺐꺯\u0004\u0006"
        },
        {
            "bio": ",𧭵\u0010\u001eH6+#㹫𮀱",
            "email": "%\u0013\"\u0017<FZ𢫗𘂂崃`𗌲􈇗?\u001f\"\u001fi\u001a􅷾r2&e\u0001\"",
            "image": "RuB\u0014𝥦\u0006l君\u0001NB\u001f",
            "username": "􇀇v\u0002j􍋙!閵󴫍.\u001cꭦ𢆒"
        },
        {
            "bio": ",f\u0003)􈄣𐐚N󱓜I-nV\u000fj\u001f_>n\red􆦛Cm\n~􇰶",
            "email": "QG\u00084\u000e\u0019\u0011\t𭢳🨵C\u001c蝀􏑊GYjTa󻬑\u000fy\u001e\u000e\u001ft",
            "image": "}|\u0019􊸀얚",
            "username": "𪿕\u001a}wY\u000b􃕬R_'􋪢,\u0012A?\u0004g\\\u0005*\n􂧂\u0001"
        },
        {
            "bio": "\u0014+TO눿𗎮HG8\u001d􆻻\u0016^􃱊\rV󾫫\u001a􁊋[\u0001\u000e\u001b瞙m'",
            "email": "bBg[8󳧛\u001bz:𑿈𫪼IX􂒆\u0010@\u000e𡬯;\t#2􉰼󼀛",
            "image": "覔1⋲(",
            "username": "R.dD\u0016\u0010\u001f}q𛆸`H.qxm\u000f󽩙!􈙰\u0005$\u0006󶬶+} ^0="
        },
        {
            "bio": "O R]󳑃}jw6LKn𧻠",
            "email": "6\u0000弇J\u000ec",
            "image": "𪙳\u0018\u000b\r'\u0002OCe􌠵>Y\u0004𡧆拰v􍒯",
            "username": "\u0008\u00149𧎢💫R?BLVJ4?~.\u0016z\u0000o\u0019\n7􉫛"
        },
        {
            "bio": "1\u0007M댖#\u001fd\"<𨻸;4􎣬:5󿾣\u0012󰷖gl𗋨\u000eZH\u0018\u001fx𮕮W",
            "email": "󱉸H󶋷𭷃kW:Mix",
            "image": "Kh\t\u00125",
            "username": "D[hA\u001d6|E\u0008gㄳw*e󿑅jZg^JW\u0008􀴄"
        },
        {
            "bio": "􆏓I\u001b-<󳟧\u001f𘣧\u0011󷽏􆺀Z\r𘰉?x𤅚a蜬󾰝=h",
            "email": "\tu􌘌D𠊪'􋞒,\u001fM",
            "image": "5",
            "username": "\u0014\u0015𦮮𢦁\u0002"
        }
    ],
    "seed": -561073384
}