{
    "samples": [
        {
            "author": "\u0003󹉪􈖆𑘞󰼭\u0000T\u0016󶃆r\u0013",
            "body": "󺸇5?*􃒃\"r",
            "createdAt": "1864-06-02T11:01:14.842056340603Z",
            "description": "s2nRDU_V\u0010\u000e$󵬐\u001aI\u0015󹿩",
            "title": "(ጒ.uEx.x\u0014K",
            "updatedAt": "1864-04-22T06:11:18.315787681112Z"
        },
        {
            "author": "2NmX\u0004tv6",
            "body": "^U(𬙼'",
            "createdAt": "1864-05-25T02:10:48.557820590911Z",
            "description": "\u000c",
            "title": "FL$!>clGf𦄡􂇾|𰅫󿸄\u000cpa􅤊匔󹒵􋧉P=",
            "updatedAt": "1864-05-17T16:01:51.09933007248Z"
        },
        {
            "author": "􎛅G􂙒\u0008f",
            "body": "􊚶4\u000c*\u0002t􎭮󽼷𮞏\u0004E\u0011Ns La5lqH#􉂥o",
            "createdAt": "1864-05-09T09:12:57.928940577345Z",
            "description": "<[\u001e..<6N.1󽛩Qbd|CN",
            "title": "i",
            "updatedAt": "1864-05-31T17:12:32.306226477179Z"
        },
        {
            "author": "􋜒𐼹cK\u000f\u000f󾡕qI𭢫Z3Q0󽑸M<N)-\u0011",
            "body": "􁠌I𓊜\u0016:\u0013\u000c`\"\u001e\u001f펖􏌮A!I",
            "createdAt": "1864-04-26T06:43:48.887366017017Z",
            "description": "𭲻}cY\u0011",
            "title": "􍵉,t􋞵􉲏Z􄱠,\u0013\u0018Cr|0(#􏥐R{_U3M`\u0016𗦑\t\u0012",
            "updatedAt": "1864-04-13T02:19:33.70797976948Z"
        },
        {
            "author": "vWM3",
            "body": "\u0007\u0002I􅹧큂󸱺9荂G🎛0\u0017}ᇿ4\u0007",
            "createdAt": "1864-04-27T17:22:43.44841589019Z",
            "description": "赹󿐑\u001b\"i󼚢9<",
            "title": "{-Yh><𮄦􉮊VZ􄳲`􎸴㕃\u0015dne",
            "updatedAt": "1864-04-30T16:29:39.229548943585Z"
        },
        {
            "author": "\u000c]XF:𣧊X􅢜\u0012󿫯\u000f>\"\u0013a?!\\0e𒓕\u000f]􌝨a􋚝🪆<𪵛W",
            "body": "qr󶞪Ys𭺫|􄕕󶴻\u001b ~X𬍂c䈀)󲵡?+",
            "createdAt": "1864-05-06T22:31:09.572260528788Z",
            "description": "𢍡\t\u001cA~>\\􊝱𩋋\u0016󿖁欎,zHdp忛𐨅􃅒s󻈃5",
            "title": "\u001aa",
            "updatedAt": "1864-04-22T17:49:19.011042099766Z"
        },
        {
            "author": "w\u001f佰+W\t|󰉬5𪟕\u001cNﲪ󼆣G􎅤𢱎𩻧(\u0018z\u0003^3\u0013_A𖽉",
            "body": "`􄜃_𦞓^\u0010\u0019󰆙#",
            "createdAt": "1864-05-21T05:31:31.606386315848Z",
            "description": "􃝁2R8 ]l_S\u0008\u0011J𨜛",
            "title": "\u0005𣲇E",
            "updatedAt": "1864-05-27T15:35:38.001982825968Z"
        },
        {
            "author": "{P9'y󴥟J7?\u0010,x\u0010D\u001eN;\u0002賽\u0006",
            "body": "\u001c𔔸",
            "createdAt": "1864-05-18T20:15:26.090101598019Z",
            "description": "I𨵨_y🫔󺺼A%􅃺\u001c\u0004黶!TH\u0006n<PB)",
            "title": "\u001f`{@𪄾𤴥󿩛jEG\u0000󴘐몸nM𨝦\u001e\u001cZ𩀘3yg%v\n\u0001\r\u0018",
            "updatedAt": "1864-05-22T15:05:33.562303434286Z"
        },
        {
            "author": "嶇.6f𝅇o􎛥EW盟 =󾘰-m%@=-􏜯s 6􇲃󶉘𨪹mﬣt",
            "body": "pBₑ8",
            "createdAt": "1864-04-19T20:29:36.044368544127Z",
            "description": "󶭾z\r~za􅌿\n􋸯9n\u0015nH𱂠",
            "title": "\u0005=@7O\u001b_\u0006\tEwU,j",
            "updatedAt": "1864-04-27T18:43:22.700639064656Z"
        },
        {
            "author": "ᤍAo􌴂+n\u0008𮆴-\u0018\n\u0003\u001c󵑈􈾊a",
            "body": "hm\nY𩋫\u0003x胁𣲷\u0013'^Y\u0004󹬻\u00114~6;Y6󲘷齦%M\u000f",
            "createdAt": "1864-05-08T14:24:54.466287028772Z",
            "description": "󸍄[&\r \u0006e\u000fO$T",
            "title": "\u0000𠋾2􏒙%'🀣rW\nU>",
            "updatedAt": "1864-05-24T15:35:03.672465488343Z"
        },
        {
            "author": "J𤁏=􊅀\u0010k\u0012ba\u001c􃭤\u001fdJ]_7V\r\u001fH䊳dV𭒦𢐇",
            "body": "\u001e𘧟󶞦\u001d󺢐􎂌@\u000c􏑝\nGW󻩅\u0010\u0003\r",
            "createdAt": "1864-05-08T12:33:17.276868703876Z",
            "description": "􇉭U󲔹\\",
            "title": "",
            "updatedAt": "1864-04-30T14:26:19.159539620428Z"
        },
        {
            "author": "\u0016碑\u0011嫡#w뚔\u0004;\u0006",
            "body": "\u001a𨿵\u0017v<󹡂T􈬈䕣\u000cx􌧶D𩒝&\u0000󼟷\u0016D[",
            "createdAt": "1864-05-27T00:41:19.704332077183Z",
            "description": "\u0014𮤴%􉝕",
            "title": "-dn􇹛T9\u0005L𝂳Fi𰣫-\u0006(",
            "updatedAt": "1864-06-05T11:03:37.110071634298Z"
        },
        {
            "author": "Y\u0013󵖮k\u0014 󴠿𢄍Ma􋴴R𦨾􉉺\u000b@O#\u0013xN󲛃oo",
            "body": "]sK󹒼=\u0006",
            "createdAt": "1864-05-09T19:50:25.347565033778Z",
            "description": ".4Zr.􍽊!R,",
            "title": "\u000bn\\9󷤮P\u0014\u001a\u0001㍲`",
            "updatedAt": "1864-05-14T19:59:52.39615249091Z"
        },
        {
            "author": "􇼊=$_oࣺSꆿ",
            "body": "#\u0014bw\u0011\u0006z",
            "createdAt": "1864-05-03T10:40:51.534674029469Z",
            "description": "􋒐\u0006􌃇󷒊;뎵\u0002𤙿@Ȳ𪞁􊚷SZ78\u00079*(i🧙$rI3}s\u000cN",
            "title": "]s󸟏􄩕<",
            "updatedAt": "1864-05-31T05:06:15.425086391212Z"
        },
        {
            "author": "G\u0000",
            "body": "X4#?䳍g\u0014&𧠱/h砑ƅ\u000eI)Spg+v",
            "createdAt": "1864-05-31T22:50:41.72317398354Z",
            "description": "𰀫?H\u00107🢙󿂯\u0002𖦯𝓶𦻢",
            "title": "|(\u0004𰁏𢾧r2?㯴\u0010\u0018󿏗\u0018R􇵰󺘺󷸹\u001e􏤅\u0010s쬍",
            "updatedAt": "1864-06-06T13:52:30.166692284183Z"
        },
        {
            "author": "Q󺇧w􎃢𑁡2􌞂Y2",
            "body": ":\u001f\u001exn0Q\u0011g\u00170􁘶G>-!\u000f",
            "createdAt": "1864-04-13T16:39:21.96296398287Z",
            "description": "\t2󹗸)3z\u0015\u0003􈚰gI총)v,\u001e&[r🪛𮭞D\u0014",
            "title": "0c%sc,'@􉍢\u000c󾬤󿤔\u0008T Z􃶻*>\u001b>",
            "updatedAt": "1864-06-01T02:28:37.70311939548Z"
        },
        {
            "author": "Q;𮠭\u0019􍔅4􌽭",
            "body": "􌋊􁑺􇨻Mh",
            "createdAt": "1864-06-06T02:59:47.249903167699Z",
            "description": "<󲶇7𩇳.恁\nx\u0004d垺`^I1",
            "title": "녏\u0008\u001e-",
            "updatedAt": "1864-05-01T18:00:48.477503368085Z"
        },
        {
            "author": "5*\tc9[(𦫲\u001aA􉽦9Z97SỮ\\",
            "body": "󲠑󸔐R􆲸\u001a𰯷q\u0007m",
            "createdAt": "1864-05-05T06:07:01.007181642806Z",
            "description": ".󻵇U\u001a:",
            "title": "\u0002U*B𭓲󶎽f⣻(􊌙3z􂑠쓪𝃜󼉯",
            "updatedAt": "1864-05-07T13:15:24.545540359693Z"
        },
        {
            "author": "*tVJX>𭙬\tB",
            "body": "𬎥{nV_yV𡝴M3e\u000b\u000cD{G;AX",
            "createdAt": "1864-05-01T09:18:17.222459158219Z",
            "description": " '𒇀4C󵼛uF𦥓\u0011@\u0001wr0𔒒*\nF󵟟hn\u001d",
            "title": "a;\u001f'^8\u0011p\u0019W^⻟:\u0004=\u0003^Q",
            "updatedAt": "1864-06-08T10:13:49.1780909777Z"
        },
        {
            "author": "Cv􅊰",
            "body": "%3Z􄽂V",
            "createdAt": "1864-06-02T23:23:08.089332549439Z",
            "description": " 㔋",
            "title": "𰦤9\u0012󸡨𘲗􂂙",
            "updatedAt": "1864-04-24T12:40:54.481692925881Z"
        },
        {
            "author": "4",
            "body": "+󷅳ヰ󼉣$󷻯|/󷮚}􇑅B󶈸`𢱃LZ􊡩𗮔MwQ𢬴/\u001a",
            "createdAt": "1864-05-18T20:44:42.721061532676Z",
            "description": "9𧝍0􁆙􁮌􊺹茞cPE5\u001f𣓻&W\u0000䷗<Y\u0000",
            "title": "漜􋒣(+\\𥠿􆜰F󸨊\u0018sd<kB􄸗Q7)󵴶ni􍘱",
            "updatedAt": "1864-05-03T01:26:19.435858674873Z"
        },
        {
            "author": "􀽐U{U\u000b$\u001d7^𗁇",
            "body": "U􆳟\u0008-oe\u0016\u0007\u0014\u0004:ꖡsCf/𗱷L\u0014Œzi􎞧",
            "createdAt": "1864-05-23T01:13:22.99608749325Z",
            "description": "",
            "title": "0",
            "updatedAt": "1864-04-17T08:16:21.162663265673Z"
        },
        {
            "author": "u\u0004R\u000fUJ@󹴒+𛂊5􀌬\u00148o󴸺ls6",
            "body": "H\u0019(􄁕o",
            "createdAt": "1864-05-16T20:55:52.628315882509Z",
            "description": "\u0018gXE",
            "title": "\u001cV𭂶𢴅\u0012N+xׯ\u0017++WPUv蘰􎓚;*w𥭙B󸚢\u000f",
            "updatedAt": "1864-05-18T16:53:28.762340815475Z"
        },
        {
            "author": "\\\r[玮",
            "body": "􆣙\u001f~n^IC1G𡡳Y\u0011IXjg􁐅\u001d`\u0016",
            "createdAt": "1864-04-16T14:50:24.695431216699Z",
            "description": "\u0001&5B󷰫su\u0004\u0006h~𝙰􂣄d",
            "title": ";am\u0005bn\u0015",
            "updatedAt": "1864-05-31T08:13:56.352215670431Z"
        },
        {
            "author": "U?⠟3",
            "body": "\u0003q:I#",
            "createdAt": "1864-05-15T11:45:33.437445255513Z",
            "description": "/(4𐚪k]",
            "title": "U()󳗗\u0013졦F2",
            "updatedAt": "1864-05-09T01:05:23.670526265601Z"
        },
        {
            "author": "2􀽜\u0015+댉eᏖ#ri\u0005MD䓣",
            "body": "󰓼W㊰K\u000b",
            "createdAt": "1864-04-22T06:22:39.698931304748Z",
            "description": "諩Y9#<:\u0013'WK\u001a aoz6",
            "title": "𫇝S\u0004粏\u0011\u0018^\u001dP䞇y",
            "updatedAt": "1864-06-08T02:04:24.347162727885Z"
        },
        {
            "author": "(.쮋R\u0006[",
            "body": "",
            "createdAt": "1864-04-26T09:14:23.700244620602Z",
            "description": "t𣙛9\u000e3󶨆GMJa~+[0󼛄ҭP\u0006𧛬3𡄪𡮜t𬐝Me󻤩",
            "title": "삹\u0008eT\u000c\u001bS읆RmĵDf󲤢I",
            "updatedAt": "1864-05-07T11:10:44.938800715368Z"
        },
        {
            "author": "",
            "body": "L󴜘4𦢬Pk􎘚K􊡋fA櫐",
            "createdAt": "1864-04-27T01:42:53.210482875793Z",
            "description": "\u0014!1-V\u000c\u001a󹲯𪓔#耫E\u0014T",
            "title": "mbfHb^){\u0007x\u0008;:",
            "updatedAt": "1864-04-10T06:37:08.875899299117Z"
        },
        {
            "author": ">/🗌^󼅠Js\u001c\u000f\"\u0018eqjl3󷷻\u0001v\u0000",
            "body": "\u001al􎰵Eഽ[􋈢􆘓{?<p\u0015Bi󱶂m>)F\u0003ꦦ𫟿",
            "createdAt": "1864-05-01T09:58:04.775130132438Z",
            "description": "w羝󿏀/󹪣𧣹\u0003\u000e}}2/d􉈯\u0013󿣢",
            "title": "\u0019Z",
            "updatedAt": "1864-05-02T14:09:12.747484619969Z"
        },
        {
            "author": "5V\u001f\u0010Bu𨅣J",
            "body": "\u0018𘍝f`\u00028'y\u0008༅\u0019'\u0002\n瞖",
            "createdAt": "1864-05-07T00:55:54.788000717455Z",
            "description": "󶃅~ꂡ\u0018%f{\u000cHd-+􆇖p`\u001e,\u0017>",
            "title": "𥌶8\u00105G󵺷𨳡F=\u001e풸u鷮j󸘬Ub뀙𭴈#^@\u001dEY7:󹳉𨑍]",
            "updatedAt": "1864-05-11T19:48:30.544250938866Z"
        }
    ],
    "seed": -2120944537
}