{
    "samples": [
        {
            "bio": "w󲋌:𭘻`u\tD'V2z\u0017𥎕G\\𰇞􎦡C\u0003:I󲍁q",
            "email": "AZ`",
            "image": "\u0011T",
            "username": "+\u001b*\u001b:\u001c࠱:\u0005\n\u00007\u001f"
        },
        {
            "bio": "4󿭭!ﯩDvL\u0004",
            "email": "1mqf􃬦2P󱞄󳔸Rof<┺@\u001caP\u000f𠜵2",
            "image": "􋻁S󷤹󷝿\u0013",
            "username": "𠴫I󿴜Bj\u0007𢴠𪣝(Aj󻲍p𢎾o!󳿞H󰄗{\u000f𓅼𪽤\u000c䲹"
        },
        {
            "bio": "\u000e-\u0000-􁎓>a\\$W􀔋zD)本Z#n^\u001e\u001e􅄣󽁃2o*F",
            "email": "𦶣t\r8󹹗\u000fI\u001ce:df\u0002𰶫#\u0008㕅VQ_h*P󼽼",
            "image": "\u0000L\r'",
            "username": "\u0010/􉤚\u0011"
        },
        {
            "bio": "/",
            "email": "",
            "image": "7F󸬭\u001b𤱱\u0006\u000c}h\u0019\"􂇲𣅭󳰊𝧻:F􋽻%𣍩={􁃜\u0002Z",
            "username": "/)\u0003MNC[J󼮌"
        },
        {
            "bio": "o􉽌\"f􏑤maXX\u001d\u001e%L𗥉S\u000e1⎼&0",
            "email": "l=󳉣\u0018\u0017쭴SY2",
            "image": ";_O𤺌A",
            "username": "Fs󰮜6\u001f,\u0016*\u001b["
        },
        {
            "bio": "!q}",
            "email": "\\l\u0011\u0004h􍭨\\弗\u001d\u0015",
            "image": "󻒷Z氘􆁅7\u0015\"𪂴N􅋔.Y{sjH\u000b󾽽V􏽔",
            "username": "=𬋨뵣zS\u00026𮩳p󵀋o􋕟9x󳙆MeEH}C󷪛\u0016/"
        },
        {
            "bio": "\u000eq\u0000\u0007Uqi𩏥L\u0018@幑z\u0016\u0016(􃆺-\u001b\u001e>MAC\u0007",
            "email": "𪞄]E!傽\u0001}!1󽎿u^𮌷W􊩨󿑩h\u0008b",
            "image": "󸙳(󿣯aOQ",
            "username": "\u000bG𩴡,b6qe!󾞔D61􍊪~􆟣ry𦤐@瀂8"
        },
        {
            "bio": "{\u0017\u0012\u0000=",
            "email": ")\u0014E;4󷓙.\u001b󸪿<\n=\\\u001d𦋢j􅁥\u0003N\u001cRf~",
            "image": "\u001f􅮸W4{f𤫯X\u0011𝥚i",
            "username": "n􂣴夜\u0008􂲯J𝞝祥􋔮"
        },
        {
            "bio": "䴐",
            "email": "J\u0007𥯚\u0001\u000b\r浤",
            "image": "쥋􄊟a\u000eL\u0004b,𑠟𗯥m",
            "username": "\u0014N"
        },
        {
            "bio": "*cx\t64U\u0008𦓧􊪂z\r 󾆟𡀤6%3O\u000ci􅤂8",
            "email": "󿗁𒁗(E󵌣U$󼃌\u0017󰴑\n\u000b\u001cpzKF\u001b􀚚",
            "image": ")qf\rta󴢬zBY\"󹼞\u001e9iQ꺿IaF\\{B\u001eNU",
            "username": "$Q􍃷^.,9~\r"
        },
        {
            "bio": "[a(",
            "email": "=&-F𧱴vVN@l𥢤\u000f\u0000Rj7g4x\u001f|",
            "image": "}\ti􉑄!'",
            "username": "u\u0019w2𦧡pw\u000cYt\u0008\u0011𭴵S3Z𦸥'𖠵f󹌥jG𪵿]%=􎕱"
        },
        {
            "bio": ")\u000fq􀀃\u0019\u001a㶛𞡆=x\u001e\u0007",
            "email": "(󸍖iK\u0013M{=\u0011㲰\u0014􏱍se;\u000e?:󳤊e",
            "image": "?G\u001c_𨐅󲄋\u0018N",
            "username": "8%􂆨􁾀!\u0000EJ󸭾𑤫f5d\u000f$"
        },
        {
            "bio": "\u001d𤚫󱢡\u0001tS68@d\"",
            "email": "s+?𱌌h\u0001􇏱=𐓓􇲨\u001a4+\u0018G𧰴y",
            "image": "4kS􁞢l𭫙J􏤶Y𮎽s%",
            "username": "Xj]<]\u0017Uu縐􊝭%*H\u000e瑭j𛲃"
        },
        {
            "bio": "TC\u001e􆂫S槶󰝨1󸖼|\u0014𭉡|􏝡'k3",
            "email": "Oe",
            "image": "Z'R𫸋UT\u0004",
            "username": ""
        },
        {
            "bio": "d4\tT\u000bk#󽃦𢷵6",
            "email": "鬤󵁎y",
            "image": "𪃮\u0015",
            "username": "\u001aO\u0011tࢤd#R\u0000󷷥SC󸊓󻾀%􈯃낐𡤚?CT\u00171"
        },
        {
            "bio": "\u001c\u001f\u000f􂸕🯲S4Il(1祠󺼔󽋜-\u000bP",
            "email": "..鱐\u000c􍘎R\u000480:𫏤..8\u0014􆎦",
            "image": "􆫢0󳝆\u0008m\u000f􂁩w\u0011𛁋GHX\\!C}\u0016M􄭺=P\u0017RO\u0018Y6)",
            "username": "\u000f4Sq󷘒Wkj삥􋋀cn^J)t_􏅸J\u0014SH>"
        },
        {
            "bio": "𭈬\\\t󴫋󿀤`\u0017",
            "email": "[󵞴-|",
            "image": "ty\\s8\u0018󲣵𢲳HC󿙻m\tcm멮r𭩳%t/@􊸴",
            "username": "iN>wQ\u0005"
        },
        {
            "bio": "\u0008􁜢桺}]􈆁e✥\u0010)\u0008Wm􍘀~ ?\r",
            "email": "i\u000cIaJ􎉑＄\u0007D𭼹hsfn?𱇌捷𝃤j􉔁/",
            "image": "󼢢9)􅦿o;\u000e\u001a",
            "username": "\\b9_\u001bF1Bm\u000cau<\r'3\u001e\\\r%ic0cB"
        },
        {
            "bio": "a",
            "email": "\u0019􀀞[({iK㫞k\u000bXSI𭚠Hワ\u001f",
            "image": "􅻹!(ATM\u0015K󸊦d􂏲f;􂨮>[S󲔩y\n𮠮*覎n𥒖pg",
            "username": "4zz\t0\u0010$g\u000f𭁦4s=\u001aq\u001c\t,w􆡰𠂓𬿻~t\ta"
        },
        {
            "bio": "a]𩀙{**󿗡l𥿜\u0015[🯅\u001a􆾆a",
            "email": "崽}􈾋\u001b鸢'oD\u00171𬗶\u001b𨞅󹞄8󼈈􂘊2󶱚o\u0001𨿘 B",
            "image": "%\u001d\\8BZ\u0011\u0002h􃭑;煇!^\rx\u001b\u000f",
            "username": "N"
        },
        {
            "bio": "",
            "email": "Uy􉎽g􅗺",
            "image": "\u0007\u0007\u0003(",
            "username": "􆎌Tr㵋Z{P(􉙧𐬇:^􏆿𡃲𦥅\u0017\u0010𢏜Y]\u0016\u001b L\u00057\r"
        },
        {
            "bio": "矀䷰􁶥Q󻽞켆\u0014B",
            "email": "\u0001i9:S[3d].S\\r}0􋦃\u0005D俐;@a/_F*𭏼I\u0016",
            "image": "`t𩊻\\U𡮈sBp",
            "username": "󴉩\u0002󴃼烬GEW鶔"
        },
        {
            "bio": "l\n𩍉F𑘩}􁦀\u001a\u0002{t`\u0018􇲩",
            "email": "𰨍I\u0019O2r󺜍!I捙\u0013t",
            "image": "􍰢􌃥Z\u001fv\"Y1􃯁g֩􇊎\u0010l􀣸\u000e\n1\u0004R\u0001\rA",
            "username": ";\u000f?\u0000𬓿􂷹\u0006y\u0002%5U.)맀"
        },
        {
            "bio": "\u001ah􀧺\u000b󷝵󾗧U[(z\u0005ℎH&\u001f[dGK𭯬",
            "email": "\"󼣏𥕟󺜁\u000bcA󰖳𘁠",
            "image": "pH\u0019𠽣ᄚe\nU􁐘)􌚇𒀍Fh󸰃ꐧ]c\u001bFY𡫍𡓊󴭋.𥞏oH(",
            "username": "󻎌\u000fᴊh\u000e1&^\u0005a4b⇈3"
        },
        {
            "bio": "\u000c\u000b\t󺾵G윳l􅔻𥘁\u0007\u001f𗭔MDw",
            "email": "$()w𮌥􍚚닄\",謈*𒌕g𦬤󱶻\u001c􂒱𩲳[Vt𫆻SB􀩮𩘹\u0015\u000bs",
            "image": "A󿎆𰌌e5\u0006\u0016􀬘RG?.􋘊g썑wQ",
            "username": "𤊝󽞍*􍳞g훌y\u0000ꌙ"
        },
        {
            "bio": "\u0017dv\\\n𨼨\u0012[󶻮韱X,U<r9-󲝛󷚧𐂋𮓐uU",
            "email": "\u001eb8􃧖Q3|:&\u00194y;-E8󵞆y󶞤\u0019gl6󾵍)*\u0018",
            "image": "z0\u0017\u0012M醇<X8\u001c旌D餃&ij\u0003󿋭󸯇ᲭWR🔘𗣅ao4",
            "username": "|"
        },
        {
            "bio": "zG鐹l𠮞WR𤠣YKy⦒黽𰐮%6\u000fl'",
            "email": "􆈨\t:󵟳\u0002f&𧱘",
            "image": "\u000fK-𝓂C\"𰆯W𧹠@u\"Tt+o𣧺\u0012\u0016\u0010",
            "username": "􁨟\u0000󱥽'd%s\u0002􇬼od\u0001􂚰5j\u0017󴚱W#"
        },
        {
            "bio": "\u0005떧4HATt)j󱗴𣻜󺿢.k􆗪𛊪,{",
            "email": "\u0011盈62-󶳚仅,_ອ㣐􉺇]T",
            "image": ",q󿠡\u001bG#i이L𣯄\"G",
            "username": "#\u0019s􇗼\u0004Dq\u0004P\u0004/H$\r\u0015\u0017"
        },
        {
            "bio": "b^➗\u001d􃪯-O􏆩!OfVji",
            "email": "lA\u0000􋀄n5\u000f\u001c>[\u000e\u0006{5􏀦/󵔟\u0017i8\u0002\u0015",
            "image": "0訂Q\u0017t锁{􍲤7|dLsx\u001c/\u001a𞣈",
            "username": "/\u0006|>\u0002󸃠􁓂/𭗭`o\u0004}請\u001d?=P"
        },
        {
            "bio": "~㨽-\u000cBit(",
            "email": "\u0005c󹂼",
            "image": "療󻘦f:Wu󲀥呚\u0010\u000co伃\u00022>9\u0015",
            "username": "Ct:E\u0006\u0003EH$sX\u0016⾰\t` 〦6sS\u0016A󸼶죒w @\u0013"
        }
    ],
    "seed": -1532782113
}