{
    "samples": [
        {
            "author": {
                "bio": "󾵼1",
                "email": "\u0015􅾆^E4\u0019\u001f\u000e",
                "following": true,
                "image": "FoWN\u001a\u001d\u0001𠹠_\u0011\u0014ﳊ쫋",
                "username": "Oo#W_"
            },
            "body": "蝞𤄠\u0015Vq텨ot󼘏mWဂd=EIF)\u0005\u0004󾔚P󽡐",
            "createdAt": "1864-05-23T01:32:13.565473667054Z",
            "id": "000045bd-0000-5eb3-0000-1f6100002159",
            "updatedAt": "1864-05-14T23:45:23.310523065505Z"
        },
        {
            "author": {
                "bio": "D󴅴\u000b\u001e\u00159B2o\u0019'\u0016𖣇𬆘\u001b",
                "email": "a\u000f\u001d\u0010(gb",
                "following": false,
                "image": "&Y\u0002𮃎\u0012 7,󶜰떳l\r=f𒑓\u000fS󵉗RC\u001cP㟥t\u0004v_𒃄䔿",
                "username": "q"
            },
            "body": "㿛\u000bzdM7\\􆕚}S1􊑅%B󿑊,@𤱍✾-\u0010pi",
            "createdAt": "1864-05-15T05:49:31.809506422425Z",
            "id": "00007653-0000-27ef-0000-301f00002c75",
            "updatedAt": "1864-04-29T06:57:45.473471329147Z"
        },
        {
            "author": {
                "bio": "~􄮓\tZ\u001fn\u000fV𮄿3E􀮭:I*􁢳|H\u001d󲑧;󳝸y&􁱩𧙚𗩢P",
                "email": "dy/𰔪)O󺜱U􅝇\u0003󾩣p",
                "following": false,
                "image": "a􅺟qvt*Dq46}\u0014󹘘",
                "username": "Hgw-"
            },
            "body": "ᓒ𥗭\u001cijqI~I𐑴3✕\u000e[\u0014\u0014\u0015@^*\u0004i\u0011􂕹\\{",
            "createdAt": "1864-04-18T08:18:42.865258349669Z",
            "id": "00000e02-0000-4cd6-0000-3c5d000057e5",
            "updatedAt": "1864-05-20T07:22:53.781878903257Z"
        },
        {
            "author": {
                "bio": "\u001a\u0013􌝁[U*.Pa󸼜|N^\u0015;}ZcUǱ􁺛>\u001ai%뗑𥂏􁰡LA",
                "email": "*𗎳\u0003𥮈􋬜\u0018&C􅩼.𑩘\u0015",
                "following": false,
                "image": "o𠈐𤕩꘠=󼯰󼔈",
                "username": "󲆕𪤠𬍔yl\u0019󴡽@"
            },
            "body": "D\u0018`]F󳦚:3𭙴G]\u001f 󽈠􅪥#?\u0003c\u0014꜎ua\u0006I[-𗊧",
            "createdAt": "1864-05-07T23:28:10.327936114117Z",
            "id": "00005c80-0000-7f0f-0000-5e060000236c",
            "updatedAt": "1864-04-16T04:53:15.010264999571Z"
        },
        {
            "author": {
                "bio": "_\u00174𰋺\u0012\u001e􊹺\u0016F]T3𪥉7",
                "email": "\u0000G󿄱Sk1𤝷􍜴􉕲𗇷",
                "following": true,
                "image": "B􅽥%$\u0003g",
                "username": "𪎙y\u0010\u0016\u0000\u000b􂴟𭶇\\鼁禄]𰶥寓o􃶽\u0010>𤞊𰁗􋁎𡄳"
            },
            "body": "Hf6􆥞W\u0012쮍󻄲s\u0003'r\u0011\u0013􋏚\u00003\u0019B𣓛𠢣\"s\u001c􇖺c",
            "createdAt": "1864-04-11T18:39:05.56580168764Z",
            "id": "00002b0c-0000-026b-0000-798500000741",
            "updatedAt": "1864-05-17T11:33:09.783967297829Z"
        },
        {
            "author": {
                "bio": "欦2_\u0019wCK分U𧷴t􃺏#Gu3e𮊪0B\u000e􉞜",
                "email": "\u001a􊆪􅦧𠂔X\u001e\r",
                "following": false,
                "image": "$哣ힸY\u0002󻁮g~9$\u0011D𣀀T&&n\u0019%N0\u0015􊇚+\u0006\u0007",
                "username": "㢢\u0019섒󰢐􉗃S荼\u0013\u001a1􄤩\u0013觻󽭾\"|\u000bO9잚\u0018e\u0007'=𱁷w\u001d"
            },
            "body": "/㘹󷝑C\u0010+\u0018,<&!\u0014wvM􇘪\u0014\u0000󻖕􌁤𥖨",
            "createdAt": "1864-05-11T21:21:13.481549711039Z",
            "id": "0000136f-0000-5ab6-0000-6a47000047d8",
            "updatedAt": "1864-05-03T00:55:09.828835796193Z"
        },
        {
            "author": {
                "bio": "ᬣϥ󺣊\n!lVk>셉A[",
                "email": "\u0017\u0012-3\nVd1\u0002\u000724􈩫\u0018]1#l&ꢃ蟩𬔮􋇍",
                "following": true,
                "image": "J󳼕 -5G\u0015I\u0008􋬾\u000c􍖨UQn7󱗱%󸩳\u000fL􌊍J",
                "username": "?;.\u001b𝧭󽭯\u001f+lK"
            },
            "body": "=^OSjU𥗜a\u001b$u𧎃n𘥖첟",
            "createdAt": "1864-05-30T23:00:51.258505272533Z",
            "id": "00002f4e-0000-21d4-0000-1de300007698",
            "updatedAt": "1864-05-02T02:29:10.059334857125Z"
        },
        {
            "author": {
                "bio": "􄦙\u000b􋄏1a0-\u0008w..u󲅗󼘹tf󷼕6\u000c\u0018k\u000c}aꥍ",
                "email": "\u0007aiw󶦦𢶑_g4>\u000b",
                "following": true,
                "image": "f㣸𝈬ῤ󲃴y'\u000c\\cv,2i4\t􄑀q$,@i",
                "username": "~O+$(6\u0002b,Jr􏮧s2\r-"
            },
            "body": "Xc!y틳@Z>\u0011\u0003\u0016d𠋾􎵙ET鵧y\u001bo0󷅮ᢲ",
            "createdAt": "1864-05-24T13:27:38.846787252048Z",
            "id": "000049b6-0000-3a1e-0000-76de00002974",
            "updatedAt": "1864-06-01T14:23:11.234283909019Z"
        },
        {
            "author": {
                "bio": "",
                "email": "󿵃r𪊻2𰚉𘆛%𓁵a6xbj[\u0007\"",
                "following": false,
                "image": "\u0003-\u0011T4􈚃𝄇XV􍮕𫬀1d\u0018\u0011\u0000␋AdrQ[h+󳣋b:\u001fa󼷔",
                "username": "\u0011{%\n+m`\u000fGS\u0018cBZ"
            },
            "body": "\u000f7\u0017󿢘nO\u0004o",
            "createdAt": "1864-05-05T21:48:02.390264991874Z",
            "id": "00007e09-0000-7a35-0000-360000000111",
            "updatedAt": "1864-06-04T08:31:34.074544311748Z"
        },
        {
            "author": {
                "bio": "",
                "email": "\u0005rg𗎃󵿍wt𰿁Jd",
                "following": false,
                "image": "G3󺻞N;ka\u000cp\u0015h\u000e𨎟󱬠I핣L\u0011",
                "username": "P+󳝽量zp^\u001d𩤹(􇱎G󷦜\u0006桄𥎆"
            },
            "body": "𛊩☭\u0003\u0014\u0017qh𡶳%X󵡀󾆺1m\u000e鍬]tl/kL$>Q",
            "createdAt": "1864-04-12T03:38:41.327831562617Z",
            "id": "00005ae0-0000-2733-0000-33a000001997",
            "updatedAt": "1864-05-05T13:42:31.256855558269Z"
        },
        {
            "author": {
                "bio": "􊏍(\"M~`",
                "email": "\u001f󳚳s\u0004\u000f𫔠u\"᧰6'の𡬖!V",
                "following": false,
                "image": "餺⹈Z\u0002\u001a\u0004f^\u001cvY𨘲--*\u00012\u0019I\n\u000bAy\u0007>U",
                "username": "𢦥mt𨛸H㪁􋉰K󳩡텝\u0001󾜙#B=􉺙𧫬|=\u0019뮩p𦐶4𩱌\u0019n"
            },
            "body": "d",
            "createdAt": "1864-05-18T22:52:59.191523324305Z",
            "id": "00003586-0000-3148-0000-2fe3000036ad",
            "updatedAt": "1864-05-15T12:46:41.509538415164Z"
        },
        {
            "author": {
                "bio": ".O\u00157\"js\u0010?尺(\u001e\u001c($",
                "email": "=b~b𩒦R\nR\u0013",
                "following": false,
                "image": "^U>bB\"-S𩼾",
                "username": "gLJ]IE𣪐B6"
            },
            "body": ".0S􆞸P#cV󵷳b󱣨uk􈽂",
            "createdAt": "1864-04-13T16:52:21.099064069712Z",
            "id": "000011f7-0000-0974-0000-0ae200004a8a",
            "updatedAt": "1864-05-26T12:39:57.86127162729Z"
        },
        {
            "author": {
                "bio": "DJX4I",
                "email": "-#ꢊ􇣣1/𪬱I𡗁𝈏\u0005E\u001a𑖪6າ癘􂵆zw􈞌\u0012t{f𨺫",
                "following": true,
                "image": "􄞅",
                "username": "r:󹶝0dz𨥐}w"
            },
            "body": "",
            "createdAt": "1864-06-05T05:07:57.388915343766Z",
            "id": "00006b63-0000-3640-0000-3776000015e1",
            "updatedAt": "1864-05-01T15:09:31.544534296706Z"
        },
        {
            "author": {
                "bio": "p>S𢶠c?",
                "email": "0􃴔+옕䠑%",
                "following": false,
                "image": "qa\u0011\u000eHi?\u0017(􀉘\u0013󳔹󵫋󴓅󺇡䝢S",
                "username": "󱪠\u0010\u0006~<*~E0𬼤􊜙𣗁"
            },
            "body": " 􀻡)\u0007rb=Lzf󵇩}W\u00020𪕗춏𝪢\u001f\u0001",
            "createdAt": "1864-06-03T11:31:35.314793711426Z",
            "id": "00007f30-0000-6e81-0000-50a600003ebd",
            "updatedAt": "1864-06-01T10:06:53.871153960237Z"
        },
        {
            "author": {
                "bio": "O􂯑T\u0015)\u000f潻\u0010",
                "email": "37u!L𘙱享KTꟿ]!􇣖W\u0019#^\u000b/s\u0008x狨𬸃N魱n:",
                "following": false,
                "image": ";􈮀\t=𫰼󼾋~\u0005`Fx⦣󼇊\u0015:22Z<V󾗜voEr𢈟} 𪆥",
                "username": "/\\}\u0010\u0012\n𡳀.-u\u0012OC􌶛𤣻v܄D-m"
            },
            "body": "<󽌻]\r7^d~\u0011yt{",
            "createdAt": "1864-04-29T12:21:43.677222477585Z",
            "id": "00003f9e-0000-289e-0000-170d00001589",
            "updatedAt": "1864-05-17T19:25:09.531956592385Z"
        },
        {
            "author": {
                "bio": "f\u001d*켷𢭲\u001a𩄡[0𪓗;~",
                "email": "􉙔$\u0003.~󳳯B𫰊󶑀e󴸩K\"_[\u001e wp\u0000{|#",
                "following": true,
                "image": "󰗡\u0010{kAW𡲳PV𫆀􏒓q𬔫\u0007􍽯P[1",
                "username": "A0K\u00172^g􀀼Zse󱪯\u0003􍼔9󻏸􊩥m"
            },
            "body": "𬤊󽟾,WK!\u000b󱭱Y\u001eP\rsF\u000e",
            "createdAt": "1864-05-17T13:49:18.921550620441Z",
            "id": "0000623a-0000-30ae-0000-320b00004394",
            "updatedAt": "1864-04-16T07:12:44.016869884737Z"
        },
        {
            "author": {
                "bio": "^蘗/]GE𬱗鎻\u0008nRF^󲠺􏑲Pu",
                "email": "_3Q\u0003,뢐l𤆖\u001cXi>/X#\u000c\u00154\u0002􃠌p \u0002D@\u0015 E0",
                "following": true,
                "image": "􂌷id:\u00144\u0019R\u0007>𩳮\u0000\"\u0002F1ъ󵏐󺲃\u0005􀥲#",
                "username": "L^𦃑\u0003N꽩𩕆\u0001nJg\u0010wUXTӼ"
            },
            "body": "Q,f\"epl",
            "createdAt": "1864-06-01T01:31:22.412611160087Z",
            "id": "00003384-0000-37d2-0000-022c00006ef5",
            "updatedAt": "1864-05-18T12:25:34.049874007483Z"
        },
        {
            "author": {
                "bio": ",",
                "email": "$}|r<􏑖h#쪦z󼐯󻭊:=C󺚘r+\u0010󿢃t\"H*+\u0016\t",
                "following": false,
                "image": "𰒑B\u001dpN󲦄_𨵟􃒷🜳LOus󲰨󾳢#\tYqepa\u0001Q\u0005m􂅄1",
                "username": "&V󻹡󶓝\u0017[\u0019𐐪:\u0000+\u000bjC5\u0000\u0005󳽕󶕚"
            },
            "body": "7\u0016𥘋󷺲𤠬{𧙧Ӡq?8𐙎w󷭨",
            "createdAt": "1864-04-11T11:28:21.183823561194Z",
            "id": "00001f77-0000-1f62-0000-732500003cd7",
            "updatedAt": "1864-06-01T09:25:45.471757119245Z"
        },
        {
            "author": {
                "bio": "\u0017t󷊍\u001c\\𬪤𧀽.\u00114c\u001cFq󵍐3v󿏫`􂢲\u0011祜\u0013\u001dCBN",
                "email": "vH\u001b꾎祄\u001d=\u0014󻯪0䧀􃔴z",
                "following": true,
                "image": "\u0006u<V󵊖_&\"n",
                "username": "𓊐𦇁mx\u0000KLWiJX\u000e瓁"
            },
            "body": "􁗤u􌦕C\u0018𠲰oO",
            "createdAt": "1864-04-20T07:13:08.539024383033Z",
            "id": "000050c0-0000-4dc9-0000-769600000968",
            "updatedAt": "1864-04-10T03:37:14.897904816361Z"
        },
        {
            "author": {
                "bio": "<7r􀈿",
                "email": "􋡽\"2n\u0006",
                "following": true,
                "image": "d\u0017𧈍\u0010ND\u00077Z\u0012􇔉X\u0006𑴋淡𤬇\\𬊹@",
                "username": "8/0\u0005@u;窛\u001d^\u0014\u0011"
            },
            "body": "g)o\u0007\r󱀟i󲧧3)\u001a\u0014!\u0017􄀛F",
            "createdAt": "1864-06-01T00:29:07.313487397075Z",
            "id": "000038c7-0000-7b09-0000-279f000047df",
            "updatedAt": "1864-05-21T18:05:29.276136637599Z"
        },
        {
            "author": {
                "bio": "􌽠?\u0014T𩵁\u000e{Io勰",
                "email": "j-'",
                "following": false,
                "image": "oe\u0004>tGr􎣝",
                "username": "nA~瓡\u000eYSH\u0007󼔰).9󻝀􉬜곟􌕻\u000e𡘒FT[J𔓄􀁌󱂲r"
            },
            "body": "󶙼G𰚝s241M(\n\u000fWjH𨫻qfꮊ\u0019􇷜O𭕉S𥔟8:\u0002h𦲿\u0002",
            "createdAt": "1864-06-03T14:06:31.389301996961Z",
            "id": "00000abe-0000-2982-0000-64b4000003fe",
            "updatedAt": "1864-05-01T16:42:20.349474671194Z"
        },
        {
            "author": {
                "bio": "I\u000c􃶷\u000b4W\u0014b\u0008㕮|KJ*\t'",
                "email": "=+&4L𑿘",
                "following": false,
                "image": "\u0011YyD\n𧧙l.\\}Hp󷸏o𠡀O􁎶🧰\u001ftCw",
                "username": "󶝡}'叴􂳜}i􄤀Fz\u000b󰊽󾸪󶝨8Hml\u000b\u0005K𦒜⽈\u0010k\u000fW𦚻"
            },
            "body": "a\u0001􋬟~0\u0012󼓉䂤C^󰯢",
            "createdAt": "1864-05-08T12:28:52.640228505355Z",
            "id": "000020c2-0000-07ba-0000-7785000046d2",
            "updatedAt": "1864-04-21T00:48:44.0432050712Z"
        },
        {
            "author": {
                "bio": "𖦊􇋛\u0019a􊴉𔕆6\u000eMxoE\\\u0019W\u0001\\>W",
                "email": "泼􈃌zf􊛌\u0004&nv\u0000)",
                "following": true,
                "image": "qJQ3>T􈃪F𝄊n􁗈!",
                "username": "\u0005\u000b𤢨'E[\u000e󳄣c\u0006B𱄩Urv\u0005rd\u0013e1􇄍"
            },
            "body": "\u0018.b'S-i9;M\"᳸pMf|􏇚ey4{F0x􅼛",
            "createdAt": "1864-04-30T16:08:59.801071091162Z",
            "id": "0000445c-0000-12da-0000-2f7100003251",
            "updatedAt": "1864-04-10T13:14:47.686110831833Z"
        },
        {
            "author": {
                "bio": "b币엮e􏂦𦴴𪮥2􆥶赙r+",
                "email": "c󰅰\u0000\u0005?^CQpz[􍊯3=;\u0005P\\<`Tn󺋺w躋<w\n󹢱",
                "following": false,
                "image": "CjCc\u0011$=&\u0015\t\u001eFV.Lh4\u0000꜇",
                "username": "E"
            },
            "body": "tIa\u0003㟖WC",
            "createdAt": "1864-04-29T11:41:47.022119736815Z",
            "id": "00000d7a-0000-035a-0000-717e00007730",
            "updatedAt": "1864-05-04T13:21:32.202414182705Z"
        },
        {
            "author": {
                "bio": "{ec𨾇\u0010S􌮆ZC󽨂",
                "email": "/C󸍿胖􅮁%U\u0016\u000b\u0005J#\tᬕn􆣘r痄\u0000c󺭥􅲡M\u001a}",
                "following": true,
                "image": "𫲸B毨U𩇑R6&𪧗\u0017󷅘wN",
                "username": "{"
            },
            "body": "n𫮷𡞴\u001d\u000b󽭤\u000c`u.qd􌖸31rO\r􊚡71d",
            "createdAt": "1864-05-22T15:15:33.904798046205Z",
            "id": "0000479d-0000-6891-0000-157600003c67",
            "updatedAt": "1864-06-04T11:11:45.300536408882Z"
        },
        {
            "author": {
                "bio": "􀮁息\u000f",
                "email": "^󽚻@􂈩!+{󾵪\u000c\u0000n+𢤴\u0008􁐠vS菣4G𝠻\u0007󵷣h󻱃􈉺𡤅8yx",
                "following": true,
                "image": "X)𦖤\u001c\u0006+T􎥉\u0011~.H􁾹jp",
                "username": "󺼑󻐰\u0004W]􌘐􂨣\u001a𨑵"
            },
            "body": "\\_C",
            "createdAt": "1864-05-07T14:38:00.832397966434Z",
            "id": "00006a1d-0000-63c0-0000-260a0000072d",
            "updatedAt": "1864-06-04T14:24:34.184081873914Z"
        },
        {
            "author": {
                "bio": "\u000e\u000f3\u0008og\u0006]𬺊ꂬธ\\eL8z𬧷\u001b􋷣O7",
                "email": "\u0013x􊇙UZ\u0004^",
                "following": false,
                "image": "𪪬s忋\u0012􈣥",
                "username": "\u001b"
            },
            "body": "]4K\u0002s;Wo𗰜!󳲡Z1􌩡",
            "createdAt": "1864-05-04T06:10:43.193458123671Z",
            "id": "0000470a-0000-051f-0000-760600001597",
            "updatedAt": "1864-04-16T02:19:58.339382468297Z"
        },
        {
            "author": {
                "bio": "􆟣!󼑻\u0017􂼕",
                "email": "\u0015𨰔\u0014?ceq𨾽𥐘",
                "following": false,
                "image": "\u00108\u0000\u0005_j󲲵[C\u0015QL𖹨/ 뤹C\u0005i􉳋ᇘ}\u0011>",
                "username": "]0i_ゲ^_\u0001BUh#>B\u001b?"
            },
            "body": "_(\"]}𢎥𠠺{^􃖬󴍞􆄠jʰ\u000e􁴢𮏰r>-\u0005\u0011p\u00028􄿼",
            "createdAt": "1864-04-15T09:20:47.179399654909Z",
            "id": "000071ee-0000-6754-0000-086700001d4d",
            "updatedAt": "1864-05-01T04:58:30.602822336688Z"
        },
        {
            "author": {
                "bio": ">\"B",
                "email": "hB󱴠Z\u0019\u0007i\u0012i=F",
                "following": false,
                "image": "3)螔\u001fↁ\u0015𧤉􋖖{<L\u0000x",
                "username": "?[󲒠96𪓼T\u0011zT􊯷\u001brR𭁠++}PC:\u001aZ𰴥s\u0017"
            },
            "body": "w(a􉖺􎿺",
            "createdAt": "1864-04-15T06:56:42.318253923112Z",
            "id": "000008c3-0000-49d8-0000-26c6000073c3",
            "updatedAt": "1864-05-30T12:40:58.043476199622Z"
        },
        {
            "author": {
                "bio": "lC\u0008𝧀{]<󻖣\u000e𬐎xl5𭑇0Ju\\}A",
                "email": "W1᪇𐺛􊜞3m\u000fb2H\u001dn􇁧\"\"𣤍&󽲴\u0003q𬣸",
                "following": true,
                "image": "_s*\"\u0019\n^𝢛\"9^y􋦮\\^􊦹譵𗾒~)",
                "username": "A,\r\u000703뿼vmI𧴯tE_`N=^c"
            },
            "body": "/ 􆀷􁟂?t;􍸧\u001c푴@􀨱麵Pw\u001e51.-d9 ",
            "createdAt": "1864-05-26T03:41:59.61095515087Z",
            "id": "00001891-0000-025d-0000-041f000023e0",
            "updatedAt": "1864-05-18T10:57:12.912742270316Z"
        }
    ],
    "seed": 1545338235
}