{
    "samples": [
        {
            "author": {
                "bio": "0\u0010f}䝊hMd\nDQ)'􏇡!U\r􂇟挹𧋺A𦧮\u0012𮫠h<\u0006",
                "email": "\u001fR󳡭H那Y󷠤𪸬B𮖼\n|>\u001a醖g𘆫8Jc6\u000eG\u001d[\u001e",
                "following": false,
                "image": "v𰇚",
                "username": "𰞎k\u0001\u0002r:\u0013V\u0008𩆧󵊊"
            },
            "body": "eVS\u0018\u0018𦟪\u0011n󴫚\u001a\u0008'",
            "createdAt": "1864-05-18T18:41:34.183199030943Z",
            "id": "00001cfe-0000-2c4c-0000-128e00001ef7",
            "updatedAt": "1864-05-19T00:02:35.98509905645Z"
        },
        {
            "author": {
                "bio": "V\u0016餁𗼒K\u0005󴏺_陷AW*M>􈝕8⿇",
                "email": "\u0001󾇯𘆹s󾱍6\u0005𬿅7ꚣWHz1訔󳀺r4^O5xd\u0016𩚃D|\u0006$7",
                "following": false,
                "image": "\u0018\u0005􂺂\u000b𘒥珷䃩\u0012I Vꪋ\u001a𘊭\u001c\u001e\u000be\u0011R\u001e\u0011\u0000",
                "username": "=󰰾\"~:|A"
            },
            "body": "\u0004o^\u001flU󴎜N\u0006Oiqv𒒴FK癷]𐡞\u0018􂴧QR#Gr뢻𐛥:",
            "createdAt": "1864-05-05T13:18:25.219742775872Z",
            "id": "00002134-0000-2817-0000-5f9d000019f2",
            "updatedAt": "1864-04-22T13:44:55.442563640899Z"
        },
        {
            "author": {
                "bio": "􈱣Y-.`b𤞕f𝙺?RB󱗰\u0001b􈕒G⧞󼙓|!B|ᙌy}",
                "email": ",gJ𧰥i\u0011Y𡿰]􅝗\t\"0o󷉪A𮘱[m4\u0018JZ󼮑C%u\u0018\u001e",
                "following": true,
                "image": "P\u001c8∓\u0006d)%𡊴𧟿6\u0016O\u000cA𰀷Ky\u000f\u001b𧦥법F\u00160xᶻ7\u001e",
                "username": ""
            },
            "body": ".󰆲{Vf7s8&K*M󱯙闯Ft𪲀𧞪󾢧\u0008",
            "createdAt": "1864-05-14T05:27:09.383480714117Z",
            "id": "00001fb3-0000-65e9-0000-2cef00001498",
            "updatedAt": "1864-04-10T16:34:42.116578961373Z"
        },
        {
            "author": {
                "bio": "􅖧x.k",
                "email": "\u0014[{𩺲𭒊\tJ󼓸e1i􃊚t𨅨\u0006=N4",
                "following": true,
                "image": "\u0011g\u0005Tx",
                "username": "eUK󹗨PR {-\u0014\u00084>\u0006\t⩵0\u001eI\"$𫏒𘍭}􆢩RgP\u0006"
            },
            "body": "-ଆ􉂄뙏𒑁Z𧑻\u0011M4􈛮묣𭜉r\u0016\u0007z\u0012c󾉺#@F[k>",
            "createdAt": "1864-04-22T07:34:00.509129914305Z",
            "id": "00006c9b-0000-399a-0000-00e0000032b7",
            "updatedAt": "1864-04-29T13:04:59.041537747842Z"
        },
        {
            "author": {
                "bio": "\u0010Tk\u000b蕸６\u0006M􉐠n𧄧\\𰅧'\u0011",
                "email": "g𤇰^\u000c{􂣫\u0018]Z\u0015󻈙\u001d\u0016X'm\u0008󵠊L󼙑\u0017",
                "following": true,
                "image": "\u0005&𡥔k\u000cUhM𫁼,",
                "username": "6􈁠=Y0\u0016`"
            },
            "body": "𨖵?\u000c_B󴖶/􋠷󲣳L\u0019\u000f\u0006\u000ca󸞒Yg𡹪Tu􆾸)\u001d􃟝o\u001ap𫮌:",
            "createdAt": "1864-05-15T08:04:58.452535809345Z",
            "id": "00000c83-0000-062d-0000-62d400000d11",
            "updatedAt": "1864-04-12T07:22:31.785055184085Z"
        },
        {
            "author": {
                "bio": "\u0014\u001b𰙩9G\r\u0010𮏿\u0004⚨\u0012\u0001//\u001e\u0019k\n𰁪8x!G􄄚\u0001\t",
                "email": "/!𓎮􇦼\\\u00125B(\u001a󼬒\u0018",
                "following": false,
                "image": "\u0019Y󱈋\u001b",
                "username": "􇣴𫡿𐒌뛱\u0011𨒁9\u0000h󺗋㗶𬃽\u0008\u0006{󷌒O"
            },
            "body": "\u00052'B\\w%𣊮~A\u0019M􍝱Q𗥁\u0008[𰙟x<*j\u0000󰝪mR\u0010VA",
            "createdAt": "1864-04-19T19:02:13.498224665483Z",
            "id": "00004c5a-0000-310f-0000-11120000159b",
            "updatedAt": "1864-05-11T15:21:49.721903695695Z"
        },
        {
            "author": {
                "bio": "i\u000b\u000cz􈮧>",
                "email": "󸣣F󷓥KxFM1􇔾-YP\u0019㜾;(蹫\nWiB+",
                "following": false,
                "image": "7􂥇賆_龣<0`%󴀁􁮈𦴗W\u0002􄅄+",
                "username": "O7daM𡭳I󳉹𤊶󠄣\u001c!"
            },
            "body": " 􋆻S-􄕘t\"%n}o\u001b􍚾u\rhk╪{⟱\u000ej\u0019\u0006w\u001d",
            "createdAt": "1864-05-23T13:40:16.448396713196Z",
            "id": "00006cbb-0000-4ee5-0000-54d2000069cf",
            "updatedAt": "1864-05-24T12:38:54.638205542156Z"
        },
        {
            "author": {
                "bio": "\n󷷜\u0019䒵>,챫\u0013-FnI?w𭧽\u001d𫆨I2\u0015󱘱",
                "email": "𨡒𤷊𩼒a=k z\u0011\u000c",
                "following": false,
                "image": "\u001d:\u0002_󹥙[o󷏉\u001d\u000e󸙊\u0007􂪏u",
                "username": "u󳅐hP\u0010\u0015U}\u0004Dy"
            },
            "body": "q\u0008DI\u0008\u001d",
            "createdAt": "1864-04-17T02:53:34.370165797758Z",
            "id": "000001fd-0000-7b03-0000-0be7000040cf",
            "updatedAt": "1864-06-02T16:03:16.602523057146Z"
        },
        {
            "author": {
                "bio": "𨘬\u001a3󳂄|󺶣?|z~\u001b\u001e𨑄V*\u0013",
                "email": "ꦒFE􋣛",
                "following": true,
                "image": "y\u0010ᥱ낸󺇩g -􊋥D􋁩\u0007~e2\tho􈥡uks\u0003",
                "username": "􅯾Y#"
            },
            "body": "\u0017",
            "createdAt": "1864-05-13T05:37:57.127735493999Z",
            "id": "00002f95-0000-592d-0000-0872000078b9",
            "updatedAt": "1864-04-10T00:48:08.306776116772Z"
        },
        {
            "author": {
                "bio": "\r􋟂I\u000bT󳠧+6{ \u0013𩱊8aF\u0008N𱀊R1󶐞",
                "email": "1\u0019IE8\u000e\u0013􌪆󾘉\u001a`?4|]snrJ𑧞t\u001b",
                "following": false,
                "image": ".𣉏1[\\0󰥴2𬽱􋏔\u0017k𡺁&c\t􊄃M𢠿u􄙒E'2.-",
                "username": "`ꊄ;%󺠚\u00174\u0002X+ #\u0019R𪏢S\u0013󺹣;󽵧󴉐\u000b^"
            },
            "body": "􎘭\u000b\u000bl\u001f󺂹)xGS슡p刈<5𠯣\u001eOe\u0016E$5📀􎨑i􇅉\u001cI\u0016",
            "createdAt": "1864-04-20T15:03:16.284290568808Z",
            "id": "00001938-0000-33ca-0000-5fe300000864",
            "updatedAt": "1864-06-03T21:06:23.054928363344Z"
        },
        {
            "author": {
                "bio": "s,\n\u0001𤅾Q",
                "email": ">j\u0017􏻌!𣡪𣘯",
                "following": true,
                "image": "5=#\rN􊌐I\u0010",
                "username": "!𘊷QS⪙(\u00184+j𨭌\u001c\u0017]G𩌖"
            },
            "body": "#🌞\u000fw󱎙󿻬V,{㥊",
            "createdAt": "1864-04-16T07:24:10.069017167159Z",
            "id": "00005982-0000-331e-0000-177900002f88",
            "updatedAt": "1864-04-21T10:32:17.300012422136Z"
        },
        {
            "author": {
                "bio": "jP𣥁\u0008&\u0017",
                "email": "\nG",
                "following": true,
                "image": "-\u000e􁼘C\u000b&`",
                "username": "L𪼬JO󾶐>q􎪐h^5􇑁𢈓+𣢹\u0006󻧾"
            },
            "body": "y⣈\rv\u0005󸃂(􏲞",
            "createdAt": "1864-04-20T17:19:41.987843871364Z",
            "id": "00006d64-0000-639c-0000-217000002902",
            "updatedAt": "1864-05-16T08:51:05.174376343948Z"
        },
        {
            "author": {
                "bio": "Aa\"N\u0002壷\u0002\t􎞌wDh",
                "email": "]\u0014:",
                "following": false,
                "image": "i\u000e!󻿯\rsO,􈟲\u001b9G𥊺/S04>:Z\u0007Pb􇌨",
                "username": "\u000e󴺓?Ut\u0002𠑗 Y\u000c%\u0019E\u0013C0\u000fIPa"
            },
            "body": "I䴚𣎁Y\"\u0011\u00033𰤆u𮯏\u0013\u001fd𰅕",
            "createdAt": "1864-04-15T00:47:00.777154597941Z",
            "id": "00003808-0000-4dae-0000-39be000052fc",
            "updatedAt": "1864-04-20T07:33:32.58046281194Z"
        },
        {
            "author": {
                "bio": "黰v\u0001𧳱q[",
                "email": "%󿍞,\u0014\u0008]M|󽚕𑆡ሯ(􄜊",
                "following": false,
                "image": "\u0001\u0017f\u000f)N\u000cC𬇎󾍄𝦩by賀?G=󻀢AR𰝄.\t",
                "username": "\u0013􄼎yt6C=\u001d쯱\u0005􏥬"
            },
            "body": "_𦆶Hihpe",
            "createdAt": "1864-04-27T10:36:05.831419958121Z",
            "id": "00006121-0000-4032-0000-769f000064f6",
            "updatedAt": "1864-05-16T07:42:47.365752516496Z"
        },
        {
            "author": {
                "bio": "wc+𐿱H⫹🛳",
                "email": ">+􆑺NCi,𐴧e'\u0012͎󰧑A\u000c>\u0017S 􉷓g3\u0003\u0000󹥆g\u001d",
                "following": false,
                "image": "\\f쑐Y,5J\u0007\r\u0014-?B􌔊ꔾ\u0014b\u000en*\u0000",
                "username": "\u0018𩰭%?\r𠝩\n{vFY\u0016𫇫\u001eQ\u001f$𭱋𪔻?𭹙\u0011\u000fJ"
            },
            "body": "x7@;^碶遟K:\u0011𝃚\u0012ZgoC",
            "createdAt": "1864-05-08T10:31:26.304824203274Z",
            "id": "000025da-0000-62e3-0000-485e00005154",
            "updatedAt": "1864-05-11T00:16:30.105194310853Z"
        },
        {
            "author": {
                "bio": "$-▿􂮳V謿jue\u0000",
                "email": "귺|zV0\u0014泀l屓\u000f󽤥𓈚F󱮊",
                "following": false,
                "image": "",
                "username": "*\u0017\u000fa􋽆ncs兺L󲂝HZ')>]Y"
            },
            "body": "yTf􇱮𦧬",
            "createdAt": "1864-05-06T01:28:27.509317241704Z",
            "id": "00004322-0000-0973-0000-7e8c000076fc",
            "updatedAt": "1864-04-28T21:56:52.591031125382Z"
        },
        {
            "author": {
                "bio": "d\u0015'/",
                "email": "\"%ᅚ`l􆵋4􌄵sy\u0016V#\u0001",
                "following": true,
                "image": ">1\u0003|𫥛_\u0015􍅡D4#T\t6D",
                "username": "󴇅T[u\u0004"
            },
            "body": "𩐹\u0007!\u0013\u000eU􈭟𥞢𣿊莭FMBW",
            "createdAt": "1864-06-07T04:30:13.554710031343Z",
            "id": "00001dfc-0000-14c2-0000-6bf000000942",
            "updatedAt": "1864-04-15T11:49:02.839903777596Z"
        },
        {
            "author": {
                "bio": "􄦗+v󸳰󱝋\u001ahT%𗮣Y\u0007?\u0006k0\u001e 𖾄\u0006\u0019",
                "email": "5W󶧀,9Ga􍠡\u0014I?r𖽁8mZL앗^]n􏤓7\u0007",
                "following": true,
                "image": "碵𭤳\u001b홍󽔎t\u0018𒌑󹑄n",
                "username": "N𬛫"
            },
            "body": "􇋠%o\u001b\u0018\u0008뒩\u0017𬌤xB]q",
            "createdAt": "1864-04-20T07:44:47.035774552838Z",
            "id": "0000350e-0000-0e10-0000-0fc200001216",
            "updatedAt": "1864-06-03T03:03:11.515694961473Z"
        },
        {
            "author": {
                "bio": "\u000f\u001e8D󶭗{􁚬􊎂􃥡r\u0005漷汜A𥽒\u0004💺",
                "email": "󸕟8𩳨𢲬)L7|X\u0016~\u0005vVsiWj\u000f",
                "following": false,
                "image": "\u000e\u001cP𥐣j\u0013\u000f𘯦𢲋𥍀􋍈H휱􋝍\r.\u0005􉹰0\u0005QQ%$\n\"?",
                "username": ":Qv𣲘\u0010\u0011t*jw8%nmP!"
            },
            "body": "V",
            "createdAt": "1864-04-21T05:58:36.610378042136Z",
            "id": "00005ff9-0000-533c-0000-70b50000193c",
            "updatedAt": "1864-05-17T01:08:06.399220374639Z"
        },
        {
            "author": {
                "bio": "*\u0010Y󰐽\u001f󾵜𦀃b󳟎/|􀖸􉶘\u000c",
                "email": "⥯8nP\u0015 3넧\u0011j𭴑\u0010\u0013'\rM:\u0016\u00144𢗎",
                "following": false,
                "image": "g\u0018\u0017yD",
                "username": "x23=🄆酊𐣥\u000fe􆍟z\u001a\u0013}􄞀i\u0005\u001b]䞷W\u0013j'\u0003􉛙."
            },
            "body": "􏺘𗊸p}R0\u0016q9\u0012C󱟔}e𪀣\u0002",
            "createdAt": "1864-04-16T16:12:38.282388568244Z",
            "id": "000063e5-0000-429e-0000-711300004e4f",
            "updatedAt": "1864-04-23T13:10:23.300145203371Z"
        },
        {
            "author": {
                "bio": "*𦢔\u0000&􁱲f𠉝{\u0017",
                "email": "n",
                "following": true,
                "image": ")䶈໌j",
                "username": "?􈳉"
            },
            "body": "􍆊",
            "createdAt": "1864-05-31T04:32:20.137157300025Z",
            "id": "00000376-0000-6f12-0000-378900005eca",
            "updatedAt": "1864-04-28T22:04:45.900414503848Z"
        },
        {
            "author": {
                "bio": "\u000bP|$",
                "email": "𠍃xcq@`V\u0010􉯗S\u0016Yg^",
                "following": true,
                "image": "󺖄\u001a\u001f2\u0004o􆥋f\u0000pt\u0018󿣔U⦗5A",
                "username": "󿲙󳣗#gH\u0014k㙽\u001d\u0006\u0008𪚸l𨻌r𣹞O𗪖𢛁^\\"
            },
            "body": "B|\u0019\u0005\"da:\u0017]r{㖟W^B𦮂iX",
            "createdAt": "1864-06-01T20:17:35.731459259404Z",
            "id": "0000056f-0000-7ce2-0000-4f3800005fcb",
            "updatedAt": "1864-05-21T23:06:47.392924308136Z"
        },
        {
            "author": {
                "bio": "ek\u000f ,􎋝\nz\u0006",
                "email": "K|&*c",
                "following": true,
                "image": "\u0018yk`",
                "username": "𤏸6+@\u000f6=\\\"垖\u0014󶅦Wo;𗳲\n𐧀+eF"
            },
            "body": "䪠43u&\u0004G矯.󵯔dxGH[\\W",
            "createdAt": "1864-04-24T20:25:18.036041851446Z",
            "id": "00001e80-0000-5a53-0000-4b7500002dbf",
            "updatedAt": "1864-05-18T12:01:34.027784840509Z"
        },
        {
            "author": {
                "bio": "H𱉉髜\rg:[8v1f",
                "email": "y",
                "following": true,
                "image": "󾃳\u000en𘤘m蜊􉟆H",
                "username": "\rQ㨖􆗕􎑬􌲂B@Sh{Tfi)R\u0015;𭥪󽆴\\cTZ="
            },
            "body": "\u0017f󲨡r􎌁􃆹z\r7t",
            "createdAt": "1864-04-09T18:50:31.707225379184Z",
            "id": "00006393-0000-0507-0000-68fe000002bd",
            "updatedAt": "1864-05-07T12:32:51.538563401729Z"
        },
        {
            "author": {
                "bio": "k9[^Lh%\u000b8􀈂P噌m!k󲠆𠻁*鋯𡚧M󶠍",
                "email": "$O􀠀(<tM\u0005􍞅󺹓w𰂩\u0000𭫶󲀷zI􅶡[\u0004&O恡a5q\u0018",
                "following": true,
                "image": "|R􀠳a+\u001eo'\u00041kxgSK🀼m",
                "username": "\tuUY𠢿v隞P菄8\u001fINl\r"
            },
            "body": "/]ON󾙕𑪒)􁚨<[7x",
            "createdAt": "1864-06-04T22:52:37.168388108766Z",
            "id": "000061ae-0000-46e8-0000-383f00003b79",
            "updatedAt": "1864-05-03T12:45:50.812327920124Z"
        },
        {
            "author": {
                "bio": "i[GR",
                "email": "\u0018\u001be",
                "following": true,
                "image": ";9􅋜\t^fLEs\u0019󾫪6",
                "username": "58\u000b)(𪕓\u0003U𠻲媜\u0001+-2O󽽛\t"
            },
            "body": " x@Yc\u0000\u001a=%\u0015",
            "createdAt": "1864-05-17T01:29:34.753066469793Z",
            "id": "00005aa9-0000-3d30-0000-3f4e00000d2e",
            "updatedAt": "1864-05-12T05:59:33.058387097305Z"
        },
        {
            "author": {
                "bio": "v@&K)𝦴􄰶TC𑈾𝣢&~󳜦",
                "email": "",
                "following": true,
                "image": "\u0012𡋪B\u0003J\r;e\u0017)",
                "username": "m.H辥b@䔗\r󷥍\u000cn􏧒\u0018\u00109N)𑘡"
            },
            "body": "2~~E􄅐 1󷢪&6@\u001fmQ\u000e䉼󼆌W쿔𫬟^⎣",
            "createdAt": "1864-06-03T17:11:50.505423659698Z",
            "id": "00005897-0000-3fbf-0000-4a0600006f10",
            "updatedAt": "1864-04-23T06:01:00.940938439158Z"
        },
        {
            "author": {
                "bio": "&\u0017\u0019;󰆹\u001c\t1y6\"󰙔孔\u0003춱\u0005vm\u000f\u0013\u000c}\u0010𫩐$A",
                "email": "󵗤V9i\u0004󼦌?",
                "following": false,
                "image": "V&\u0019𧌦􅜶\u0014PS𮠳󱐏\u0002NZ2",
                "username": "\u001d .|g{*󻵍i\u0018\u000bT\u000b\n|4𮡱𝗍eS󼞲^\\/\u001aF["
            },
            "body": "\u0019F󱎾FA\u000e\u0012n#P䨼'j􉆒\\F",
            "createdAt": "1864-04-20T16:29:57.768471488619Z",
            "id": "00003d1b-0000-68c7-0000-2477000048ef",
            "updatedAt": "1864-04-15T10:31:59.116259403141Z"
        },
        {
            "author": {
                "bio": "\u0005LA꾰A>ev",
                "email": "<\\\u0011\u000f\u0002\r\u001c\n<2􀄶𤰺󺱼",
                "following": true,
                "image": "\u001aᛇ󿍐C\ndy[M\\|$V􃽊A8𣷡:􁪷󴗓j\u000b<<龍\u000c[",
                "username": "-?`\u0005L\u001c\u0012i"
            },
            "body": "",
            "createdAt": "1864-05-09T20:53:48.767880842002Z",
            "id": "00007e30-0000-2df1-0000-1e9900002247",
            "updatedAt": "1864-05-22T18:00:10.25959631909Z"
        },
        {
            "author": {
                "bio": "[7}J𗞯",
                "email": "L𬔐\u0003W#\u0018\u0008\u0006{K}:嗷/v􁕳\u000b",
                "following": true,
                "image": "A\u0014\u0011􌘽𫾛&L]c􆡐𦑎􏟐m\u0015&a\"T",
                "username": "\n"
            },
            "body": "g'S\u0018\u000c𥹻U\\[8'\u0000\n𪠭􌁏,+r:\u001f\u0003C\u0006",
            "createdAt": "1864-05-09T09:37:17.204492203862Z",
            "id": "00007f06-0000-7582-0000-1163000062dd",
            "updatedAt": "1864-05-18T15:32:59.200141129833Z"
        }
    ],
    "seed": 719533004
}