{
    "samples": [
        {
            "author": "v#𡸤􍉭a󹉂𰞭\u0012]{M𣵸𥮹䛎\u001dj\u0003?#󼾧𡉭\u0002=",
            "body": "𬍙=\u0011􀙬[\u0015\u0015W󵦴𒍣\u0008\u0013v.\u0005\u000c0\u0018𧘄𥁤",
            "createdAt": "1864-04-09T03:01:24.415729975677Z",
            "description": ":W姗𫇇\u0007\u0003\u0004%\u0005sbJ\u001c_J𢸑",
            "title": "𐽀󼨔󹘦n^PZ}\u0005\u0008c主齋{5(\u001a\u001ei|jg\u0019Y󺔩l]𧠚",
            "updatedAt": "1864-04-18T01:03:52.552849904036Z"
        },
        {
            "author": "滚AH-H\u000e𨝝ce\u0014ょ#\u0016\"v\u0014\u001c[\u0015􎾷{[႙",
            "body": "SJ+𤑱`I󵯔-/&󴞷I𬁟𝁯",
            "createdAt": "1864-04-12T18:48:37.992774187732Z",
            "description": "󱒵8<\u001f𬈕Zmb𫩦XGq\u0004qR{7땷",
            "title": "E𮅫ULv\u00048􉛺.91𰧘\u0016\u001fT𰺊콺􀒠6?\u000b",
            "updatedAt": "1864-04-27T22:59:56.248501724185Z"
        },
        {
            "author": "\t伊𱇡\u0017",
            "body": "9[E󰾌",
            "createdAt": "1864-05-31T03:06:02.276078497301Z",
            "description": "gJ~󳽶􌀜\u001dDC{5Ht~dr7\r@𦐒HE0⼌",
            "title": "𐝢}󰚜c(5rf?>=,f|\t󺀛ㄓ$􋚢t󻁺\t\u001a󺇄ᵸ^󱶯𠔺/\u0008",
            "updatedAt": "1864-06-05T17:41:48.310683455223Z"
        },
        {
            "author": "๗?􆘌\u0001r",
            "body": ")5󻃍Eܩ􂺲\u000f')f㤶`\u0018*C󺯶nq[􅬪",
            "createdAt": "1864-05-18T20:41:52.566371573149Z",
            "description": "F9\u001d珿􈰒w9􀎢:J􂴚𩳼R𭴻1꽸d",
            "title": "l]^\tp鰙qWf",
            "updatedAt": "1864-05-26T10:18:15.061522242205Z"
        },
        {
            "author": "zXE𩜪3\u000cGo-Q\u001c\u0001\rII&\u0003f:",
            "body": "󳼷ho첾\u0012",
            "createdAt": "1864-04-19T06:03:19.038420289718Z",
            "description": "\u0008鰮@?LA\u0004g",
            "title": "缄",
            "updatedAt": "1864-05-11T19:58:48.58346398879Z"
        },
        {
            "author": "\u001f@*\u001c2𢏐E)[􍸛uTw𣗊󺄨󲻠󶱭.-$\u0002\u0012U,\u0018\u000eR󸄗\u0013m",
            "body": "鲦x쿮􃆩󾇱",
            "createdAt": "1864-04-20T22:58:51.703541138791Z",
            "description": "󲎦/\u0019hq\n\u000cY\u0000N$閑𗴘󴛻\u001c󴎹p)\u00131",
            "title": "V#𢜒\nAP􅼑",
            "updatedAt": "1864-04-22T08:13:27.451605072918Z"
        },
        {
            "author": "\u0017`:EEQ9<a0\u0016<A􉯜",
            "body": "𨱉[\u001fਖ਼ꗨ\u001d2  𐇹",
            "createdAt": "1864-05-29T10:00:43.321497625256Z",
            "description": "􋂊\u000c􅽂V𥧟󳜧\u0010堲Y",
            "title": "\"?\u0007!7\u0012",
            "updatedAt": "1864-05-18T03:45:16.923534252748Z"
        },
        {
            "author": "󼥠4\u0005SU+6X{b#낿\u0001􏁺P\u0005􉓼X􄇗7wo+\\$0䪱9",
            "body": "y5\u001d_󸳐\n&7X4$/",
            "createdAt": "1864-04-15T05:43:30.810328442279Z",
            "description": "􍗾c󼋧𮏰\n\u0011\u0001Hz\u0011?누OK𪋚􈨔\u0010󹄾뢁c戓4寍SY𗀠",
            "title": "z6<",
            "updatedAt": "1864-05-07T05:22:58.420223233621Z"
        },
        {
            "author": "Wra\u0018w󹤪䈫􁡔\u0018켷𘁞9NL\u001c",
            "body": "g󾰜m K\u001b7Qm𭏻穬3&7&d;rD-𥘻",
            "createdAt": "1864-04-30T11:26:32.314608687913Z",
            "description": "\u001c$\rTZ쎫\t",
            "title": "\u0010E􆶃*f<𨱉🇯\u0002>𣤁\u0010?\u0006.\r𣬻𭹎",
            "updatedAt": "1864-05-09T02:44:30.118656497452Z"
        },
        {
            "author": "Y\u0015m\u0019 o^}",
            "body": "R\\\" &􈈋\u001b􆯔􈔋wg\u0011\u00054\u0008d󳥮\u000cfW𦃊`~]}",
            "createdAt": "1864-05-13T03:45:12.201442627192Z",
            "description": "䎀=\u0016𗰓.\u0003󵽊.􌟮\u0014\u0014",
            "title": "3􄲐𨍎*𰎻󴟺M\u0010\u0013Q8󱚆󸡼",
            "updatedAt": "1864-04-21T05:41:51.110516882567Z"
        },
        {
            "author": "RxG🅌J",
            "body": "\u0013Q`2𗸶",
            "createdAt": "1864-06-04T06:36:01.846086074263Z",
            "description": "pa+5KB~􅌒G\u001c􋫀kS\r5gQ/FT",
            "title": "󺏑\u0002P𑓐䨵gE󽬂Q𩦀T報e􈚎5[􍜁\u0003^􋜹3󹙗\u0004,m􊕥R",
            "updatedAt": "1864-06-02T16:37:55.717891303094Z"
        },
        {
            "author": "\u001by䕧.D1b\\􋍭",
            "body": "8𗛦Gv􆓌\rN7D𣲹󷂌_󽭀󾏚(\u001b𩳞L𗿢zN𫖱V 3殏3/",
            "createdAt": "1864-06-08T01:07:57.123594403765Z",
            "description": "~𡔴,.jV􇾋𦼂\u001a\u0002󰊛⏬C\u001e𪵒O\u000e",
            "title": "v%Y,BU🚞\u001c",
            "updatedAt": "1864-05-24T15:19:52.710384492304Z"
        },
        {
            "author": "\u0001O\u0002󵺐\u00194s󷣳᮴􇯵hk7\u0017\u0003\u0017𥃖'O",
            "body": "󽥽f􄉛󽓥~G󴋛Yr(`\u0005Z\u0007",
            "createdAt": "1864-04-09T01:58:08.433562595132Z",
            "description": "\u0008|\u0007󰽺󲚫\u000f􁻕\"{n擩Vmv󵔌􌃀\u001d󷾜􉃵󱻒n\u001bs􂷒",
            "title": "O\t𣳒􆘢K􈏛ṜK)|𘆠D󶽿󲞂􉇇󵾱(紌\u00085n\u0013t􁆈3Y􍵡",
            "updatedAt": "1864-05-30T03:53:06.206913828274Z"
        },
        {
            "author": "",
            "body": "𗆷􀆵W漮\u001d\"(wf\"r󼊵0\u0001󷜰k\u0017\u0007Q!𪖀p\u0007𬺙\n.",
            "createdAt": "1864-04-24T20:13:53.530595110103Z",
            "description": "",
            "title": ")􊮈[$|P",
            "updatedAt": "1864-05-15T16:32:27.924363589088Z"
        },
        {
            "author": "隨~(􆰢K1鎫\u0013ED",
            "body": "葾'顱􏕕\u0018%gy\u0005C\\YM\u001b#\u001a𬰁=\u0007~",
            "createdAt": "1864-06-03T13:08:07.598817851736Z",
            "description": "l\u00075\u0017",
            "title": "P쟿|󾽩S󲋸\u0013𩔂{({j􁫓",
            "updatedAt": "1864-04-23T03:24:03.171932662336Z"
        },
        {
            "author": "華x.X&\u001at􉦞/\u0019/t\u0018!𣘜􇛞S;L󱥻qI",
            "body": "P\u0013,\u001a3󴇩7c貘O􄮻h\u0011𣤳",
            "createdAt": "1864-06-05T15:36:21.265954622242Z",
            "description": "\u001an5\u0001𠅕{󶱰FgC\u0000ob𨆭\u0005P\u0003쭟𡇊\u0003]6",
            "title": "-𬴺N\u0002\u0012A\u001e4",
            "updatedAt": "1864-04-17T10:08:50.387419324615Z"
        },
        {
            "author": "e𨧱쩊𦛎\u0003$V􎕫\u001f\u0002Pb/\u001e󾋮\u0010󵏌𔑻頥Jꙁ\u001a𫎲􍥥}",
            "body": "wtrpU4bRn􇦸}ꨐcRAp5\u001e0\u0012u \u0006",
            "createdAt": "1864-04-17T08:17:49.656648583917Z",
            "description": ";W\"`\\s􇠖_𬢤\u001fX\u001e\u0014",
            "title": "~:\u000fCN*6\u0005􇋋ꡁ䗗5",
            "updatedAt": "1864-04-17T22:01:23.747417352467Z"
        },
        {
            "author": "ft&𡔨\u001ci\u000eBc\\}4􃪒&\r􏕩",
            "body": "𢛚~;\u001fEHgⱭ\u0001",
            "createdAt": "1864-05-16T07:44:20.844798412425Z",
            "description": "",
            "title": "\u0014󹮅󷂭C \u001d(鷧>",
            "updatedAt": "1864-04-11T10:16:46.589558062703Z"
        },
        {
            "author": "I\u001e\u0015􁗧ꅺ𤰙䁼\r+u",
            "body": "J󻢰n>^P2\u0018}",
            "createdAt": "1864-05-27T23:28:36.839250590041Z",
            "description": "󲛴KY􏄹:\rv𬤞\u001cQl\u0002S\u0019&'L\u0018v\u0004IC!讚y+v,",
            "title": "𨘻5浆\u0019⤥A1#p5J\u001aya𑈌e\u0004",
            "updatedAt": "1864-04-30T04:02:14.23270979821Z"
        },
        {
            "author": "/?\u001b󾽮V󼢞t\u000e𰀼gu\\\u001cQCr\u0019",
            "body": "aQ됼K\u001eg\u0011󴵡X쥨􇟉W@",
            "createdAt": "1864-04-30T07:43:09.894401659719Z",
            "description": "2\u0011󹏵1'󷖜u\\󹊘𪵩U\u0011;I\u0008",
            "title": "𘨞Q􀷛lG\u001aW\u0008k󵰻\u001d⏼M\n?a9􄣵T􅆤Qvu􋥋\u0002",
            "updatedAt": "1864-05-04T08:38:56.433168087856Z"
        },
        {
            "author": "\\f\u0005Q\u0008㳥􄎐􎓑\u0001Q➮\u000eo&\u0002o<lj2\u0010󶔭f\u0002z􋦺\u0007c",
            "body": "󷁁rG􏁂q󸞻􉾌𓉰a>󰀫",
            "createdAt": "1864-04-29T11:56:20.235741532516Z",
            "description": "2􋟹=)1zIR\u001e𱅜NPcI𦏡w",
            "title": "U\u0012𤬅\u000b",
            "updatedAt": "1864-04-21T03:25:19.365764310872Z"
        },
        {
            "author": "쇜𠺼􃑋𠸅谼k󷑧",
            "body": "􇤘\u001c\u0012p\\\u0018Z\u0016",
            "createdAt": "1864-06-02T11:24:57.79384327364Z",
            "description": "u&",
            "title": "0BA2𠯼􍁂z󶑬3𦁑f󰒣\r𮀚",
            "updatedAt": "1864-06-05T02:57:07.718109046541Z"
        },
        {
            "author": "􍁥\u000f\u0003v\u0007_Q𣓆Ol󱬤􏸤2)",
            "body": "L𭃞|󴀯Ӿ󸤧Q\u000b㧳Cgy􊿘\u0015d",
            "createdAt": "1864-05-19T22:50:54.620062429588Z",
            "description": "CNy쬏􇳮􂒗/璝𨙏􋄶&Pu",
            "title": "\ny㉤\u000b𘡰𗭐􌰘\u0011",
            "updatedAt": "1864-06-05T05:12:14.767424647434Z"
        },
        {
            "author": "$ `\u001d􏟊Au􅕂&k\u00028𢬢G0,sd]\r",
            "body": "𒓕(𭃇:謜v\u0019𒔴z\u001c\u0004!\u000e􏳒tH\u001e",
            "createdAt": "1864-05-10T05:44:54.9447994131Z",
            "description": "xS󹠻#^9ꎇ\u0006缚C",
            "title": "la-\u0007\u000b \u0018,H낳5𘩌0Id\u001d0wb𖦝󵜫𖼎倞",
            "updatedAt": "1864-04-17T16:49:41.037321981406Z"
        },
        {
            "author": "#JB2􎰡U\u001dAf\"Z𫖨\u001ay\u0007(7𰋮\u0002􎆋)\u0001\u001eK\u0019",
            "body": "𥝺\u0018O-㺎|}GcSG􂉅\t𩌆",
            "createdAt": "1864-04-19T05:36:21.354632141312Z",
            "description": "",
            "title": "𣽅멊!A0􉅡,m􇖂\u000e\u0004𨅮%\u001a\u001eFg#\u0000E",
            "updatedAt": "1864-04-23T18:07:45.094344221564Z"
        },
        {
            "author": "󱭉𨩣\u00180&}e𢮐X\u0002[(\r𢥺\u0006|\u000cꫨ>.y",
            "body": "yLh\"yg\u001b\u0010Y㫕C\n o􀧸\u0005Ip6t+\u0011{𮨾^\r'𫆷𬎲I",
            "createdAt": "1864-06-08T14:58:45.263319706718Z",
            "description": "𥧯\t+\u0017f[3\u0000",
            "title": "􋹔1NvW局\u001f󾦁􇁉pP`fI𰻖\u000f\u0008",
            "updatedAt": "1864-04-29T09:57:22.589534623992Z"
        },
        {
            "author": "𑇂3;#F\u001b``VPY-𘘩\u001634작􉌧􄖘r􅊮.􈪨􍆑jZN",
            "body": "󵤻7𠌯\u0010\u001cK󴦿=d󸛍V𗢶󵸳M𦓵\\\u0002wL\u001d\u001c􏩏:ka",
            "createdAt": "1864-05-23T08:48:36.596009050215Z",
            "description": "\u0019%𦦚\u0006􆥋|_p",
            "title": "𤖑䓭\u001frOw04x|\u0013Lj\u0018䭷0_",
            "updatedAt": "1864-05-12T05:00:42.051377400741Z"
        },
        {
            "author": "HqF呋􋭄)V(",
            "body": "\t\u000c󾧲>]󶫔Sv\u0002y\u00179?qp&.#aE\u001f",
            "createdAt": "1864-04-22T12:46:41.943819414176Z",
            "description": "녔\u0013\u0010cX#{J𫣼2쭶",
            "title": "\n,#.󻛾WC8q9𐑋|\u000e󸢒􍨋/4􌎎*󰎢􃎾s&",
            "updatedAt": "1864-05-01T08:55:16.521036143723Z"
        },
        {
            "author": "󾛽mp-hW󼴁>𔒃;i~E2.]\"v听2k",
            "body": "\u0016VD\u0014􅁄E`gt#cb\u0004P\u0012#𬻴\u0008Dv",
            "createdAt": "1864-05-19T13:19:17.896114022325Z",
            "description": "􄝬\u001b\u0012(\u0014>\u0014\u001de\u0017\u0007.V\u0017굸󼱟𭝘=𪰽?",
            "title": "i`󻁀𤷧U\t􊵩𨘳󽪒\u0019y\u0013𰟶|\nN𞲮:Zk묄󲆣&𩜙",
            "updatedAt": "1864-05-23T06:22:10.940798368945Z"
        },
        {
            "author": "\u000c\u0016󳉟󱇧?~L愠\u0018\u001aR\u0018&6",
            "body": "?S𰓛K]?󲋴'[\u0018?A",
            "createdAt": "1864-04-12T18:51:57.204944286379Z",
            "description": "\u0007cz𘟔sZ\u0003\"\u0006sYh􆛫󿛴鉩 6sdX;",
            "title": "6c􄼭H!;𑣿\u0013'!eII!𧰏AlRm1􅴖s",
            "updatedAt": "1864-04-15T08:41:41.025896635219Z"
        }
    ],
    "seed": 631676944
}