{
    "samples": [
        {
            "comment": {
                "author": {
                    "bio": "b_n\u001f%8@a􀜌󺹹\u0012k𐂌\t8󴳬\u000ba𬅟u$𧖉+󳢫Z\u0014\n􆽁",
                    "email": "Z|􀮤𮏝IBu󹮏h_C`\u0018ꏵw/\u0002󳌯\u0014,F􄭨􊯕2d\"ﴰ\u0004邐/",
                    "following": true,
                    "image": "\u0013\u0019<엷􁼔f\u0005r󲩢JR<VI􁕿\u001dՐ",
                    "username": "|S􊝲􍯒)N_x\u0006\u0007$􋅠"
                },
                "body": "9P~\u001aW%tl𬯆B%}퐮X\u0013->}r𱊡",
                "createdAt": "1864-05-06T16:44:05.938749007997Z",
                "id": "00004c4b-0000-0617-0000-431f000032e0",
                "updatedAt": "1864-06-05T23:57:39.064186891831Z"
            }
        },
        {
            "comment": {
                "author": {
                    "bio": "󼷲󴉔Te$nj,􎎈􀢉S\u0002􅔚𩷵𠰭芸R&/H𤞡<X$􉓞󶳂D",
                    "email": "𰡱,璽@2d\u0008q𨧩c'𥤋틆\u0005L3\u0000X􃃦",
                    "following": true,
                    "image": "\u0013\u0019[􉶄R󳂐yN􃑡\u0005e\nM \u001f𤢢",
                    "username": "n"
                },
                "body": "\u0017(􅚐𤘇PV󼗏-K7󹔢\u0008Z+54􆮍=/",
                "createdAt": "1864-04-21T21:02:27.89326116041Z",
                "id": "0000361a-0000-1852-0000-128300000051",
                "updatedAt": "1864-05-02T17:07:46.045526695714Z"
            }
        },
        {
            "comment": {
                "author": {
                    "bio": "\u0008\u0006b\u0007􆊽0\u0016􂅒\u001aW󺌝eJ\\",
                    "email": "jW\u0018ﳯ",
                    "following": false,
                    "image": "v`~\"\u0017",
                    "username": "眷\u0004\u0002􇋡"
                },
                "body": "󲚒e\u0016t4Q#N󽠞Q\u0002𢈂{",
                "createdAt": "1864-05-23T20:14:48.233991919536Z",
                "id": "000008af-0000-0474-0000-0b90000051fe",
                "updatedAt": "1864-04-26T12:15:05.586298819333Z"
            }
        },
        {
            "comment": {
                "author": {
                    "bio": "\u0006bᯟ\u0012🦱􀶭#",
                    "email": "𭍴\u0010v\u0014G\u0003TT+30",
                    "following": false,
                    "image": "\u0011&sB\u0001wY􆅠\u0010",
                    "username": "𨅇隓y􊛉ႝ-􍴌𡞀\"9x{L."
                },
                "body": "􋰣oJ9𗛠)􊨿\u001bq.#NK\u001bOgp𡟥湱\u0004󿰞d)/󱵌K믴",
                "createdAt": "1864-05-09T22:11:18.228392376928Z",
                "id": "00007504-0000-657d-0000-0353000054f3",
                "updatedAt": "1864-04-19T10:54:19.501108718366Z"
            }
        },
        {
            "comment": {
                "author": {
                    "bio": "􀦜UCd\t2\u000cd\u0004⡖|\u0019r\u0003'h\u000cLD",
                    "email": "D􍟉^>^=\u001f󺊸",
                    "following": true,
                    "image": "􀘯􋚠⎶󸻹M󺺝􀞽󵯧󴴦",
                    "username": "k#𢜖\\Vc\"_󵨲㉰\u0012qX𫯮}LW5;\u000em􈇿kk\u001c4A𘯲"
                },
                "body": "4P\u0007MTn\u0007#\u000b",
                "createdAt": "1864-06-04T23:29:47.628988660071Z",
                "id": "000066f9-0000-6cbe-0000-7fbe00002a49",
                "updatedAt": "1864-05-09T15:43:45.186455005044Z"
            }
        },
        {
            "comment": {
                "author": {
                    "bio": "\u0004􊉷",
                    "email": "&an󹼆뽸􎃑rK瑯#Y𩯶\u0000󺁡",
                    "following": false,
                    "image": "\u001a\u001e𘣀X􂻥5\u0014cS\u0008,W\u000f]㮳\u000e8좕G\u0010􋑇N",
                    "username": "k=ꅗmy\u0007􎌜󴧦\u001b\t?𝧞 "
                },
                "body": "𮮌*𭯂󽺫LQ@\u001c&Q",
                "createdAt": "1864-04-19T10:19:21.619126286415Z",
                "id": "00007a13-0000-3080-0000-5c5e00001c3d",
                "updatedAt": "1864-05-20T20:54:53.511116028676Z"
            }
        },
        {
            "comment": {
                "author": {
                    "bio": "JZ\u0000\u0010nU",
                    "email": ".l;􎓪\u0000'?𧜈Q-\u0015􊤴-i^󰧶{qa",
                    "following": false,
                    "image": "\u001a|#坞\u0005\u0003=1",
                    "username": "{쀲SWL􇾆F\u0016𭨻!P\\\u0012졾G\u001e󶩜\u0012󲀞kFp0Q𠚌d\u0018"
                },
                "body": "􇝙\"\u0001𘕓(",
                "createdAt": "1864-05-07T23:29:58.160756170473Z",
                "id": "00002c4f-0000-4b27-0000-30d900001ae4",
                "updatedAt": "1864-06-07T12:33:31.043636146256Z"
            }
        },
        {
            "comment": {
                "author": {
                    "bio": "8;;o𢀂𧐃sZ􉿿\"q",
                    "email": "\u000emj󴊨􎙮􀍍BXA;\u001a󵙺R\u0005{$$\u0013\u001eHa",
                    "following": true,
                    "image": "쟀\u0010􅓱s𝡁L#𪦁p;U\"Q+3l\u000f\u0007)\u00005v\u0007󵈖􎽳",
                    "username": ""
                },
                "body": "",
                "createdAt": "1864-06-04T21:36:17.458468891738Z",
                "id": "0000504b-0000-439c-0000-0370000059bf",
                "updatedAt": "1864-06-02T04:33:44.023130097386Z"
            }
        },
        {
            "comment": {
                "author": {
                    "bio": "\" >\u0015\u001a\t",
                    "email": "@随h\u0012\u0015|\nD\n>𦫞\u000c`C;b󵇧_6",
                    "following": false,
                    "image": "}\u0007Vv=𪩌y",
                    "username": "N鈑􍙧`f/\u0005.\u0017Q"
                },
                "body": "d\u0001DGZ𡣣\u0003E󲊑*󿨶Q\u001c0XB#T􀇎𗫟Fr𰑊𥪊T/",
                "createdAt": "1864-05-06T00:25:14.917185125432Z",
                "id": "00000625-0000-0853-0000-307400002247",
                "updatedAt": "1864-04-23T06:57:41.956113722568Z"
            }
        },
        {
            "comment": {
                "author": {
                    "bio": "⁏VP+$.🄨`S&7@(󹂸i`\u000f]􆨅j􎧧y3濾\u0002",
                    "email": "'\u0008%",
                    "following": false,
                    "image": "^i&?􆱷@\u0003􌆥\u0008WrS􌶥\u000fqX􉋦z\u0019󹇍H􅪖󶅍=E໖\u0001",
                    "username": "𢪴\u001a"
                },
                "body": "%󵹗肥",
                "createdAt": "1864-05-08T04:52:25.251868820902Z",
                "id": "000034e1-0000-0f04-0000-21af00001229",
                "updatedAt": "1864-05-13T20:13:53.442097374791Z"
            }
        },
        {
            "comment": {
                "author": {
                    "bio": "􂐛?託\u001fRG􆔴\u0012&􄩆\n􍻿\u0005*H𡬎󱥍\u0016",
                    "email": "󱲖\rG󺰒k\u0003𝪡@z𠶔Y\u0016󸲘T|\u000c\u0008H\u0001YZN\u000f<",
                    "following": true,
                    "image": "",
                    "username": "j\u0016}\u0004\u0007Rkw\u001c󻲲󱮣󽟠󽣳iV\u001b"
                },
                "body": "엑\u001a/1N9*nK\u0003UtZqi􌢭e/=j~𞋈[UQ",
                "createdAt": "1864-04-21T11:05:01.745668385621Z",
                "id": "00006374-0000-0630-0000-094900000271",
                "updatedAt": "1864-04-13T09:53:46.703533126594Z"
            }
        },
        {
            "comment": {
                "author": {
                    "bio": "x&'뒨$󼃲􃲉XGM\u0013聜𐄻󳞖𓌧\u0001\u000e\u0004U",
                    "email": "J",
                    "following": false,
                    "image": "`\"+A𗷍6᧡[\u0001U𦤅Ayr\t􎴜^\u0008(𓁞\u0008􈗵&",
                    "username": "𦣔𤲸dK[yt\u0006󰸓x\u001d2\u000c鏆u9\u0005_Pa"
                },
                "body": "?挼}",
                "createdAt": "1864-05-19T04:05:58.013788176767Z",
                "id": "00005659-0000-593f-0000-436000001552",
                "updatedAt": "1864-04-26T12:59:11.799995801884Z"
            }
        },
        {
            "comment": {
                "author": {
                    "bio": "\u0010钔𘋍:2쐣IY𫰴\\Pb􅿦",
                    "email": "b>𬞪F9𡯶ࢩlA𛈽0\u0014c`GU~\u0006􇵒漷O4\u0004*a郃4]ly",
                    "following": true,
                    "image": ">L\u0001)k",
                    "username": "㖥i恻/d}v>􏳮("
                },
                "body": "\"􁯶52lCa𩁌)P\u0013J\u0016:􊴶&q}\u000f󼭇t\u0004@𰒈0\"\u001b",
                "createdAt": "1864-04-24T06:45:24.407936497496Z",
                "id": "00005b93-0000-7694-0000-7c3b00002048",
                "updatedAt": "1864-05-05T00:16:41.521618861332Z"
            }
        },
        {
            "comment": {
                "author": {
                    "bio": "K\u0019'Gu󻴩d4#nFi1\u001b67\t\u001f􉩬􂾓\u0003U𒅵B􌉮K|",
                    "email": "=F󺓷h\u0015\u0016f=\tA]\u0013`J\u0003󵠜",
                    "following": false,
                    "image": "󵴪𡭽󳘇rv.-􋋣?X/􁉈𑀫𦋊i'pZT)'w",
                    "username": " >𖬝퀓B\u001d\u001b8o{C얔vXq\u001d-]󷣝Oe\u0000iNm𑅦W"
                },
                "body": "\u000f.C63顂\u001f6p \u0001`󿌹󾅶O",
                "createdAt": "1864-05-31T15:03:49.528515855199Z",
                "id": "0000056e-0000-4b72-0000-59b900001d1c",
                "updatedAt": "1864-06-04T04:03:07.104549121075Z"
            }
        },
        {
            "comment": {
                "author": {
                    "bio": "\u001e𠕖m",
                    "email": "\u00067Ni:",
                    "following": true,
                    "image": "",
                    "username": "M􀳕Q䊹21\u000c-/j\u0015\u000fZ\u0019/󲏃\u0003lC!𗁔3𦛯+"
                },
                "body": "皐nBH󿁽y𔑬𮅖𨄖z􄨺%",
                "createdAt": "1864-04-11T01:42:37.677766000471Z",
                "id": "000008ca-0000-7527-0000-6039000046c6",
                "updatedAt": "1864-04-10T08:19:25.921320695713Z"
            }
        },
        {
            "comment": {
                "author": {
                    "bio": "uXt6{!",
                    "email": "R󿕻\u0001\u001b|쓮lGC{|\u000f6",
                    "following": false,
                    "image": "𤶫󸯬.2\ro\u001f*KN \u0006ᣊ2J",
                    "username": "\"9v)𝩙cO5w𫱀𦫉TH&󸏘\u001aK2X탶󲜯􂠱]⮪?6U#"
                },
                "body": "q,\u0001i",
                "createdAt": "1864-05-27T11:21:13.186767159728Z",
                "id": "000061aa-0000-11b7-0000-4d56000055a0",
                "updatedAt": "1864-04-30T05:28:02.791399802536Z"
            }
        },
        {
            "comment": {
                "author": {
                    "bio": "T𫤣GY)\u000e󶁊𮃴󸲙\u0003􏮔@",
                    "email": "O􋃖/􎱇\u0011𣇹푕\u001ag+Kp~\u0012\u001biX'Q`[𤼣6\\E;l-\u0016u",
                    "following": false,
                    "image": "d\u001c\u0008",
                    "username": "h'􎖙ꡒ_!𛄆[(\u00009\"󴃅O"
                },
                "body": "s𨿅\u0001 /ﶗ𥔡𩅝􄟘gk\n󻝅",
                "createdAt": "1864-04-15T23:21:30.181341292103Z",
                "id": "000055e8-0000-0395-0000-44f800007f31",
                "updatedAt": "1864-06-06T17:08:49.725060789423Z"
            }
        },
        {
            "comment": {
                "author": {
                    "bio": "?𘐍5率*",
                    "email": "\u0002x#𠪅WL*(h𡻮3􏀇\u0011@Ij􋽑蘃4nE𐭁?V1",
                    "following": false,
                    "image": "P",
                    "username": ":&9􍆲H`'𠳮享󷅾\u000f\u0003k\".\u0010⽑𐫦M𞀕L"
                },
                "body": "&0󱌷\n󾿟{e",
                "createdAt": "1864-06-08T15:51:03.462845757996Z",
                "id": "00007ed6-0000-3612-0000-6ddf00003940",
                "updatedAt": "1864-04-09T22:14:40.64855498218Z"
            }
        },
        {
            "comment": {
                "author": {
                    "bio": "􂹳\u0008𪐃Lx.􆟎5U 8rIk+ke2XE󿿹L",
                    "email": "<;]s;􎪹g\u000f9着jq嬍􅽺𬴑F喎F姜8\\1&3⽃h",
                    "following": true,
                    "image": " 󰬣>c~h\u0006􅱤󵷌􃨁O\u0005^5MN\u001b沠2C0,䫔 GK",
                    "username": "-&𧟯􄆸h$V9󺪚T\u001d{J𪷍𭈅⍣𥂆\nG k\u001d贐g\u0008󵰑qC"
                },
                "body": "",
                "createdAt": "1864-04-25T13:28:52.327471482421Z",
                "id": "00006632-0000-1a3b-0000-4c5300004365",
                "updatedAt": "1864-05-08T08:31:57.124631933013Z"
            }
        },
        {
            "comment": {
                "author": {
                    "bio": "\u001b}\u0016\u0008Y~u`FoL(𰳮\u0015\u000eX\u001f/ꀿ国󱶬]􅿾#\u0017㮨",
                    "email": "",
                    "following": false,
                    "image": "r21cJ,oaC\u000cbfP錃𮣭Ol􈵇𰙯T𥇮\u001bYm",
                    "username": "꾬\u0018/\u0002􇺬轩뻝\u0018\u000e\u0003w\u0005|"
                },
                "body": "`󶏢a𬱁>󸐼oɺOW呟𦰜\u001c\u000c~A?s\u0017𗣻lz",
                "createdAt": "1864-06-08T05:29:54.992169123663Z",
                "id": "00001347-0000-35b6-0000-044500006abb",
                "updatedAt": "1864-06-03T21:48:31.13248131916Z"
            }
        },
        {
            "comment": {
                "author": {
                    "bio": "\u0003N\u001dt=",
                    "email": "VTP\u0019Le]󳝁8",
                    "following": true,
                    "image": "'EdUFM\u0013+\u001bR𰌁x􅘉C#􋜆䨼Vy\u0002,\u0002u\u0001",
                    "username": "\u000e\n.煫\u0014􊠃"
                },
                "body": "\u0008o9{𝞰􅭎zIL8Q0%38𭽲C*o&U1Dp",
                "createdAt": "1864-05-04T15:41:12.179667814001Z",
                "id": "00007388-0000-5ca0-0000-4cec0000138c",
                "updatedAt": "1864-05-27T22:25:20.596766036716Z"
            }
        },
        {
            "comment": {
                "author": {
                    "bio": "X󵮏<S𬼥m0􎚥p",
                    "email": "􆾿\u00102\u00146xB󺔢5s\t\u0015,;6v;튟󼊩@1l\u001d.",
                    "following": false,
                    "image": "~󷈿W7􃸄\u0007itD\u000e`j`󹶦I4A\u000fU𣥑]h",
                    "username": "𗃵Z_\tr󵾭C\u000b}􀝟xY#b6HT5􈴺8EEfN𣺖􏘌"
                },
                "body": "\u001bS_5]$",
                "createdAt": "1864-04-26T18:51:25.648506945261Z",
                "id": "00000eab-0000-4e38-0000-2a0d00000c41",
                "updatedAt": "1864-05-29T14:27:51.236470694973Z"
            }
        },
        {
            "comment": {
                "author": {
                    "bio": ";􎺑&eC\\\u0010zᝫ2(W󴬭A\u0004VoWxGD",
                    "email": "IH@GqX-𫌫􅛓O\u0007'\u0004h\u0004Eg.s",
                    "following": false,
                    "image": "}渨Z\u0017u󽶨\n\u0008Ｍ",
                    "username": "썩y)􈷈ifCWN󹘊\u0005"
                },
                "body": "𢙠Td\u001e𥁪R󹚉>𡞡􏇏\u0001D^\u0008\u00001a\u0007u|X7|<\u0011𤁮`㛏𩑰m",
                "createdAt": "1864-05-08T08:28:08.749001483298Z",
                "id": "00004342-0000-7f5e-0000-661600001919",
                "updatedAt": "1864-04-16T16:41:30.19016435257Z"
            }
        },
        {
            "comment": {
                "author": {
                    "bio": "FaLmIu􀠴ﴭ4]SVumam谛V\u000b𤨘Io󱲊\"",
                    "email": "?gn1T\u0004󰑋",
                    "following": false,
                    "image": "\u0010^O",
                    "username": "ꁖ󺹼\u0004\u0007"
                },
                "body": "hN\u0016[ZPtz\u0005褾\u0018'\u0006gൄ􅚧\"v鷬N\u0002P+󻆴𦂙붐iZ",
                "createdAt": "1864-05-06T02:12:29.470310014375Z",
                "id": "00002042-0000-47ec-0000-788a00001119",
                "updatedAt": "1864-05-22T10:04:42.275438681601Z"
            }
        },
        {
            "comment": {
                "author": {
                    "bio": "[GZ𨎠:󿽰𰕋-\u0013\u000b",
                    "email": "GX_N\u0010󾭣h{~[D􇰴Ia5𣈈n\u001b\u0001`q󻏈󰍀\nm \u000f􇠟𩹢}",
                    "following": false,
                    "image": "6U􍅈|\u000b𥱇",
                    "username": "惋\u000e^]"
                },
                "body": "KdKa틃C0H7p􏋫6J<􌪳\u000e𱊾4^\u0006",
                "createdAt": "1864-04-23T16:12:21.95676982648Z",
                "id": "00006246-0000-68b1-0000-16890000532a",
                "updatedAt": "1864-05-19T15:23:09.321706326125Z"
            }
        },
        {
            "comment": {
                "author": {
                    "bio": "v㌋k\u0016HO􌍀t0",
                    "email": "\nf\u0015r𨏼;*@B\"\u000b^o𤺃qm`󺇃􊙺􀗊\u0008@2􎝮",
                    "following": true,
                    "image": "\u0016󳧃𢅌\u0018􇷔`\u0019C",
                    "username": "\u0019u5w襵 iSL"
                },
                "body": "\u0008vᨁR>\u000fRk󰿯넳CZ\u0003",
                "createdAt": "1864-05-15T03:54:39.28381242269Z",
                "id": "000013b4-0000-1fc0-0000-08c5000075c5",
                "updatedAt": "1864-05-27T15:07:09.221787661728Z"
            }
        },
        {
            "comment": {
                "author": {
                    "bio": "GKY",
                    "email": "𨿽u𥛨\u0016ᡇ\\V𬀹L4OJA\u000eah\u0002\u001e\u0003Uq韒󾲽􈩹S",
                    "following": true,
                    "image": "郳 Q𩶶憈&?5쏽𩆒6",
                    "username": "\u0010;"
                },
                "body": "?=M\u001bk^|IX􈋿!q|􉷅uPL\u001b3?=􇱱𦙃",
                "createdAt": "1864-04-28T07:55:09.026052990506Z",
                "id": "00000e91-0000-6b55-0000-706000001527",
                "updatedAt": "1864-05-03T13:03:18.570595181714Z"
            }
        },
        {
            "comment": {
                "author": {
                    "bio": "\rG'9k2䈆\u0001𥰛7HZ넪\u0008X\u000bt49I}𮏬U",
                    "email": "iPbg",
                    "following": true,
                    "image": "\u0014𦴺 \u0019p}\u0008󾦶汳o\u001c2X𪻎~a\u0000%T",
                    "username": "󳄆"
                },
                "body": "󽵍'\"\u0004𣧔",
                "createdAt": "1864-06-05T08:51:08.572129400072Z",
                "id": "00007681-0000-14a6-0000-1dd400004dbb",
                "updatedAt": "1864-05-15T16:55:45.302041573551Z"
            }
        },
        {
            "comment": {
                "author": {
                    "bio": "<𝨿\u0000𰘃b\n\u0010@h5*\u001c?绽<🬸P=𦑩\t.󱋠2󵠇",
                    "email": "葋􊍭tne\u0016\u001b\u0003𪀕\u000f\u0000z𠍉@",
                    "following": false,
                    "image": "_􊿮𩢼𘤬|􍽸C\u0018\n󴛶V𥿍e\u000eWY𬤋$􈅞󰱡\u0001｣𪵽1",
                    "username": "\u00008,_%=#"
                },
                "body": "< \u0015𞴊DW\u0006_5\\\u001cA􁇠\u0000󼞈<7=Y𘮃|)붐\u0018d󳥹Qh",
                "createdAt": "1864-05-12T05:49:23.360882040688Z",
                "id": "00001e4e-0000-7d13-0000-7e170000604a",
                "updatedAt": "1864-04-26T19:28:38.771607421935Z"
            }
        },
        {
            "comment": {
                "author": {
                    "bio": "\u0008/󳒖u9\"\u0002\u0008\u0012 𦧽\n0,𪐀𤖸i74\u001caA󼬡>蓡",
                    "email": "",
                    "following": true,
                    "image": "q󷶟-ḽ\u0008]􀨰~Di󽝼SAG𩄙|\u0011b\u0004􀓭.𘣅",
                    "username": "\\\u0014dn 7\u0011$^[𫞯\u0013𣃙􋋭󷣼$M􈎶k"
                },
                "body": "%I*\u001f\u0002💆U",
                "createdAt": "1864-04-12T03:27:05.416643918049Z",
                "id": "00002a46-0000-5db8-0000-0b40000072e5",
                "updatedAt": "1864-05-01T01:36:53.057200857731Z"
            }
        }
    ],
    "seed": 1826287786
}