{
    "samples": [
        {
            "tags": [
                "|^\t\u0015Ov(=􅣰L𡶠\tCg3\u0013k\u001f",
                "\u0019𝕼Y󰀡T黮{\u0000kf#𗁾\u0013C\u000e􏏝\u0000\u0017킒N",
                "\u00017\u000f\u0018\u000e𧗧^𠌽\t鶆􂦊9姗󴒻_7\u0016얎󸷑\u0003",
                ";\u0013𢱯#",
                "䛱\u0002wk湲\u0002omo韜\u0019M𧉑󲦠M𡍔\u001e' \u0005",
                "H𪣌%𩰿\u001cu\r\u0019 𐒰󰊼\u000f.qsQ\u0013󰎉\u001e􇆦\u0000𫜮&\u0014􏅉)f",
                "7'N\u001aei\u000c󴣜\u001bRKf􍥛󿄞󺓋sl𡄻\u0004\\𠣶h",
                "r.3y~U;\u001b7F\u0011􎕡1\u0001𤵧\u0019#\u0004W󱰘?\u0005<={\t`'>V",
                "\u0002?\u0018쩰􃆡+f",
                "",
                "M\u00103**𰒮_Sg\u0019Q􂎿넑􉇥󹚒Q\u0014-\u0014\u0007L􏐅\u0014𮎊(Ui\u0008",
                "`WQFj\u001aAl(𪠫h\u001a⚊5􇺷0-",
                "HS<𫲕\"􆖢\u0000󾾺C󶓖\u0004g7􎱅4󸣱`U(e3",
                "\u0008緳I",
                "k\u0000ɣjd𣓖gk􎪪謌no\u0014􉄚汐]🟅-𬈄𦴗>𦳱}'W",
                "\u0002",
                "􄥮\u0008\u0000󴨔g\u000c瑾\u0017\u000e\\7\u000e𫶞4죇\u0001A\":y",
                "_]A,v􊹍:m09U𣺷E\u0006|󻻝t. u\u0007\u0006r_",
                "ၦ󽪯]9n\u001dO\u0016𣸆\u0000&뻦<\t",
                "x\u000f󲿧𢛅󴶄𡫖*Qo\u001f󰴾y)󻗊",
                "\u0015F􅌞􋿛3I]\u0010'=\"ls襛\u0013l{D􎄨3􋲷\u000c kj\n*𭎢",
                "Tlh<5\u0018V|g!󸎝􈝃s>𤉷C󺜉",
                "&\u0002妒\u0019!v\u0006k⭚𭕷\u000f◄8Oe\u000f𫘪铬\u001f\reB=/",
                "*P󵰎W\u00193&𪷏|\u0013ag\u00022􂟀@",
                ":#󵓍K􁃊m\u0018ho𤤹𱅒狮\u0001",
                "Zn󴟚\u0003\u00067\u000cP",
                "𖡩\u000e\u000cQ2L𠓔na`^~YR\u0004\u0003aey",
                "dS)\u0002|(2􁦦􀚠:,7PR𑅆"
            ]
        },
        {
            "tags": [
                "]􏄰@'ly:\n幧5P\u000c\u0019rI-\r\u000c{4\u000e蹩􀌬􊶦\u0006Ⓙoy",
                "w쁃#9s$f󿋄𨼖cz\u0012-}\u0004^\u001b5e\u0006􌨌B",
                "󶆶􍠹BCK\u000f􋽄`\u000c츣oැ2􋯀64\u0001\u001c飯d",
                "\u000e𐚬󴹦𰞥Z󲆦y󵓴S9P\u0008ꌷ\u0008󽿏O짲8\u0014?.d&!",
                "󴖹",
                "QNk"
            ]
        },
        {
            "tags": [
                "gV\t]\\}",
                "f賚󠇁P􇧄\u000bHEeA\u001a\u0010\u0004^Y`tQA󲱉]w𗺂𭓜\u0008\u0001"
            ]
        },
        {
            "tags": [
                ".A\u0006;^mZ𓍦氌튳K\u0010N\u0010B콀𮒒\u0010mDg\u001bh噃\u0003N􋂱L\u001c",
                "",
                "$􎫫󵞰\u0007{𨍰Bﮬ\u0000XW􄝥\u0010,",
                "\u001bۜxuQ$",
                " ",
                "gNQi􋟏U`\u0005e\u001e:\u0000\u001c&󴶔1lY",
                "IBG􋼴\u0003𑿈m󷐴IpG\tz{\t𣁶􆠜@W\u0003<=𬏱 W\u001e=#",
                "􊂷]\u0017\u0001􆑠*𤜅xfT\u0000x𫩣?j4󹀼2[\u0015\u0000\u000e􎝘0\u0003",
                "诮^hL\u0012󲢮9\u0016i\u000f`\t􌞾\u001dzK@\u000f𗖥o2",
                "@9Y^- OK\u0012\u001bk",
                "F󼄌\u0014\u001b𡏖KI^𑄽庺fS𤉐𬪓􂝣WSL𥭢"
            ]
        },
        {
            "tags": [
                "󵣌𪤍逅\r",
                "\rQ􏖧p𪒬uﷂ`𣄲Kx\u0008󲊱(5N_􍟼\u0015IQ0\n<",
                "􉉫40(􃒞􇿯𢫈\u0004𭈾_\u0008\"[2;4\nE[cX􏔜m􏨚\u000c󰻝;Pw",
                "\u000btj􍖱]%}e62z\u0010\"N%I\"/g𑅐U\u000b9e{𨤩UA􂩟$",
                "􇏮\u00002V/󼂺Y",
                "<\u0019\u0002\u0010",
                "𣒟^\tݺXQ𝍫H z.<Ca",
                ")>9z\t\u000f~h\u0013-xVa\r𡓫",
                "\u0015𓐐",
                "B󹿣[ 𠮼\u0001'G8F^Li􈪽𬄘r"
            ]
        },
        {
            "tags": [
                "h_^\u0011u",
                "􊹸🛴6%/a60𬦛"
            ]
        },
        {
            "tags": [
                "\u0014.𒍑󾳡󺙘\u0018J_󷆁t\u0011\"\u001e\"]\u0003\n\u0016SJKv",
                "\u0003u6\u00080\r\u0001\u001fUo\u001f\u001e𭲚𐤤(#_c皌%𦴵:`ULk\u000fl𧟒",
                "[,\u0019",
                "",
                "庇~\u000cṓ/lLF𗎘&.𛱐\u0010<\"';􂷜o󺬜\u001a@巿_𒍗ᄝ\"",
                "q󸴌\u0007E\u0011\u0010P>\u0008S4e^",
                ".\u000c\u0007!S\u0015Q%􀅌􃽼≽",
                "-T=n\u0007󷈪Oc𤲷f\u000b^'P㘽U'\u0008",
                "sG\u0000a󼩫$Q;C\u001a]b\u0010󷥅/K{K1𡁳􋕃YG0|@",
                "\u0001􊵭\t?{ᕏ􏾹6K<\u0012H4k&lf\u0002,Z󲈹Jwc7`\u001b󰤚s𬕂",
                "􄈍󹽢𤏫];\t<4j𦻲d𭃛\u000f",
                "y𩚴𮌣𭴥\u001dCc&􁱘\u0010\u0005ZF\r\u0000e􃚪󴴉K󱗙",
                "𢨋g`v}4\"𭠋󼻿\">\u0005󵷁\u001d\u0008󹰷m𰢸괂",
                "+\r9_t􎒍QS𰬿55y\u0018[쭦45Fj𪭅\nr𬞼@\u0008]\u0003U:󽥐",
                "a`] 4🝗\u0011ଆ\u0006,bn\u0001\u0004󴍾:gR\u0012c􂅻C\t(,M *",
                "9J:\u0012\u0011󵹚􀙼󻴥{u\u0008𗡑c^昸 󼒍s1@h𗗢\u000cvY",
                ";\u0004xc\u00083*\u0010x\\l\u001c}8x𠺵.E",
                "\u0008ŀ\u001etnk:G𬉔",
                "^k󼑾l"
            ]
        },
        {
            "tags": [
                "J|y],#F\u0012x\u0008a\u0011X𗵅(\u0008\u0010떱\u0003>ᦛg󷐀P@썙):H",
                "!L",
                "\ntT&跹\u00160wB􈝼󵽮f@􎅁2kR@?)\"𔗆󵜡\u000ci\u0001",
                "B󵵡🛌괜唐,%9_",
                "󹭆-,𮆛&뿻0=$TR=)󶛐'`lgZD\u000b𬕻𤰸\u001a\\𧖑7\u0019e",
                "%􆗑\u0012𪠖\u0010O\u0002wC􎜣3ẞA\u0010YTd",
                "\u0004LM{|􃶠K\u001a<I\u0017R𐍔J𫭺\tU𣔴\u0014yej\u001e\u001f󴖎",
                "9𢭝􂗨孺\u0016Ⱨ􍍖O*,",
                "ꥺy𧝄𪌨\u0001𒁋> 󰦎쌇\u000f􌇵",
                ",\u000c\u00191\u000b<𡩁󹹗󻷎\u001eo",
                "\u0017􀆛\u001bpf󾲥\u001d",
                "ent}\u001dOw:\u0014k􎘮󸘈􂵱ꢣ",
                "󼾏𣮖\u0002z~𓈺JV󰆓\u000b _S;OT􈒠\u000e↋]Y𠌸\u001b>3",
                "􍾩",
                "\u0018\u001f𐂍;.╨匐Z󼈩𦚷fP𓏀𥚵\u001ed􃬻S",
                "\u001a",
                "W?%d$J􃰳\u000c4m\\gr",
                "Uf\u0012J\u001a\"I\u0011Xa힣OBd\u0005𭦿%𬉔3\u00080\u0003󳋎\u000e",
                "\u0010\u001f䘵\\\"",
                "\u0002[_􂯘\u0016󹤷xT􀣬l⢨􂓍7",
                "^􍩸\u0003"
            ]
        },
        {
            "tags": [
                "L􌐀h𨼬󵅉\u0012􈜃e\r|􍭳\u0016UcSv􏭓U\u0003pJF",
                "<诠󸃖𦹜󵕸\u0001\u0011\u0016􋍸\u001a\u0013g}P󸫌J",
                "\u001bLM)J3",
                "8倹[\u0006-􂑨]6\\T\u0003\u000f4􎤽\u0011njy怃m\u0008\u0007\u0013e𞡎󿾋",
                "%\t\t􈜮S",
                "𦎁V",
                "P𘲒T`Y􄊞nB􁞵\u0012􆻧*凄𗒼\u000e`\u0012\u0010󲐳𗪕PH𐬆GvJ4􏐲",
                "G𥦒\u0002􈅚E\u001a`",
                "㖷\u0001\u000f𗄿",
                "\u0001s󷳰u\u000eK􄼝E\u00155\u001b:k.DL𧤔9t\rlN\u001eHr;",
                "$~䆔􈁀\"􎇋\u0001P\u00066Gu\u0019*'􅴡\\<>'+",
                "%PoxJ\u0005N\u001aCWy* w\u000e\u000eq!X~\u001c,",
                "󲶕󱟃+]gg",
                "\u001fu\u0019􎄨]\u000c法.S\u0007ࡂK\u001cd\u0004\u001c\u0008钭;Q",
                "Mi𛊤U",
                "X\u0010𘠱󱥷h \"%[D𢒛\u0006玖\u001aL",
                "}\u0000M\n'6&󿔨#!􃭾󵾛HB\u000c",
                "􉳿l\u0013l􌧔󽛢󸙓(",
                ";(\u000e샩",
                "C\")\u0006g􎟸*􀵓+1\\i󿇪as󿯟~5um"
            ]
        },
        {
            "tags": [
                "\u0019sv\u000c𤠧ᩔ\u0004`'",
                "\u0017\u001cCx⽘\u000cbU\u001a+{fV즗\u0004K*",
                "𮦓$콳鞄𐂽",
                "𮮵F𡡹􁔹nL𠁛媨𫵭,T)􊋭\"9H\u0017=0m3a4𧇋VR",
                "~૫^~K𡢓,]\u001b􋔳0𠌔\n",
                "3\n𠵔"
            ]
        },
        {
            "tags": [
                "M()NO,쑦\u0011RY|UZ2\u0013q`KTM<(𣘹\u001f\u0011",
                "𤤪R<e蜫&=u(P􍜹l𤝆󻰥z􅹻🛻\u0017^\"]􎐰z􌶻jkI𐜕)",
                "C#𫴷\u000f_\u0006\u0006\u0013<\u0004㔽.c\u0004ol86\u0018)\u000f\u000b󽯈",
                "/=\n",
                "@\u0006\u001c􎚞𮏗)󾭾qf炉\u00148\u0016􆻒\u0019푴󰣹da󲫹E|􇋬0𡝡\t",
                "\u001e\u0003X",
                "y 1V󿣷h<~\rE\u0019\u0007\r-\u001e0>*X8,􁆺Zkj",
                "󿒀",
                "󻴌9𫝰F𢱀]\"􃸴K \u001c\u0018𒓄GH$H\n𤵾O%O|\u001b",
                "󲒛􆍵􍣔M",
                "$d󷛃𭂚\u0004v啜󳗿B𢩔v",
                "L#UvJJ􎼩y􅻧􎄆\u0017",
                "L&􀉣\u0011",
                "𭦙G􅤰VKt꽢 a\u000bl(\u0012",
                "\u0016eS􁗓>𮕋􏴔`󶸪\u0012\u0002Q\u000c\u0015kE+6",
                "/4[k󸋛(p\u00175𨦠=\u0010ࢳ􇞫⚝c􊰴xM",
                "\u001d\u001f袂\u000f󴣨n5\u0001F\u0011B\u001a={W󼸱{",
                "&\u001byzq.Ze",
                "􉩉缚􆧤z)~\u0013~菿='𠢗𠁧󼹛𰽍󴙐",
                "DU𬝾d􋜯\u00197e𥜴𰄠𣯕<vNJ󴻖󱫯R",
                "6􎽼\nꆬ;\u0016󷹳:\u001c𨮤zVk𨑨\u0003R􏡈]v7\u0000懿%Q-'",
                "Ss\u000f혯𤼞VA",
                "\u0000\u0002􅊑2qd龭{Lf훗nr",
                ".󺷹",
                "%(d􎾡\u0012\u0018",
                "N𥚝wNV\u0015H\u0002+Su5\u0000\u0010􂅀;L𠦨[𠘓袇\u000b빽Z'p$",
                "4>8M=wDoU#\u0016\u00105%t9*M(Vs\u001fዸt_\r󴱝U",
                "SXKp\u001c8\u001bU)\u0005aE𰈁Z𗀻1J󻑾\r3",
                "\u0008\n𱊀\u0018䲸\u0019󽈴s앞\u001d􃾑𫑌T𬿗\r"
            ]
        },
        {
            "tags": [
                "𠸢\u0005T,ZV􉎲[󼪘bO\tT",
                "𞢮\u0003n􁸬^󴚑🮂b0\u0016􉷳6.e#]􀻄MtP󿊬",
                "]J=X󰋿+4縆R",
                "𩟫\rl\u000bU7V􁻵蚇\u001a7U/&MK>ttV38ಇ7",
                "𪵫󳳻\u001e􁒢FC\u001b'󲂉󲭠𡉲^",
                "/sA󻳔\u0001F\u000e?󳒦\t􃌺\u0002.",
                "󸃤\u001bg󵮕IsF𪉊𣹷",
                "𔗸󳋇~\u0019e⺒",
                "󺌴R5𤶟}\"^𰰁z \u000e\u001c",
                "y󴟾t󼀄j.{\u0008oU􍉥$\"f𭩜~󶪍\u001dWZVD𗞛#V'",
                "BV1\u001b𣡓V|G",
                "\u000bp\u000e|\u000f䤤𪅘t}\u0018EL몸컦A-=J",
                "P𭶬/QW6PC,X\u0019𤟃^=O𤖚X?鷱􄊍𨑖􍁯",
                "j\u0014󼣴𨺨Rl\u0010𮫖<𗷵𗰽ZNfc6V􀁚謢󲹻\u0000-\u001fWXWUI𰟱Z",
                "𧻰\u000bK^􈩂\u0014𮐄铱󱳰𧰨t\u0011Z\u001c󷛸\u0011􍇦",
                "g",
                "\n(\u0003k,3pd𥍅󵜎E7𰅏󴫪H,_\u001f\u001e"
            ]
        },
        {
            "tags": [
                "I<,2𪸴\\",
                "\u0012󶢁L𒁤\u001az𩎭\u0011\u001d\u0002K\u0014EDD尗2o\u001aNa􊚐+\u001b󴤁𬬱\u000c>0",
                "{󴅬`+c\u0008\u0006􍯶`􈝕\u001a",
                "}<\u000c󲿣U󿊗l",
                "?\u0011e􁕈9e",
                "􃭉\u0004炪𡋣󻎟d~𧒪偷]#G!􋁾nd",
                "'S",
                "뵨D\u001f~_􍌷\u0002",
                "l󾣮󱕅𨥾+7粂\u0002\u0018",
                "0M􍀨\u0008W\u001f(;vq􁑤쇬􏙦R\u0000\u001ap􎋴\u0003L\u001e󳕛夻󹖨B\u0007󵖽",
                "r𣝟㦅'𠗑",
                "𭞕!^󸞐 ~1|-^3f\t:N\t9\u0001􊽊닪_F\u000cY뙀",
                "r\u001dH\\FV\u0004\u0011]󳑀5,\u001as/aFonJY",
                "\u000f\nQ\u0018)#a\u0000􁳎0􌔭4H\u0015𫉽%􊊤􏣜\u000b􇾬V",
                "\nJg\u0015\u0006󼲒[𰑛\u001c",
                "𤰢$􇎣}nx[\"\u000c𗧨",
                "m#@\u0011o\u0018\u0001\u0016\"J󾬴𘋤𧾁\ny$U2,𡸽iT0\u000c>\u0005",
                "rⱏ,",
                "𨓶𦏚\u001di󻢇`}",
                "􅧭*𖢾ActM𤖞,X\u001aXU􁡍.𮔵\u001b\u0013𑰞L\u0003{𛋹C3",
                "쎾􇖡􉚞2[b",
                "끎􌯠U𘊣𬪢􄨁=𨦘SU7\th􀜣;&㤬3t᙮6#3",
                "󸋮\u0001𦄉_ xw󹮍BN𐒝Z3;e{a",
                "󹥰􃏅\u0010\u0017ꐬ𢋢𗷀)􈇛b#hh韨2\u0017Q@",
                "\u001famga\\ Iḋ󻩰d􋠳",
                "I鲓K5JW*\"8\u0018o|w\u001c)󶎧A\"i􅦏@\"=\u0005\u001d6",
                "f\u0000;\u000b60QA",
                "\u0003N󷜢􇜸􍌹o",
                "􊠛04vFb󱆈\u0015'\u0015󸭉@\ts󼑛\u000b㍒o{\u000cS",
                "\t愞U󹛂0&쮎lJ"
            ]
        },
        {
            "tags": [
                "𧬬E\u0016E<𤖕𱃪.LR.\t,",
                "|V.$\u0018]fs󴶓J$Qf",
                "N0zT\u0015(6󼨿V2ʥ}\"gIk\u000eX􀅹􂦼\u0012ATQ X􃡜K",
                "\u001b🃓𗇅\u001a\u001fC",
                "Oe𰟈\u0005\t\u0019\u0011L`Q𨘡efj􇷭<\u0001禠⍡:V}",
                "臽L󰀔\nMrs􌂅\u0013;󸷰岋kH\u0019쉶BETl?\u0008",
                "&Y_-\u0004\u000f\u0012􄊃",
                "\u0001Z7[($𦼴𠗢\u0014𞀏\t\u0007\u0005\u0000󾯞타\u001b)_{\u0010\u0018{\u001c\u001b7𨐌e-!"
            ]
        },
        {
            "tags": [
                "",
                "z\n9𦬎𢍙􌺒|􃭢􅎍H\u0012,k\u0019|\u0005{𔗴ju",
                "󴇰",
                "F𓁟𨮔)",
                "\u0011\\\u001d|켽,5􁺶P4󿱠4\u0008",
                "\u001en*󰩩z.Z𡺷\u0002",
                "H",
                "㴵E)\u0007",
                "𬻖)|c\"[eS/c𨴼3\u0014gAs𩘵hUWt\u001e`#Mm&",
                ";􁏟󱗙B&Hkun\n􈊪哄𣍨𦠔_",
                "0N\u0016*s\u000cWe󷬘\u0018𰙢􄒩)>􋲍N",
                "滴项u𢨞\r\u0000\u0001#󼯨Kpp",
                "\u0018'\u0001\u0013\\v\u0016\u000b𤞌\u0003P𭗛#I󿍗󲸅𓁔𝡑",
                "9𢡾㜂\u000b|𤈀=it21RB_fB/",
                "\u001b\u001ds#6鐬\u0002猃􋌥&\u0014qT􁦴E\u0014wꭐE^\u0000\r7",
                "?𦶷\ti(S5\u0015\u0000.rhൎ钫6𑃗",
                ""
            ]
        },
        {
            "tags": [
                "ak\u001c92\u001dJ?\u0015#𒀻Km}󶄶\u0007t󹖐\u0001G\u0013",
                "󾖶%p􇪅g𩗻YI\u0007MuH}􇡃h\u001e)𐅂鋤",
                "􃍵u􋆶$􇋝\u0006\u001bdrC",
                "",
                "ꗼ\u000c\u001d\u0016Xu:o󱺑ZZ𗎭󹦗2\u001fꪍ𫄷Ic\u000f󹡡(\u0015𓄙\u001c",
                "n(",
                "𨋔\u001bkZb'!R&=%󷄃\u0003🃛\\p􀇨I`\u00052S",
                "Jd􂥐",
                "𦸂\u001b2$2E%",
                "󻳣챮G\u001b\\c^@𢄞/b\"\u000c2PY\u0016\u000fcm;{\u0002-&",
                "bM",
                "YJy\u0005$昔]\u001fE\"掓Rk~x]\u0007N􅡕\u001asP",
                "󱐕\u0000)p󺦒U􇦖􇡓𫿲Nn󽺣d汅z*.",
                "\u001dN𫎂\"󾟟\u00131\u0005?𣩂3&\u0014p^yh亥\u0006􇔩?HqR2Dd𣀾\u001d𦯬",
                "勫$m~sN#:",
                "\u000cQm=쳈l\u0012C5Ax\u0010N𨃣\u0008C􈶦2𗎉W𠿷xg󶲄ᴮ'𥫛c䳅",
                "Y󰘟.\u000f𢊏E\u0008ic!/􁿊r7b",
                "\rJ$1\u001d<A`󷭎\u0000󽮔휚\u0007w塜_Q",
                "\u0002l𭈒q\u0000帞29KR&J\u000e2\u0001O\u0018􀎈Q󠄋𩿩廧<$篁%􏪈",
                "\u00029FsC+{Ma\u001a4f\u001e􎎎4𝒐,-󵓊\u0014\u000b\u000ey$",
                "𘒓\u001d>\u0017\u0018D8𤚘\u0001t\u0002XUO𣷨⪋R𘄡\u0007\u0013𮆰\u000bT",
                "O🛌X􂔇$\u0006J&a.",
                "󺎾\"憊*6\u001c",
                "􅿙b*􇿀3\u001c󴧋𒓮\t2𐒶\u0003",
                "%s\u001f\r[I􉈑𥷈\u0017󶕽BmC􎢈",
                "!}Z󾎤󳥭GR}󺣮& '䚑N\t􎥫\u0007v}Da49\\􂍥\"V󿶋\u0002",
                "\nW\\\u001baAY\u000bH\u001c\u001d􊨜|z뒴8hO𦍮",
                "\u000ee󶳾K\u001b\u0013vX󰂘𭂉6>\u00106􌆆\u0007\u0015=*^\u001e*\u0017\u0010",
                "㷆󿵜\u001a9je􂙆J,0)e5pY\u000b)S\u0015\u0002"
            ]
        },
        {
            "tags": [
                "?\u0005\u001b`\u0003􂱒^8s\u0005y促",
                "\t\u000f􎒖淳맇\u0011JM􌥗Y",
                "@澕􎛢EP䂺𦨯`'\u0011\u0005\u0013OX􁊘􆥊\u0000􉌭3\u00126kh\\󵖲b{l𨼫",
                ")&\u001eg^1~\u0013\\\u001eJ&v\u0016\tmW"
            ]
        },
        {
            "tags": [
                "\u0015󲞋𨁨󵑀􃜡E\u0001𦕋􇩦x􎛼\u0005挽*휆\u0008\u0000v\"Q,f",
                "",
                "/b{\u000b @Y6M􇮍",
                "\u0016]ZT😧3(0O{@㥳a𦁘󳚸\u00087􂺹0fB\u001a",
                "{a>\u001d\u0013/-q",
                "z􍓞\t🆚蘧\u0011𮡷VN𫅀d5Q\u0016\n:",
                "\u0007\u0011佗n\u0016󻴒eA\u0012𪎭~[𡍂\u0016遵E􈀓\n􃌲Btf堘$W{b",
                "\u0008<1",
                "\tk􏕾k\u0006\u0005E(T\u001e*\u0010\u001dw)𘭐",
                "SSvd-\u001b\u0000\u0013\ttmt𣄣=\u001b2#'",
                "𬽨\r𤪗\u0001",
                "mᎾ/=&I!\u001du𛂔",
                "*Ei\u0006lL]\u0010J\u001e􏢞d\u0017􍂅K􂥌a\u0014",
                "jbEU}簒Zh 㓭m@𢷲!𡑶5\u0011O"
            ]
        },
        {
            "tags": [
                "+\u001a?𗀢hR􏸸NO𬡨􊥓:k\u0006\u0007x+<\u0017s.rU",
                "t\u0002\u001c􎙯d#\u0001M󳓕dKr뀾",
                "1\u001f\u0013BF8\u000b;O\u0001z宜|6pT󵑅L3\\󶽧\u000b\u0006",
                ";p!B*w𥁪\u001c$K[qJ1\r/🆔\u0012,(\u0017w\u0007𩵞󿀗~",
                "e\u0014𬄇7rk\u0013",
                "/!󲉇󽬓;0𛅱𠗸$􉗼\u000b➵-Av.Zp鰖o\u001d𤘀",
                "kKxK",
                "𤗇f0\u00007\u0000\u0002N􎛕\u0010:𤐇􇋈r(\t䬄p司\u0010\u0002\u0007s'-HF",
                "\u0014F_K",
                "",
                ":;󽘕𣠃",
                "\u001d㮝2ok{A\u0018mP\u000f\u0007\u0001𥮏􅼆qsR",
                ")%𮝝\u000c󳘜Qफ़ 􂠽󵇓㚠\u0002N5",
                "𭂋",
                "\u0018\\\n𣾧\u0017\u0002d9\u0000M\u0003𤤺:Qj!\u0001Y2",
                "~D %)@\u001c􈗬󰭋*i\u001d5\u0006Y𦉮O\u001f𤩞`b\u000c􌉄\u0011FXW",
                ">#HA􁈥y\\Y-𬋚\r𗒐B\r𦱜",
                "L\u0001V\u000f6 \u001c^",
                "󰸶M?%#\r\u001fbI\u001aC1W5\u0017WJP",
                "8l76R+QV%[",
                "\u0005F",
                "h\u000c\u000f㈅zﯙ=忳\u0011\rXa<V C0f팗xmMEL\u001a\u001e",
                "\\1P𩏆.Lm",
                ">Dr󲐓􁑍x|)2𭼌Mm&y 􏌺kX\u001b𬏬^R𗇕/!󠇪\u001e擩󾙉",
                "Gkg\u00130)~脿K𰔎 K\u0015v饬%+𧶺X-aHq",
                "\u000f\u001e#儫mA𦼅H𡦡1",
                "B:􉂊G黙밇󿬺B:\u0006\u0003I₸􍛮\u0002%蹯",
                "\u0015tq\u0017\u0007󽆙I\u000f\u00001"
            ]
        },
        {
            "tags": [
                "Ojc輷􅢸wcLe8𦭉/\u001fT>G\u000c󶈫C𦧖A",
                "r𤄸Z49\u0019#V􁖥󶰟\u000eC\u0018sys\u001f",
                "\r𡱡KNv4;b\r󿳸쒱𞤉Iw,1\u0005\u00042􀺓'󼿳\r\u0010$\u001acl𓈙P",
                "\u0005~7)^殣𡉶ftmS\u0004􁨬",
                "􎕖덌K𡸍",
                "\u000eW\u000f􅠶5󼲫T􁛯",
                "3\u0005B\u000e𠒘\u000f_UV𪝜6욹􁋉\u0017,g?􆷅0z,󴟸A𥎢q",
                "t픚𑿑\u0005\u001f槁Y𭽈ydJ􏈱947",
                "偘U󽸋\u001aw\u0011\u0018qh􌳔nV􌕦\u000b$x9\u0007\n(/}",
                "y>sus󷱣t󵢀",
                "x",
                "󸫝\u0012W\t\u0012\u00174\u001cCz.t)􎚕G𠥼󺫟󻳽D𩨯\u0006)",
                "]􇳏j󴨔󺑕",
                "]:\u0007\u0006\u0014\u0019娬[\t󷷟l\u0018\u0011\u0006󹉢􂬊G",
                "쳟v䜕FW\u001e",
                "󻁯Z𠮤O󼿴𪬼~nᙪj𡚔w\u00152𨶀}󿎌~:",
                "F\r禯w䡒🃠J\u00130厴g𨡧\u0001\u001c",
                "󲲕濑?yxi􍔩倫7\u0011Cd!p%Tk_\u001a𨴲􇠔􎪷󿪫럕c\u0007󽫼",
                "􅧭\n!𡢒#Wh\\𩛱𣦸p&\u0007󰛻P4󱊅0􍟸",
                "%Q\rtm𘙳CU 𪭇7󸑹jW!\u001c<;N\u0001󱑥",
                "YT\u0003\u001fZ=iTꃡ󺟈",
                "(i'W~氝$\r'\u00016\na0\u0015#D􂒡9"
            ]
        },
        {
            "tags": [
                "$s&󱞿G\\󶛹t\u001d𣃞H]朙𠞛z\u0010E\u0010",
                "𥫕@2󵽞🭜燻b\u0002B\n𥊽>:x\u0001>A􀋸20i_T\u0012s􉎀",
                "\u0003\u0019e\u001exiv\u0010L􇛝𬔳𰷿\u001dMi𤷔G?󱦳𧺫",
                "\u0001B\u0012\u0011\u001a𫽹)",
                "󿾇&r󲨘3󴌙\u001a󸴪Jzr\\쵉",
                "2^Z_\u001bn\"󼩻",
                "\u0002Ai/\u000fw",
                "\u0006\u001f}\u0010_:'\u0014𢐄\u0012wRꨱH\u001c𰿯N\u0013<\u000f(\\鶜q_섅~o",
                "'L\\􌧋!\u0007퉤\\\u001aT\u0005Fk\\%t+\\x",
                "\u0002L_#ౘ'.U;f/\u001a=s𐫋-#􁯂,WJp<1炴CSG",
                "*\n􁞆\u0006\u001dG`㯑􌩕𰟙\u001d}zVdgB\u0003􃱋",
                "𡫹\u0019󴁤/*\u0010;&",
                "L􌶃fꤙ䰭쮆𝦝\u001c\u001e9:\u000cI7󴕲YI󰖗\u001a>~7/M\u0019*𨳲\u0005"
            ]
        },
        {
            "tags": [
                "󼣧􌍸6\u001f^K\u000bRt&\u0012d􅝔]𤃅a\u0018𒐗/A4X\u000e}!*\t",
                "[鋲𦾨󴩒j$W􋕵􂐞9\u000bi􆚚=𐬭",
                "8\u0016\u0015\u0011U !𭔊\u0005l𒇧",
                "ഋ.s\u0011\u001c\r\u001b𠴸\u000enah󴝽􉴏o󺅙\u0001{QC",
                "\u0000稡GC*'崡1{\u0014'd^\t_00!Pa􎟻",
                "􀧋􏫀T|$",
                "\"J􈌌/:󱚚P􄫁\u0010\u0014Wx.󹏋I\t<􄥩𬫎a󵯪*󵶃瑿􃆘i󶆕*",
                "􋠲B󳐩󹹰<W\r*<VT𦖞",
                "\u0005n\u0007]o1_R\u0011೨\u001cnh𫸃mC\u001eH􋊧\\\u0011QK􁳌𑜻",
                "Z\u0004?[\"\\企\u0014,q8+\risX`i缑􉃣\nZ𐡰]Dzw𨻼",
                "ゔ\u0017𪷮\u0002",
                "𩳿𗭃>\u001d𧿋l]|A\u0004a&\u001fq\u0012aV\"s'/<o\u000b",
                "F\u000b 󻮔凉xnO\u0013",
                " G𧐚#󿡝",
                "!\r+|yT8U󶜡\u0017^\u001c)$󺢥􉺏\u001e󶊾Vu85\u001b儎\u0018",
                "\"W\u0003-\u0013vz!;𦝔C\u001e\u001f\u0004K:z:",
                "c\u001a\u0001𡅋K\u0011%󷘆",
                "󺤄𦻉Y3{󿓶-GP",
                "ZfX\u000f\u000c􂳸\u001bv.`\u0005H4\u0017/\u0011B\u0010􂂟㶦"
            ]
        },
        {
            "tags": [
                ";\u000fA",
                ".75",
                "-@󵶱o\\􏪩y\u000eS\u001a󼷷􎢢c󹢉/揻𦢴S\u0008@A䋡",
                "C\u0006󽜁Pv􃃸,Y\u0016\t!􏋧Y?]y$,\u000cV󳃭j\u0001\u0015i",
                "\u001a\u000f󳓏 󷪃J\u0015EG\u0007",
                "\u001e\ng󱕬𩣉6#𡚿1n䇸A첨@\u00122􊩇^)\u0006g",
                "GN~\u0013𠇟5O",
                "\u0013oy\u00121𭖨",
                "\u0016􁌾\u0008#\u001e𬽉t\u000c\u0013󵻕\" (1􂩙O\u001ayf9󻵌",
                "Iv􍫮$K%Ki𬈹4",
                "iR4={W\u000c𠢽H󺨌􎪶\u0010A6Hb\u0005𑋉fbF8%\u0019;􉓢s鯎#v",
                "\u0017R",
                "{HO|V?🚶U8ef􆿺\u0015P0L0J𨄰\u000e",
                "\u0013U",
                "r:9X􉻁Ht@`0",
                "\u0003󳟟hdM\u0013\u000f􏀻~G󴿖\u0013𭥐]𨝞",
                "\u001ck)u󵕐\u000b7􁑣]6\u0015l.\u001d=g"
            ]
        },
        {
            "tags": [
                "gPz󿏻u\u0005/賹\u001f󴵃󳙞 o\u001aeଖ?|4"
            ]
        },
        {
            "tags": [
                "~\u0008hGF\u0012\u0011X\u0004\u000f",
                "l􁰺G'te䣂",
                "",
                "'B󹽘v􂝢g\u0017􀈦\u0002\u000f\u0004Qa\u0001wkd",
                "I􁙾Ip#<v􀧜g 숫\u000eb\u001eW𗿞\u0000󸞫\u001bU󹇳\u0002\u000e%u",
                "7R㻳8\u000e\u0001j屷󰴯"
            ]
        },
        {
            "tags": [
                "=",
                "y7𗉨.\u0003󰒃c󷬿/",
                "􍴽\u0013o𦔲M\u0007'䎽𭧰󷵐EC󱷂𱉄",
                "\u0014'C7?P\"9S􁥵핎",
                "e?\u001f*X\u001a􆢟Y1#𢵚\nKw\u0003\u0018",
                "",
                "􏷝𮑥􌜂|oo㩗;NS.i󵤣\u000b󾯢\u0005W",
                "𝒀\u001fxF\u001aV\u0019Cg\u0007𐼟c",
                "%蔛IZ^y\u0001=󼩄_}\u0002=4+\u0007I\u001f\u001d",
                ",󲐐𐒢\u0007p5𛰞h~",
                "𫿒i𣪕U\u0014W@",
                "󾙍qၕb笷\u0007󷑙/𖩙𬜡\u00143z\u00147{>\u0012l\u0008bE󼹔#W=􄼛ᓠ",
                "\u0010~RZ yp>yoj*u괭@",
                "㍙E\u0016󰔳󻖆𪂄%\u0005􏫍􃶧\u0001)\u0005T{ZBN\"㜭{w)󺚒",
                "蚢b𠕯CW}奵\u001a􀥲^`kF\t{𢻰1U薐󰷠莯\u000fIl\\1p\\M",
                "Yᦗ􃣿Z𠉉\u000e",
                "\u0007r$\u0004=0q,\u0003^",
                ")j+\u0004&吙h􅍣",
                "a)𮣧}u\u0015󳷣{\u0001𣇵\u000c%\u0005y󸊛",
                "襦5Q+gZ6",
                "#vM\u0019\"j\u0001$\u0006嚄)x󾩤𒔬hJ.魫𖦬I",
                "\u0008vqfzH}%mA𗎁t)漏\u0019s@J𣳳􈦉󳿲\u0010-P8_",
                "\u001e󵰟􇢜\u0011𢝖󽓔⻨\u00104\\\"`U#=\u001d􋬠\u001d?N0`󹡙~􋒣􄩆\u000e𧭘",
                "\u001d*t 8E>vPw7}󸒍%`"
            ]
        },
        {
            "tags": [
                ")ljT\u0019􇃃\u0000􎝺硾1 󲋞d",
                "\u000f{\u0018",
                "\u0005\u0006􃏎pcyipbQ&n@\u0013󼚥_",
                "𣦵i(C𨩚",
                "B봕s\u0013\"A\"B; 󼣯\u0001􍯺&%𗀕\u0007",
                "\u0015z6􀞜O\u0005\u0006玲\u0015𥼩\u0017|3A",
                "󴝠1\u000f𘅡󲷸󸨮)향𭾑_J\u0018T\u0005\u0006\u001e^󺧞M\u000f􋕙󳲜\u0017*",
                "\u0001逸ed\u001f=x􍹶󵊳gEt𑈹,%\u0014B\u0018c\u0013Z7Y\u0004",
                "\u0013!-찴Gⵕ􆉧qx\\􄛩'&i",
                "\u0007\u0002\u0011NA\u0003 I󳆵􈟓(\u0017𥚵-\t𢒱􏭧\u0018x!/󿸒,\u0006Y\u0011",
                "𧱖Rg撈感X",
                "󲝢\u0010H\u0001",
                "r,𤥁-􀫗\u0007󳉉󸎘唥|𨼛􌵳\rzY􃆛1􈦍8;h",
                "\u0005,",
                "􏺮\u0004cNq\u0019􈱭OX🖳,",
                "+\u001a Hz\u0011H0\tp[d􇚑aos\u0014Y󺽥t\u001e`y@1",
                "\u0016\"2Q𐔐𣛝\u000c\u001ck\u0008}\\󸀉=",
                "P\u00087WZ#𑗀\u001b.8",
                "{\u0017r3x󹲱\u0000A\u0019䂙\u0013\r\u000f\u001a!󻩜0",
                " _7#\u0007􆝉e$5nl&v􀤜𥁒쎡"
            ]
        },
        {
            "tags": [
                "𨃑Odc)ᮄ𣱑󻛡",
                "􇟲󾞀W\u0015\u00174",
                "L0P{8#^\\\u0004e\n",
                "\u0010🡾🔮􀀽a\u0017𒈯𢱫cb涸𦦇󵒘c\t|oKx\u001c",
                "Te\u000e%\u001a􍐮8󵳖󷣋~\u0005Z\u0004iyJ(w<뗂\u0000",
                "a󱃢\u001d`\u0016OpԏnT2f :a𤧦v4\u0001\u0007EE󷂮 \u001a𢬬𣷁",
                "얖6V-􊼂\u0007,𛅲 R\u001fi𘰦􅻸󷱒w\u0007󶗲\u0014󰷇\u001fUX",
                "\n\u0015$\t(%\u0001H\u00052\u000b󶳷\u000c䓃ၯB\u0014`𫣨\u0011\\017ⰷ􎹈w奙\"v",
                "<𤄈\u0017\u000b\u0007\u001b􀸬󼵱𤪨E]m,?\u001c𣭛^\u0002DE=C\u001a=􆵵J\u0014`6}",
                "}\u0014aSNqT;\"\u0004\r󿉹\u001fꕗ𐐀VP\u0008(\\C􂆆S_Gq",
                "{O8\u0007\u001e-\u00080[􀃲_󾉺姁V\u001f𰏄\\",
                "􆍔\u0012][6",
                "v\u001eJ\rwM",
                "\u0013",
                "\u0019\u0000&C\u0019>*\u0016\u0014'&ⷖc󶣓𮩻o",
                "\n􏡦􀋐$BcYv𬐃襂㏎\u000e㟃󿭐2>VH姢{i\u000bmgwQ1\u001c󷣆)",
                "\u001f[󼎕\u0004)U!\u0004𭄾𘩚E",
                "\u0015l硩/󸝉dxVb𤼢fW/2􏳣@KI?",
                "􈝅",
                "8\u001e\u0012𢆞s5",
                "󵏤5釠Mgk",
                "\"P\u0007𦏰\"w󿽨Ty钡􌄛k밪C\r.rR'󱥹\u0008",
                "ㇸ\u000b𗰺\u001cⓣ1\u001dia$𥄔\u001f􉭗\u00145𖦇󾊩\u001c󴛯􋧴ᚐ",
                "脤U󰝈_R*]\u001a-f竴􀟏Q𧝨맠9➣\u001d:,",
                "ꋗp𰋾󵉽M𗀶\u0014\u0003q7",
                "𰋒󹓙kbqi𨧍X){\u0014ꏰ󳥟𘝅Xuw𣷈s\u001c[󹬲l􃱙B2G",
                "󻯵1he𢗂O",
                "\u001f^󷝞獽g(􋇠9Q\u0002⬳/",
                "\u001c𨥀𡑘X2$@Kkꇽp|앧F/?'v"
            ]
        },
        {
            "tags": [
                "mggg8\u000bH鵕􆆺)〰\u001a𤷤V븓\u0010",
                "}U󵜆󱫞s􌠔bJ\u0003\u0002\u001f􃢘2𣈀𘓣o|\u0012M",
                "",
                "S𣾋\u0019𰶫\u0008\u0019\t;p溡U.N󵕱[\rv",
                "󱉍\u0015sc􍼥",
                "󰹬9h.󼠉6>?풬\u0003󰳢(4_K!m􈿼rvS烐󴔐3\u001d^",
                "J𬇤_s\u0008\u0002󶤭r\\!􌀞\u000f􎔃 lq",
                "(􄿞F峅\u000f\u0017􍪜喝-@\u001b􅏮􎙑,\u001d􄊀U)\u000f𝜦d\u001c",
                "\u0013J𭒝e@6\"",
                "5\u0004\u0017qPᤁe'n󴋒*\"C􉚬\u000en󴸪\n\";q\u0013􀱌􁔐\u001b󱥱𫿛.h",
                "𬭿\u0019zrX\u001fH􈖍𐛱󶊵+S|􉴘*삀89酡L𰯶;\u0015\u000f󱯻Wb",
                "􇃌𧂊\u0019d+H`\\m\u0003\u0012s􋮆.\u001e𬍪q\nꎤ𐴙0􇓚v𣿁7H",
                "􋅊0|\u000cN\u0000Ie󿵡p􇵆GL􍡅;L\u0017g\u0007\tN\u0019p\u000cu\u0003\u001co]",
                "V􇤰\u0016",
                "􋤤󵓈󼍵-/NAA{",
                "w9^i\u000eS \u0018𣇑)F𢬮\u001dᯯoNfwfQ\u0006\u000fO*q뾓󸃈$c"
            ]
        },
        {
            "tags": [
                "t􆐜\u0007𨘎p)0[3RVap2􅉗I\u0011A4􌿇",
                "63\u0001qꂼV𭚩80󶘐!kb\u001e𑂄\u0010U𝓲䭷\u0008B",
                "\"bLoYz\u0013\u0013'0J\u0000nh󲜾T\u000ekl.\u001e􌖃+\u00031x\u0016{2",
                "",
                "^{\u0011wlcLxQ\"w􇣭q4k􎅥-IZ㒹s\u0016𤵏ꗂQ^*􉿏󽞴\u0005",
                "7%!H𐩪,+]",
                "\u000c\u001a\u0017󽞇\u0013륂v;\t\u0016􍎨\u000b\u0014\u0000h",
                "B%",
                "\u0017\u0019\u0003\u0006%\u0016\u0003L\u000c㩁&鮵Vzp𢘂􉵩𤦘\u0015𝩮􉦦O󹧨[E𣞱T\u0001",
                "\u0011꙱",
                "\u0014i\u001c𝧨2ZU",
                ",wPQ\u0019Np󺞍",
                "􏟷ᇐs\u0016",
                "sc􉇪欛9󷚯C<>ROVL􄖁P󹺰&(\u0014<y􊡫+@\u000c",
                "J#\u0003ጚ\u001c󻪶",
                "A{b4􁽹𐄡n\u0008𩞛乷j\u0014\u0013\u0001瞸G\u001dn6𝅘𝅥𝅰V'􂍦k",
                "\u0008k"
            ]
        }
    ],
    "seed": 2056894794
}