{
    "samples": [
        {
            "comment": {
                "author": {
                    "bio": "\u0007W\u00166:E!",
                    "email": "'dVe",
                    "following": true,
                    "image": "\n𤟯-𬒘󿹟\t𫪷\u001409\u001c\u0017\u0012𝗯艩c{⽪􂂼􊆙q",
                    "username": "JWS󳍡j@a󺥚􋯟!x\u0014m\u000b\u0003cHH"
                },
                "body": "\u0001",
                "createdAt": "1864-05-17T13:36:04.578121831473Z",
                "id": "00004a22-0000-4fcc-0000-23ac000067de",
                "updatedAt": "1864-04-25T15:13:14.375225919051Z"
            }
        },
        {
            "comment": {
                "author": {
                    "bio": "\\𭎁Nxiu]𬸂 \u0013\u001b\u0013ZF􆧖\u0015\u0018Bw",
                    "email": "~\u0005]LK*XT0𭛥\u0014\u0005r\u0002^>\u001c_",
                    "following": true,
                    "image": "d􇈭!^/ZYK펫",
                    "username": "㶧?\u00177YV5󳅃"
                },
                "body": "\u0003𓁰뗎\u0000LZ0mTu]y5\u0007h.\u0010\"L\u000e",
                "createdAt": "1864-05-10T07:46:14.343739189269Z",
                "id": "000015d8-0000-463a-0000-74a10000280d",
                "updatedAt": "1864-05-29T19:20:28.288859658248Z"
            }
        },
        {
            "comment": {
                "author": {
                    "bio": "\u0001Z",
                    "email": "p'𰉍#Cf\u0005\u000bp~\u0011l(\u000e췌/'\"{u6g\u001b0\u0010]",
                    "following": false,
                    "image": "",
                    "username": ",\u0008eh"
                },
                "body": "B\u000c\"d籱󠇏\u001a\u001b=,|8.b󹷜wm蔐>)Qk",
                "createdAt": "1864-05-23T04:18:53.927494436045Z",
                "id": "000023e2-0000-3bc0-0000-3d9b00002b2c",
                "updatedAt": "1864-04-24T18:37:38.313092900512Z"
            }
        },
        {
            "comment": {
                "author": {
                    "bio": "qF㎃&\u001f,C\u001c󶫐b콞v󹡴[6eAB#\u000e:􋄋ac􅢻n",
                    "email": "\npB",
                    "following": false,
                    "image": ">𰆲3󾝧A\u0005*P4􎼲\\HﳚJD𧣪_@a\u001b7歎",
                    "username": "\u0006𮗴􃬘끭ｳ3(\n󶴔󶞒\u001c:\u0013t\u001b5𤯃s⓿芧L#,2#"
                },
                "body": "9𠣧\u0007P>\"A\u0003(6𠬼\rnEz\u0017𬜸\u000b\u000b7伷",
                "createdAt": "1864-05-09T02:16:39.940250022646Z",
                "id": "00006d8e-0000-6cc0-0000-69a9000059d2",
                "updatedAt": "1864-05-15T06:52:59.265734087042Z"
            }
        },
        {
            "comment": {
                "author": {
                    "bio": "\u001b\u0000x*G,󴙒\u0019\u0000 \u0017vaKN􉓖\u0018𣴁\u0000",
                    "email": "󵝫H\u000bX^p[iE\u001b𭚾c\u0017d)L뗗\u000b",
                    "following": false,
                    "image": "隣􏧔4𛁰r=󽠰P􀑲\u001c\u0005z󴔁\u001f\u0010\u001b\u0007憈=􀅞E󺤑]󹒏",
                    "username": "|lo󾟂\u00089x\u0015󵔷 SiH-"
                },
                "body": "󾒿\u0012o7Y",
                "createdAt": "1864-05-15T09:39:01.053827897419Z",
                "id": "00000292-0000-0e94-0000-1fd60000317b",
                "updatedAt": "1864-05-26T13:42:00.084663329776Z"
            }
        },
        {
            "comment": {
                "author": {
                    "bio": "U7𤉊9lP\u0010A\u00141􎍀𝆒Vkx󹊗\\\u0014\u0013C瀒#+j",
                    "email": "󸿥lꜳ\u0006vC37F",
                    "following": false,
                    "image": "4\r揃+𦬞𰊗\u001dJCRg\u0016󽕵3󿎡}Y8!>",
                    "username": "𫚡蔊#v75F4\u0005󵰔Bp{"
                },
                "body": "\u0003q𣣊T\u0014\u0013+\r\u001c\nf8􁇢琑𠨄㯕E!𗽷[ᬚ`?",
                "createdAt": "1864-04-19T09:38:49.711323513554Z",
                "id": "00003333-0000-22b0-0000-179400004302",
                "updatedAt": "1864-04-17T19:21:09.550726356246Z"
            }
        },
        {
            "comment": {
                "author": {
                    "bio": "󱛆|uI\u001b􃰥xi@U󺧬\u001b&󻑍5=m",
                    "email": "FV@FM􂡵󺿩uaO\r)",
                    "following": true,
                    "image": "𥫏?]u'󰮼\u0015􉶜\u000c?8\r𨣜'C􌪇Ꮉ\u0000𪑓",
                    "username": "􅋟"
                },
                "body": "\u001d\u0005m󻪥\u000bZr",
                "createdAt": "1864-06-01T17:32:51.172294659168Z",
                "id": "00002b8f-0000-71db-0000-4e6d00000a4f",
                "updatedAt": "1864-04-21T09:05:01.815268316429Z"
            }
        },
        {
            "comment": {
                "author": {
                    "bio": "\u001a`)P\u0002\u00063\u0006yG𩺋z",
                    "email": "q\t>$E\u0015𭄻x\u0005gA􆂗)B𣜓𢙞\u000f)\u000e􆏃\u000f𠃧:",
                    "following": true,
                    "image": "s5󹁥l\u0014\u0014𦃐wA㸤J:$\\",
                    "username": "\t𨂂y2\u0019dKO\u0010󽞱^👢K\u0018p~Z'^W9ɗ󳲬m(`𘂭󲂋􁛡"
                },
                "body": "5%h)􀐍",
                "createdAt": "1864-05-30T02:29:25.406620140778Z",
                "id": "000022e8-0000-1bfb-0000-1da2000026fb",
                "updatedAt": "1864-05-11T11:01:16.535063165989Z"
            }
        },
        {
            "comment": {
                "author": {
                    "bio": "\"􉎎󴵤/Y~u筨-4MWd!5^#\u0006o\u0005嗠A󾫺󾻩𦉀K𪁔鞤7",
                    "email": "PH0󾛩T",
                    "following": false,
                    "image": "\u0014k_3\u000eV)A􆨵\u001b",
                    "username": "\u001a\tE\u0007𨺫등z󴦭w4󿊼Qj𰽲}n&EE𬇚󱓨ᶰqs\u0005\u0006.d"
                },
                "body": "𥐪9n9b𣒇BC\u0010sT󰲜i\u0018a\u0007L!",
                "createdAt": "1864-04-26T04:07:43.448269153117Z",
                "id": "00000d37-0000-03d4-0000-2182000047b1",
                "updatedAt": "1864-04-11T01:38:36.751379446614Z"
            }
        },
        {
            "comment": {
                "author": {
                    "bio": "7𬪫*rO\u0017骴𫝕\u00030c\u0018Q𖫒+9|S) ",
                    "email": "\u000f𭃶ƪCس\u0013u󴥴𠆦n󲫟\u001f􀨨r\u0000𱁣𤇼v𧣰\u000f3졇󷎔",
                    "following": true,
                    "image": "󳽨􏁦𭤥+􏔂\u001aMc\n󷙬\u0004E\t:y%ⱍ~veEIO󻟪G󷞾\u0014󶠒",
                    "username": "󺕀\u0010X*{6􅜞􄮸\u000e𪸠p\\7O\u001e\u0012􀗑BJ\u00088"
                },
                "body": "탗\u0002􁸐:滶\u001a?熘i@𩒬\nY&\u001bx$\u0013lB/𗪁",
                "createdAt": "1864-06-06T07:39:09.095484305809Z",
                "id": "00002c26-0000-2a57-0000-2a3900003a6e",
                "updatedAt": "1864-04-11T22:17:59.10782064461Z"
            }
        },
        {
            "comment": {
                "author": {
                    "bio": "\u0006\u001e+%-\u001b딸?",
                    "email": "\u00058",
                    "following": false,
                    "image": "𗦖P\u0016Cb\u0013\u0010BV毒g \u000f\u0010\r𮯞w4]\u0018𒐸𬩺",
                    "username": "\u0001^wMR\u000b𬗣拦D󺴩\u0011𫊊&I4\u000ea\u0016m\u0010(􇊗\u0014𤧒𝂈w#\u00022"
                },
                "body": "\u0005T岰.A뜑𗤥[ᦰa",
                "createdAt": "1864-04-27T18:21:25.572676576528Z",
                "id": "000068b2-0000-3c8c-0000-0b30000000e7",
                "updatedAt": "1864-05-16T09:15:17.329377117479Z"
            }
        },
        {
            "comment": {
                "author": {
                    "bio": "\u001b󽻒M\u001eDJ\u0003{",
                    "email": "𘪹d]N\u0010\u0000?e󺡇NNp=쵡",
                    "following": true,
                    "image": "\u0010'/34Cf𰿕t􆩙@[曗R6H@􅌛󱜑b\u001a\u0012􈛉W𰿾q2+",
                    "username": "𞸵>4󿿏ꎊG\u001e/󠆒\n𥬃\u000f\u001b;\u0001\u000ezhX"
                },
                "body": "\u001a @1Fl/󶎧pe?w󷔸@𤱽'O󿁩1ۑ􅼂k𐦜p>O\u000f",
                "createdAt": "1864-05-02T07:34:23.406270793715Z",
                "id": "0000344c-0000-17c0-0000-7e8800007c6f",
                "updatedAt": "1864-05-31T03:53:26.173227656967Z"
            }
        },
        {
            "comment": {
                "author": {
                    "bio": "i[􈇰f*\u000eF",
                    "email": "𮘻4T󸇅j𑆂y'ꬵ%𫓖yO1\u001b\u001b^\u00174` *₪󾊟􇴢\u0006G3友",
                    "following": true,
                    "image": "%輄~+C􍁜\u0011\u0016A󹇺a0\u000c",
                    "username": "O#橾𤟒L􆫸="
                },
                "body": "8sJ\\\u0013𦏲2ѡ󸉆aF[O>筟?婟HB􆆦",
                "createdAt": "1864-06-05T17:20:48.438029289129Z",
                "id": "00007444-0000-303e-0000-1331000043a2",
                "updatedAt": "1864-05-24T15:36:53.55115562638Z"
            }
        },
        {
            "comment": {
                "author": {
                    "bio": "HNy`\u000e󰫞\u0003켰\u0019􂳑,",
                    "email": "𧾞_\u000f,𦸮󼒗F>\t\u001c𤣼 b󴍝&\u0006B𐎟5}䀭엛􎱳_?L\\F",
                    "following": true,
                    "image": "󼚮'󱄻\u0003Y&H\u0019-X(\u001e􌒴\u000c\u0008",
                    "username": "{M/󾩚𩋼"
                },
                "body": "]\u0008离\u0014u>\u000b\t\u0010\u0003𫜋鮞5\u0007𥂷𮊇&𬼯h\u0012P󲀤\u0003l}",
                "createdAt": "1864-05-07T20:15:53.667735312788Z",
                "id": "00005034-0000-56c3-0000-6d1e000025c5",
                "updatedAt": "1864-05-13T16:28:53.174113131062Z"
            }
        },
        {
            "comment": {
                "author": {
                    "bio": "\u0014",
                    "email": "VA3/\u0011𝜪𡎁\"Y",
                    "following": false,
                    "image": "󹙦Q\u0007𦙀",
                    "username": "l𦩓\n-ৃ𓅟𥉻7RGs9Rn"
                },
                "body": "幌\u0014\"󸶬-ek𢕵\u0013Y𦭪\u0004T|\u0015k_lVC`#M",
                "createdAt": "1864-04-19T13:08:31.108715720045Z",
                "id": "00002c30-0000-1655-0000-17fd00000df8",
                "updatedAt": "1864-05-10T09:24:36.487076103301Z"
            }
        },
        {
            "comment": {
                "author": {
                    "bio": "A\u000b\u0002\u001c󳛋6浦\n\u0007\u001b#}!-!\u0006;#2𐢛ᶞ2\u0017󵲖",
                    "email": "",
                    "following": true,
                    "image": "(􆒋𬛖\u00044Zsiᕊ𘀚{v􍮍J\u0011zz5b𓁅YQt\u001a𥥯􄅴ᄻQt",
                    "username": "\u001f\u000b$\u000b鳥12/56\u0002<u磢󲼙𝡫\u0005🕏𡽅𐾰2"
                },
                "body": "Q",
                "createdAt": "1864-04-20T12:07:11.613174317622Z",
                "id": "00004bf5-0000-0966-0000-3649000062dc",
                "updatedAt": "1864-06-07T03:17:38.970258948207Z"
            }
        },
        {
            "comment": {
                "author": {
                    "bio": "\u0001\t\u0019t\u0013\u0016xe|\u000b󰼶Rvt𝑒~LW{",
                    "email": "󴴊􋑀BF.\u0018nu!I",
                    "following": true,
                    "image": "􇁲Y\u0011r\u0019󼴯Y\u0006M󰰀@󻗟<",
                    "username": "𤑢􊉘󾦚󲙰\n󿛇E\u0006]\u001d#/"
                },
                "body": "\t@<\u0012㣻6\u0003\u0013\u0006H􂘚\u0019[^k􁊸:T􎎍~E\\󷤛-+,\u0001\u0010",
                "createdAt": "1864-05-26T10:30:05.645613049135Z",
                "id": "0000764d-0000-08db-0000-66f700000aaf",
                "updatedAt": "1864-06-02T11:44:08.588483657295Z"
            }
        },
        {
            "comment": {
                "author": {
                    "bio": "|!}$󼅇 \u000c\u0017a",
                    "email": "#􄄊\u0002$\u0012𞠚N\u0012!][󹴜w~\u001c2l㚽\u0018!f\u000e􍈻퇐_􃸲",
                    "following": false,
                    "image": "PV𨲜k8\u0006!",
                    "username": "󱊔\u0005:􅸣a5B|\r􋌰\u001f-_􉃩>􊍳\u0014!"
                },
                "body": "䘕ji󻊉jO9xL\u0019,쟞bM􈎈;;Ht\u0001􊗃\u0011󱰸",
                "createdAt": "1864-05-06T17:08:47.588274945039Z",
                "id": "00005750-0000-1457-0000-44bd00000b6b",
                "updatedAt": "1864-05-08T18:11:16.819824918224Z"
            }
        },
        {
            "comment": {
                "author": {
                    "bio": "󱳙0\u0000\u0010𣥞\u001e􌖊c",
                    "email": "埸E?󿀺欯j`𭂂\u0005R\\\u001da",
                    "following": true,
                    "image": "C};\u000b2<U8􅡆N\u0019\u0006◌",
                    "username": "Az\u0005\u0017S%\u001bk]k𩵭;*X'@S𠯦q"
                },
                "body": "1\u001aaQ\u0007nP𡮟B\u001eY'\u001bx=𘋀0&\u001b",
                "createdAt": "1864-04-26T10:58:38.976094894263Z",
                "id": "00003fd1-0000-2756-0000-5e240000587d",
                "updatedAt": "1864-05-31T11:53:01.833004789245Z"
            }
        },
        {
            "comment": {
                "author": {
                    "bio": "rT𥄳[29\u0013..󽩂𤽜.i嗳<-􌏱\u001b&쁹䣞𫈕x",
                    "email": "~z󷂏\u0018𗭾\u0008`󼹉",
                    "following": false,
                    "image": "*\u001fK\u0014;",
                    "username": "(\u0018'A\u0019𥙙@B/)[Y8}L 릔dWuUT#􊱿(u"
                },
                "body": "\u000f󻩉4",
                "createdAt": "1864-05-25T14:15:49.481395632872Z",
                "id": "00001e80-0000-3982-0000-071800004154",
                "updatedAt": "1864-04-26T11:28:37.66282736721Z"
            }
        },
        {
            "comment": {
                "author": {
                    "bio": "",
                    "email": "y\n!M*\u001a\u000fAX>L\nr",
                    "following": false,
                    "image": "N尒V𫕍󶈛]j󷙆綯\u000b􀖽,9?",
                    "username": "\u0010蘷P􁫃Pw<lS"
                },
                "body": ";􃩊bz􁹡N\u00115󱶳\u0019\r\u001al",
                "createdAt": "1864-06-02T02:15:15.556883791182Z",
                "id": "000079e3-0000-0ae7-0000-0d8d00001d18",
                "updatedAt": "1864-04-16T17:02:55.755402369017Z"
            }
        },
        {
            "comment": {
                "author": {
                    "bio": "n󻭚\u001a𣲿~d}𮪖󵜪HjX;jz_0{U",
                    "email": "𰷝",
                    "following": true,
                    "image": "庀4f\u000c𣢤-\u001aYn\u001b𭝊󱨜_\u0004\u000bK%",
                    "username": "󵵢Q𨩤󸂏z$\u0019u󽈌𥀈D!EV\u001a🩺%Fd𬓕F􂀘"
                },
                "body": "-W𫧆哹􅓊pF➩-i\u00162\t",
                "createdAt": "1864-05-09T05:17:55.24006687367Z",
                "id": "000061e7-0000-1cb1-0000-71b3000021be",
                "updatedAt": "1864-06-08T07:05:37.545558084551Z"
            }
        },
        {
            "comment": {
                "author": {
                    "bio": "=h\u0004𘚸l\u0019䀑󵥚",
                    "email": "ᩲ\\[xJY𦹅ny󸨸np\u0013\u0018\u000e\u0008.􉅼I",
                    "following": true,
                    "image": "Dx\u0017O\u0016\u001c+e\u0003\"󽻝F}Or",
                    "username": "-dm;l󳜚n!0􉟙󱟊\u0008􊲡ৄጏ6j􈐋󻀌}󹀁:Y"
                },
                "body": "l24\u0000L\n-𘧔𬫃mc@q",
                "createdAt": "1864-04-26T23:28:28.55363777696Z",
                "id": "00003491-0000-7f46-0000-2bd70000017e",
                "updatedAt": "1864-06-07T17:51:50.213028109435Z"
            }
        },
        {
            "comment": {
                "author": {
                    "bio": "💜r\u0006k<@[[둰P𑜹􀗛KVⷠ4􌍝'𔘎𨱦X礑\u000b󼺗;3\u001a󷱔0\u0013",
                    "email": "",
                    "following": true,
                    "image": "𨪁t􊎶󴐌󹵏K􆬡⚡𰎒5|랑^@╳\u0002P𠌐\u000f7􇴯󱨋𥐮\u0019\u001e󳲇𧌣h\u0017",
                    "username": "E\u000b𪟏zS𘧈(3\" ;?`Oዋy󸢖=𖧬9\t%\"󽦷#ac$/"
                },
                "body": "(􈧊tu={sY-d\u001f",
                "createdAt": "1864-04-13T05:45:17.361981768808Z",
                "id": "000027f8-0000-2d8d-0000-362b000023f2",
                "updatedAt": "1864-05-07T21:46:27.53598756541Z"
            }
        },
        {
            "comment": {
                "author": {
                    "bio": "~yW󵏃𥌇\u001a\u001f􁝢Wr􃎜W\"𤳗\u0016\u001c1G𡢇󵗟7",
                    "email": "\u0011\u001a𰳌#7𩂓",
                    "following": true,
                    "image": "GY-􎻤%\u0005m\u0018\u000eAz+ElG􌵮Zh",
                    "username": "55= \u0008\u0015檏\u0004譛d,\u0013"
                },
                "body": "6i\u001e􎌻􌀾􈣉󿚠\tF)VX󷔗",
                "createdAt": "1864-04-17T17:59:27.092779432416Z",
                "id": "00007c7e-0000-3c79-0000-5eb4000009b5",
                "updatedAt": "1864-05-13T02:36:54.214108734669Z"
            }
        },
        {
            "comment": {
                "author": {
                    "bio": "]Z\u001e0v𢔬C\u0006B@mVr+,'\u001f\u0005V\u000e",
                    "email": "𩕥\u0008Zpo󽣩\u001e\u000e*96\u0006Xi𦿴~􇦸􊰸\"\u001f\u000bb􃦌\u000e",
                    "following": false,
                    "image": "\\􅉝󱭺􀈲\u001eZ󺽭!\u001a\u0010",
                    "username": "𥬌|,2\u001d\u0012勯󰳌`$UQ/y\u0003\"\u001b撚󷘌Xj0\u0001Ifٲ\u0008]/"
                },
                "body": "b",
                "createdAt": "1864-06-05T02:38:31.725363138555Z",
                "id": "0000230f-0000-417d-0000-400a00007708",
                "updatedAt": "1864-04-20T17:33:48.758070115793Z"
            }
        },
        {
            "comment": {
                "author": {
                    "bio": "H㙔e鲪􌈣𰶸\u000c􍕓\u0011􂠘䨉NỪh𠚅Ftw>\u0008𬻛𓐱w",
                    "email": "糥3\\ 󳯊KB􄭛\u001cWBK\u0002$궑s$:\u0006+e\n𛱂\ri",
                    "following": true,
                    "image": "𤶐3Jp\u000b􏱆bf\u0008n",
                    "username": "~P}\u000bqO9\u0019U\u000c\u0007峮󳸫r訽G\u0006/'𤖙"
                },
                "body": "\u00002_\u0019?\u001e4=󲺤6qc􂢂q,g\u001d􌵳Y􋚠\nmJ\u001f6~",
                "createdAt": "1864-06-08T01:48:24.658167623781Z",
                "id": "00004935-0000-21fa-0000-421e00007671",
                "updatedAt": "1864-05-20T07:44:01.614704376763Z"
            }
        },
        {
            "comment": {
                "author": {
                    "bio": "nSOML#z䓷Y",
                    "email": "[*-}v\u0008rg-􀡧𫯡k<겐􆊎G-Y\u0010YcDR@RI^",
                    "following": true,
                    "image": "􅲢Ⴊm哊P󹓷󷹳\u0006𧶗{\u0007㤉o𬠮􈈧E󻃢;E9\u0000囘𨕚􁕯𭠋",
                    "username": "󲜱+M5<㊭Nv\u0002𗶼\u001b'\u0004,𦖴\u0003"
                },
                "body": "_K",
                "createdAt": "1864-05-28T05:45:53.833363141082Z",
                "id": "000000ea-0000-2724-0000-150a00005967",
                "updatedAt": "1864-05-22T15:51:36.309582995228Z"
            }
        },
        {
            "comment": {
                "author": {
                    "bio": "𐐾uvj(!\u0013𡗝夝\u001e,d\\󠁟𨕻󾓳M `\u000e)E",
                    "email": "\u000fs @󶔋j$􄅳CU鬐𥭏\u0002",
                    "following": false,
                    "image": "󱤂􅳧𘫒B􇟴\r{v\u001fp窮=Q",
                    "username": "\u0018p2;]}ei\u001bj𡜕􆤦󳩳q\u0001"
                },
                "body": "S<%􉢳>d\u0000󶲱g\u0007/牥󰜁𪘻\u0016憡\u001e\u0006{>uO髊5",
                "createdAt": "1864-06-02T03:32:33.223458216241Z",
                "id": "00004d45-0000-7bf9-0000-7d8b0000049d",
                "updatedAt": "1864-05-01T02:34:02.812086254672Z"
            }
        },
        {
            "comment": {
                "author": {
                    "bio": "\"\u000b猊𗠻􃚽\u000bX.􅉁Z\u00155쁅",
                    "email": "\u0008j6􈉝ey􎹙\u0005 6w󹟵{=",
                    "following": false,
                    "image": "􃢿xqT떺8E𢐖",
                    "username": ""
                },
                "body": "#攬𦆪 k⬪_󵣠\u0019𥃲5􎡄𡄧\u0005C􎧐􋉆􎷑(&󴂳k",
                "createdAt": "1864-04-10T22:45:20.094906126905Z",
                "id": "00001935-0000-7f5b-0000-4a9b00000bb5",
                "updatedAt": "1864-06-04T10:55:41.280173546809Z"
            }
        }
    ],
    "seed": -815807971
}