{
    "samples": [
        {
            "user": {
                "bio": "\u0013衿o{ᙑf􉗷",
                "email": "\u001d󽋫&拢\u001f\r5U$\u001awZ\u001cG插𞣔;`c\\󰅹󱋍K",
                "image": " 詥\u0005􉹉\u0017󺀏",
                "token": "􊑭𘩲}\u000fiw[~\u0004􎷛[􉨌x4\u001a\u0010\u0017r󼾟QG",
                "username": "𬛂0=$𒔭NL\u0012"
            }
        },
        {
            "user": {
                "bio": "bO",
                "email": "㼺/@",
                "image": "𠩝􊹭Q4\u0003􋾈k&󾖞",
                "token": "\u001c8J𮒧E\"",
                "username": "\n\"\u0018\u000cDr\u001d%"
            }
        },
        {
            "user": {
                "bio": "􏊯🢧􃂪\u0002\u0006苴𧊾􈘶倀a𭷬􉤭󻄎@#",
                "email": "ho`\u001a@J4fU娉\u0011\u00112Z𪋫\u001c`\\",
                "image": "xFy!𑘏􀝕2D𭻜-_l냓𣒸3Z󹔤\u0017)*p$",
                "token": "𤈹𘰢Y\u0017\u0005󲏷\u0019𪏯𬭋*r\u0001\u0011c𐐥\u001c\u001eh\u001f󳥆킧-",
                "username": "\u0013EضlY􎳯H󺥛󳿏o\r;쳯t\u0005?|p\u000b"
            }
        },
        {
            "user": {
                "bio": "y?Rpt<Wic𫖽",
                "email": "󸖝$𒐦\u001dO늄󴑋@1",
                "image": "\u0002I􄶲:\u000c𭺍􎀯BL/",
                "token": "+􎏎𞤯镫\u0014􊒲",
                "username": "󿝥t󻈤hl󴲈x\\fp􇤁r\u0015󺒈j\u001b𪃣䚾V⽃s􂌥u&D(\u0000!\u0015"
            }
        },
        {
            "user": {
                "bio": "􍡂}}mk􆇟Nj(`󳹓8𗉓􆿵🏗U*i8𨞒j\u0017dx҆🡤䖚$-",
                "email": "􂡿cm",
                "image": "7\u001a󱋊\u001d\u0005\u0015V\u001a<$F\u0010L󾙴b+7m",
                "token": "\t\u0001^s􄇬/pd􈱗𑃶䐒着W\u0002\u0011b?~T),`",
                "username": "嵕䮈{\u0004ly"
            }
        },
        {
            "user": {
                "bio": "z󿅍\u001f",
                "email": "q𭜑\\\"Q뫫󰓔M󴅋R\u001a􌺞\\",
                "image": "K􌲍",
                "token": "\u0018\u0000󴿞?9⌌\u0008o\u000e2\u001c&f\u001cৈi𗦃IM;\u0015LGvﴒk",
                "username": "󲭡{"
            }
        },
        {
            "user": {
                "bio": "v⽬(7󹤚46djG󲬂*@O\u0008'e5\u001c+P9Ⴋ􍹇팏Q< ",
                "email": "wW4ze\u0006xj8镉2qj=􊆅\u0019ㄮ)𐚠\u0008",
                "image": "uX[h\u0014\u0019*|#\u0013}-\u0002<wq󶟁\u0010𡨙z\u0013\u0012[7紻7𫏯E𬚂",
                "token": "\u001b勪]𬝏\u0019ea^Ujn\u0013BX𢜽O",
                "username": "\u0015\u0010𓈵f"
            }
        },
        {
            "user": {
                "bio": "]l\u0001條%\n?V\u0008󸑵b\u00183",
                "email": "z9_\u0012T\rᕍ󴫱x",
                "image": ">󺝠𡽏F􉨆􉏔􅖪",
                "token": "r􉁥U\u000c圔fO,􇗍\u001bz&",
                "username": "V"
            }
        },
        {
            "user": {
                "bio": "'􌴺󺐹dP&",
                "email": "𦼰\u0001㠼L 𐡕0dfErCUd\u001f",
                "image": "sYe󹑥b",
                "token": "=\u000c󲙸)@\u0007^-v^wN",
                "username": "橂z\u001f("
            }
        },
        {
            "user": {
                "bio": "\\^\u001dqum􄇽)x𘉧𗉞\ni`%\u00145Ko_h𫫃s\u001e\u0017)󺧩𑆼E",
                "email": "W\u0008𝌦𨬵𘝋GG\u0010Fl\u0013㙼gMp/I󹐔\u001a󸐤􌰷xD􍋚e",
                "image": "􊮸\u000el0.f􉹫1󼳾",
                "token": "p\u0013\u001f\u001493O󹥉֮-ᦅD󵓴1vL]{~\u0002-䇹\u0000\u0008t􂚓:}",
                "username": ""
            }
        },
        {
            "user": {
                "bio": "\u000b=T]󱆷𝠴󷺸\u0006q\u0001\u0013&틠0󳋢q",
                "email": "r&",
                "image": "\u0003",
                "token": "J.k𑒫?>m\u001a_\u0002\u000b𞸀\u0006",
                "username": ":p􎐕􀵎􀸋3\u0012W\u0015!􌏭𑦶G\u0017e󰉔X$"
            }
        },
        {
            "user": {
                "bio": "S\u0011EU~.j􇅘𭞑|Y",
                "email": "\u00188\u000fG6\u0007x󷙹^𑻤ky-O\u0013m𣑴\t",
                "image": "􍩠",
                "token": "𡩉\u0019󰁂C|BI",
                "username": "𩐚柹\u0012$F=q=𝅪ｖ8+a0l\u001d~𒌔𢨸x"
            }
        },
        {
            "user": {
                "bio": "mu뤞lqZ󲬆𛋍\u000f􅢨󺣑􈉀􄸧KS🞅Bh󱨠龠$#󷾚\u000b",
                "email": "=\u0016\u000e\u001c(0\u0005𠰖R􌑙H&G関惈1\u001b",
                "image": "v𧳴맅&.\u001a})W\u0003C\u0007j󰃟1􎕫􂷝󴔓",
                "token": "",
                "username": "rL\r𠰾\u0017<7󳈸[쀭l𞴉𰅀R@"
            }
        },
        {
            "user": {
                "bio": ")\u0011w\u0010\u0003,𰧭\u0002oY/蔒\u000b\u0006𤢼\u0003D𝃄z󼖎􎐀",
                "email": "𫱬AQ[P&\u0012n\u001eT",
                "image": "h\u0003qMQc%u I󿪮h\u0014$3𫰯",
                "token": "f󿟞1g8e)",
                "username": "3fDi󲉑rD󹨢󶍓_c𣋛𥰽ϓl!\u000exqnF􊟠h􌏫}"
            }
        },
        {
            "user": {
                "bio": "\u000c\nc \r𥢶",
                "email": "􅵆󽯈cfY,I;{=E\u001ed?l喹K󿁻󻨱;C􈩍􊐁\u000f\u0017I􈹮",
                "image": "\n皀𫝙ell2T25nG[\u0000\u0008𠹜󰺘_K􃩸𥷮kq󸙳",
                "token": "_\u0019󾣔騼J&\u0013􍀼1뺫\n",
                "username": "U\u0013𫲬\u0017B𪮸\u001b\u001ewKT𣄺KR]@󽬺잷"
            }
        },
        {
            "user": {
                "bio": "Yl󻋲o􈊍O\u001c:𰕰3\u000cc\u001a",
                "email": "\u0015lHt8|g􂪵T",
                "image": "𤐺􁟋I댫􊹱m􊍳K𠑈#,[=𘌖",
                "token": "`-}󷴈\"",
                "username": "렊\u001ensd`\u0008)􇗂󻞑lL􆙯𢕓ᨈ2\u0006kAC\u0004􈱾m\\dI𰠉"
            }
        },
        {
            "user": {
                "bio": "]􂰋z\u001c𝛱BD",
                "email": "⇝󽙺熊wG}Y\u0008?􉘉]\u0001\\ꔞ|U\u0013.힆\u0006,S\u001f:+",
                "image": "w/\u000f󳢉|yn\u0017\u0002FIo\u0007𰭥;𣢙<􎪡",
                "token": "\u0019㍭\u0008󹧶𨞚ebQz𭵵XZI",
                "username": "1c\u0000\u0013zR󾽺\u0000􏭒"
            }
        },
        {
            "user": {
                "bio": "𮣲󹉼@FGC\u0008\u0006f",
                "email": "=9\u0004𥚃𬻧E7",
                "image": "{{󼰿",
                "token": ">暟j𪅣Y󾄡𩯚eV\u0005xw⥯\u0019+Gp`\u001f@o\u0005",
                "username": "\u001e]T7􍴊t57s􄅲\u0019\u000f([>c"
            }
        },
        {
            "user": {
                "bio": "\u0013󿧋\u001a\u0010c$\u000f\u0017U>'",
                "email": "FA}\u00041\u0015F\"\u001c/\u001c*T-\u001d\tD[_",
                "image": "\u0010 `'ൢ䗤\u001a𥄩\u0017uy\u000e\u0000",
                "token": "𔕱n􆎌󲡜\u000f\u001c\tf_伽h茌&\u0019=3\u0013Xp!녬",
                "username": "\u001a\u0017\u001a)@-􇟽(\n\u0012;\u0006\u000c\u0001"
            }
        },
        {
            "user": {
                "bio": "Y\u001d膎𣳊\\𘡄􀒯菸鯑eZ,䒬􆡹\u0014\u0017p\u0010-𦏡\u0019\u0004py",
                "email": "\u0011􍘸𠶭JP䐳\u000c',载X@,\u0005{\u00125𩖴\n`",
                "image": "0􍖊ؽr􃈵\\Ik\u001a󼖳<ꃻb󺻴󴧀=\u001e𝛜\u0001I",
                "token": "\u001d󰄉\u0018󾝵T\u0007$*'}y{V. @\u0004\\𮓝ᒰ",
                "username": "s5\u0008\u0002&󰆍F1쥛𪤞􇷖9gqv\r󻊭%𩖟.+󿈁j@!䣂\u0005"
            }
        },
        {
            "user": {
                "bio": "傩󿆰qD",
                "email": "\u001cqNKXE\u001d\u001c\u000e󲴋𘤎\u0007茭\u000cm/S󽐉~􉷮𩤼x'A𠸨",
                "image": "𭭆𨕅/𐦔\u0004\u0004o𰍣v",
                "token": "U2\u0007M쳛\u000e7􅧟B",
                "username": "\u0019\u000b𨙥+\u0018F9b󲳇vW䵌􍣆`\u0001\u0014Q\u001fFA\u000f"
            }
        },
        {
            "user": {
                "bio": "윍m\u0018Pm\u000frg[$󴢊3\n\u000cQ\u001c𖽫𦨷UOL%s\u0011🜖+}",
                "email": "/\u0017󲳆K=\"㥂\u0017]\u001c󵇫󳅍#􄄮n\u0004@=\u001a󰲇\u00071鰫􆁔_\u001e/\u0003i",
                "image": "",
                "token": "󴠲ꌌ󵷄lm-\\kV\u001b/",
                "username": "𑆂{o\"1 \u001b\u001e,\u000f27𭉥"
            }
        },
        {
            "user": {
                "bio": "󺥚hO=x\"􌝎n\u000b𪏇",
                "email": "󶪁?9\u0014]\u001b+",
                "image": "cZkn@p!N󺃭\u0001HqMa귶b",
                "token": "K/\u000e𭧍~C𬕕𤍤q𫬉J\u001eu艚WO9|X\rR𤖢\u0010.ҧ",
                "username": "⣔𧖠82\u001c\u0004\u0008􋦊ᯠ! ~g􋘷:S)\r\\\u0017pF@𥼟\u0015"
            }
        },
        {
            "user": {
                "bio": "Dd\u0018[S%\u0010#W及デ\\X󺆖\u001b`袘{F)7q",
                "email": "b}$T6",
                "image": "\u0015𔑊l\u001a5𣚘zW\u000f",
                "token": "𩓁􀤭𝀌P𖡣/1R󶏸8􁌚e\\?䥞A0\u001bK?V𢬒􊤙ᑥp",
                "username": "B3󻔁U\"𤫨V;l"
            }
        },
        {
            "user": {
                "bio": "8PBDf𠑂ItS\n\u001fb",
                "email": "S6膜?E{GQ􃟮_`\u0005jOGe𨯄뼮󵦴c􏭍$2Z\u0004(I",
                "image": "7xJ⽑a󹓇A䯈x늳f􏰤+襇󶢋K",
                "token": "Y@\"]i\"􅭖󹀨\u0016𦓑g􀀎",
                "username": "A\u0010<[􍛇*􊊫\u000eT􋙫Za\u0006􍍁F\r/{\n\u0015=􆯠^<ࠌ"
            }
        },
        {
            "user": {
                "bio": "r*6\"\\P&Keix}\u0016Ky󼣼\u0001zQW",
                "email": "Cw\u0014\u0003\u0005!-X",
                "image": "싯FQ,L ",
                "token": "B\u0015]*L\u001fB𨱔m󼦷𭸟b8`*",
                "username": "\u001d!𧖙QLC\u000b4x^rQ\u000c"
            }
        },
        {
            "user": {
                "bio": ".\u000b󷡍\u0001",
                "email": "󼷦𰙆9L􅦉MBy+0㘔Q͔",
                "image": "𓀤",
                "token": "𫄽󸦻\u0008\u0008$C\u0007&OyVnj*\u0000\u001d>oq>lC?\u0014\u0010\u001a$\u0002􍰌\u001e",
                "username": "Z"
            }
        },
        {
            "user": {
                "bio": "^N󿜴,\u001c㮡󹉕2\u0011I\u0007Z偕S󴸦u𬋖)U􅀚",
                "email": "FoT~x4􃶬gGk]󽅅x_\n3⏑󷃯;Cz",
                "image": "\tvl󿲧0󿳹V𭒹🡗7u􆫉\u001f\u001d𝄝B괍􅴭\t\u0000",
                "token": "-v7\n$󹔚$shC)D?(C􅹾\u0000𭽽\u0001Z!\u001ap@𮋼𬘢\\",
                "username": "\u0017띪("
            }
        },
        {
            "user": {
                "bio": "1\u0015ࡧcvb;D1.Gl",
                "email": "\\uy􊱂_쯟𠑓|\u001b[󴵸QXb}d\rJU",
                "image": "𭑼\u0019h;􆵷Ha}S𭦊|𫟹@ਮc/󷺵",
                "token": "R􍙃eiD\u000e􊄝\u0003\u0015\u0005\u00008+im󷓋𰹶\u0003\u001d𦍨+Z\u0015V󼟹𮨷0\u000e;",
                "username": "\u00179k𪬆#\u0014w+􇖩󻽃􀅮Lx,𬌒Qs滐OQq&诨u\\3L􄓭䁀"
            }
        },
        {
            "user": {
                "bio": "vh\u0019tL\u0001󻜛[\u0010M5󾀙$g\u00157\"󿏳$+􀍨",
                "email": "",
                "image": "󻲥\n\u0014MA􃦏\u0004t󲝌Jb􏅘霪􄼤\u0018ZG\u0005\u0012;++\u0013𛊂c뽤",
                "token": "\tv_<\u0018\u001c",
                "username": "\"𭹹`䟆Y`7𡲉T%r􆰴𦤂@\u0008"
            }
        }
    ],
    "seed": 1075853072
}