{
    "samples": [
        {
            "profile": {
                "bio": "h~\u001c􍞠",
                "email": "h^',]6qk'\u00081\u000eႵn𢟆𱁳U#\u0018}\u0012󷃚}UO\u0019\u0019|'5",
                "following": false,
                "image": ":",
                "username": "(\u00088󻊿iQ\u0016J-􌵼8륃𢄮\u0011"
            }
        },
        {
            "profile": {
                "bio": "?Z􋈀􇢬2𣽥\u0014i4.}\u0017",
                "email": ":09\u00055􃿐\u00044",
                "following": false,
                "image": "𩾃\u001c6`z󸖥k\u0000\u000b\u001d\u0007\u0000\u0008􃟇\u0012t\u0004%l/H'xᜫ􅹮v𪪖]",
                "username": "\u0002r\u000bD􈊏\u000c𧶂"
            }
        },
        {
            "profile": {
                "bio": "󴏳{𫆟qE􊨷4\u0017",
                "email": "8􎗘PC\u0007mM\u0008*#붍𧳶𤁾X\u0008𦖠)\u0002VY􍛜\u000f\u0003i",
                "following": false,
                "image": "\u0017Cen\u001eHx#🀈􎫷􆘖𡆉K\u0018\u0011HD!w1?[8\u00118赹􉖘",
                "username": "󻩊*\u001a}"
            }
        },
        {
            "profile": {
                "bio": "~d|OA\u001f-8\u0004\u0014v+1ZxzU5󰮭Xn󰠿\u0011虪k%󱀩󴹥\u0013\u0002",
                "email": "􅱯T/\u001e}S",
                "following": false,
                "image": "6\u0017\u00112\u0007\u001b",
                "username": "*y"
            }
        },
        {
            "profile": {
                "bio": "Y6>y㽣\u0007\ri",
                "email": "4![",
                "following": false,
                "image": "-󰌼𰛭p\u00083T(2|􌨁\u000b􇈝𨫨\"KR.~\u000e",
                "username": "{"
            }
        },
        {
            "profile": {
                "bio": "w󺕒_@溟ot󷐟DE\u000f\u001e[dsヘv\u001eQ𪞬\u0000\n7AFO",
                "email": "5l\"",
                "following": true,
                "image": "J6?8𪡹e􌟧~󷃾r\u0018𤌏e",
                "username": "{"
            }
        },
        {
            "profile": {
                "bio": "",
                "email": "􍾃O\u0015􎡵\u0010t\\o󻜅\u0002􌠥𧠌cr󰳣􍱖<\"@r",
                "following": true,
                "image": "􀲱ㄐt\u0016c\u0008\t!\u0012m𬸏4_楫ou\u0000`=𰂮\u0017 /\u00185",
                "username": "n\u001d𪎞󿲲S*Y[\u0013/_H󲫻/d|c\"z\u001c+\"EU煋b\u0006 "
            }
        },
        {
            "profile": {
                "bio": "\u000fJ\u001c\u000cX􄯱J\u0003a𫑵\u001d-\r󸙮󹯋Hq#󼯙[󾀫uꉣ'\u001b",
                "email": "c~D𥫓􌁷Er<_\u0015",
                "following": false,
                "image": "N腕l6\"v𐚽󻵳",
                "username": "ீ[YK󽣎\u0003𦷯f󴌕\u000e"
            }
        },
        {
            "profile": {
                "bio": "utx쫻[⽁nT=~􆛵\u001d'X\u0005\rꟃ>.RB\u001d1@",
                "email": "𢅲󹵇\u0001^􏳾􅔱溦\"􍉡bo󾉴fsj꿥hL2𬌸󵖱󽙿O࿅8M#|",
                "following": true,
                "image": "",
                "username": "􀍜\u001e"
            }
        },
        {
            "profile": {
                "bio": "_𩸤",
                "email": "\u0016𔐓#\u0019{x𮐎 \u0017z&.󹭧\u0015🂺D[q",
                "following": true,
                "image": ">๛펠濇\u0005𮐟\u0012",
                "username": "\u0011}󽼊4\u0007"
            }
        },
        {
            "profile": {
                "bio": "ﺃd`o\u0013\u0008󷅈",
                "email": "mG$<砊逈gR\u0018#\u0019𢪤󺻄 \u0006z𩘝\r1庰A",
                "following": false,
                "image": "𮎵􃡸h\u0019\u0018~\u001bl𡶰m@\rl>U",
                "username": "󲻩v⒃\u00149U𢄶w\\7\u001eo\u0001YࢱHh\u000boY.<>"
            }
        },
        {
            "profile": {
                "bio": "r\rTH}?𦖹􈳚\u001dt7劑󺚜􉄞r\u000b\u001e\u001e킕+o]*瓪B",
                "email": " \u001b'\n落[􂝅$FrC􄸟yD􂨼🄾𠽗jׯ",
                "following": true,
                "image": "6\u0000lf3z􁯓",
                "username": "𘯹􅝻􊉫􂋅l:.(g󳕙󱰴\u000f{\u000fK𭇉D!s"
            }
        },
        {
            "profile": {
                "bio": "m\u0000󷨘𒋳􃇨U3\\C􃗷G;𘘼",
                "email": "𨫛~0􇸖ﵓ𩆵󲷿18o\u0017𬫅\u001e𨎖迍Ae]?s섹\u000e\t",
                "following": true,
                "image": "RW\u0015𣬐",
                "username": "\u0015\u0003􋏧HC𥁑f\u0001/2_D"
            }
        },
        {
            "profile": {
                "bio": "Z\u0004Cj􎌹\u0015&'1󽰢, p􈚳𣏀ﲸ짖#]D",
                "email": "􈸓\t@KB\u0014s㼎`",
                "following": false,
                "image": "C𣥅Uf)\u00118",
                "username": "u􊽖DJe[i\u00086!\u00056=󻝡SE"
            }
        },
        {
            "profile": {
                "bio": "|w!~𧾱AXf􃉤v7%n\u001b䈼𥥰.Q%*$y󼒻𠼃󸀵>Uu\u0003󽍺",
                "email": "Y겇\u0018GJOl󹟟B𗪉lXP_\u0015",
                "following": false,
                "image": "\u0005\u00074#w\u0004=&􅝉\u0001\u0007`ol\u001e􆵯󺫊%",
                "username": "𡼛H?<\u0007\u0001j/9'T!G􏰫EXNc𫊋O\u0007xᖠD"
            }
        },
        {
            "profile": {
                "bio": "󻒜^\u001eiX\u00118/𰿙ﮌ\u0017",
                "email": "𤆏V\u001a𧨣𠮩e󿶢𬹈󰤁7b7\u000c",
                "following": true,
                "image": "[$a𢼘\u0007c?􁂆V<dIᱭ(mbxBDM",
                "username": "\u000fᔈ"
            }
        },
        {
            "profile": {
                "bio": "􌯏K𫳽b8JW\\",
                "email": "\u001a9𢄅\u001chp先8\u0019􇆣\u001d󰯉b\u001e\u001d\"U􂐬Dv\u001c",
                "following": false,
                "image": "\u001f?􃄎.\u0002xs\u0005􀓡\u0003'􉭋]𮘜R(訸Q4盽\u000b\u0005\\􍟁M\"9\u0007QF",
                "username": "U<}\t􀪫\u0008\u000e\u0007\r𡺖iҘye學\u000c"
            }
        },
        {
            "profile": {
                "bio": "`󸻑\u000e󶹰𣵧M🗂􄒌\u001fn\u001a󳗳󱽘",
                "email": ">\u0018rg5k𰀏󽜓$􋣜e\u0004K\u0011.􂀲P4\u0004􋢞햻",
                "following": false,
                "image": "\tl𢽬\u0000􂕖𡽢,/􌛓W\u0001(ዄW+\u0016I[K庠mQ5\u00190'm",
                "username": "!T乄Uj\u00075𨧷"
            }
        },
        {
            "profile": {
                "bio": "\u0003e󵜱T\\=",
                "email": "􂕲\u0011􀟐󸼙\t(\u000bc\u0016\u00064.Z\r(ha\u000f\u0005=\u0013􅳗a",
                "following": true,
                "image": "3\u0019B􁤁d`",
                "username": ".\"B󶼲)hx(\u0000w𝕓𦯅)$`B#3\u000b󻸕J!􄆛ip𭝀iSC"
            }
        },
        {
            "profile": {
                "bio": "P",
                "email": "5",
                "following": false,
                "image": "",
                "username": "\u001dh0𒅒钉>O燓\u000b\r1"
            }
        },
        {
            "profile": {
                "bio": "~>ᮍ倏",
                "email": "A\u0019󳬯W@\r\u0015\u0008\u0014>􍒹DMl󲹰s",
                "following": true,
                "image": "􈟣M;➸\\eX󵲼! hbE.􃞊DmI",
                "username": "2\u0016f𦥞bA)YrJ\u0013"
            }
        },
        {
            "profile": {
                "bio": "\u0006\u0019bsN𓐭S􂫙 멥𭠃'𥆴1_l$",
                "email": "}+4𠵸aU(Z𥧡菆󿗗\r14",
                "following": true,
                "image": "0*",
                "username": "\u0013[A􏘶⅁􆒡/\u0018a&]HwV􁰴 oY󰏒"
            }
        },
        {
            "profile": {
                "bio": "u^",
                "email": "P\u0016\u0005L\u0006\u0010\u001d8𡛆􌚑fN[^\u001c󼏟󿴅􇍺\u00188𠰳⛼O",
                "following": false,
                "image": ")􂥯p\u0000>􆎚q5􎤷󰼛R\u0013􌟊H",
                "username": "\u0007\u0007lP`𝥮V8𔐹"
            }
        },
        {
            "profile": {
                "bio": "镚:󻕺s\u0005_P󰛠􊶿􋯽\u00079U8(􍐞Y",
                "email": "hm+.]\u0012N",
                "following": false,
                "image": "\u0006].䍄𪄊\u0019𒈾󿂙*!:䎑\u001eㅴ\u0003􈶏I\u001b𤞳kT~h󳞥I",
                "username": "t}\u001eD'󰘁\u0014T2amn\u00161􌰽􆃶R􇮱𫚲𢑀%?󵛪c"
            }
        },
        {
            "profile": {
                "bio": "\u0016\u001euUh<?󴩂\"",
                "email": "O𡸯#bjT\"Hi4n\u0000_",
                "following": true,
                "image": "4f'3K' \u0015􎂥𢯕l\u0015%\u000cfDL\u001e\u001d\u001fvy𠂨𩹭b\u0007\u000b_N",
                "username": "\u00031"
            }
        },
        {
            "profile": {
                "bio": "\nMq=",
                "email": "C&􈛞L-M_\u0014c=󷊴8D-Y􅹨8󾪭\u000e",
                "following": false,
                "image": "6",
                "username": "\u0001\u0015==ﯽ7DAZ\rR󰩒y􀍶L.`"
            }
        },
        {
            "profile": {
                "bio": "*eL󴠤-YkP\")\"k)\u0016ᗴ;󺇷g󶙫$a=x",
                "email": "𦟰p\r=yj萺&Yt9T뜤􈘥󹦈\u001dY\ngj\u0004혟U𒆳\t\u0001jd",
                "following": false,
                "image": "E\u0007v𐚉*]\u0017潪z\u000b󺻙m",
                "username": "UꥥwU\u0011\u000bv\u000c\u001d\"𢧱#W"
            }
        },
        {
            "profile": {
                "bio": "h\u001c􀦾5<􃲅\u000e'8\u0006􆊋",
                "email": "}\u0006}#",
                "following": true,
                "image": "􃊰 󼎧󼗩hY􇕧{\\󷸏kb鯝出󲱸\u0005[𗏁+q\u001b􀃒󰕸\u0015$\u0011o",
                "username": "E𨨔}HE𭋛N𗠖\r\u0004\u0018󱩀9,yA窤"
            }
        },
        {
            "profile": {
                "bio": "V-󰸔Ss0x􇏗",
                "email": ")\u0008󱉡󺲙W\u001beJ끛!kX𫐾d\u0004\u0011𦓛e\u0012󺔢jY􂄻d猚F\u000c쟟:6",
                "following": false,
                "image": "!G\u0007u\u000f~\u0004𐓎Xd\u001e뻶>𦫗C",
                "username": "\u000cHqN"
            }
        },
        {
            "profile": {
                "bio": "'`󹊼𑊕@-;56󸩶@糖𣄕]Ax$`4F󽿦Wn1畤U",
                "email": "\u001e𒑑@vB\u000c~􀽶[桏\u0000䦎Lh􃶔Z",
                "following": true,
                "image": "Te𦾩콤?s\u000f󲻙\u001dw肃P\u001f&3\u001bn|yd\u001c\u001f/",
                "username": "\u0010\u000f耴\t"
            }
        }
    ],
    "seed": 668755919
}