{
    "samples": [
        {
            "profile": {
                "bio": "4&􇲉\u0004󽇜\u001c􊖼󷊖q𫈕",
                "email": "𰮽K.$,>􏡡JTz哈9Z",
                "following": true,
                "image": "𬡌N􎏜𢧟%",
                "username": "OS^q\u0006O󸴎\u00136f"
            }
        },
        {
            "profile": {
                "bio": "PEE(\u000fc*$C!",
                "email": "%錹𘝄zA\u001dL@:\u000f\u001b=\u00100$",
                "following": true,
                "image": "/z􍠰\u001a5",
                "username": "\u001akD\u000f\u0017\u0014J$n7"
            }
        },
        {
            "profile": {
                "bio": " \u000f]_𮅯u(􂬒P",
                "email": "􅲷{K\\􈦃닅v\u0013𭆤\u0010\u0011?",
                "following": true,
                "image": "",
                "username": "뒩7\u0007Xr6HKJ𢵇𢺙^I􋧆B􌭛\u001a9􅌁ᄉ\u0014\u000c󱼵"
            }
        },
        {
            "profile": {
                "bio": "𘝼`E6",
                "email": "󹭃뽨\u0002E#~O🃎𥼙𠵞>坞\u0012\u000f\u0002\\\u000c.N𧺪\u0013𠅔r\u0003",
                "following": false,
                "image": "$􆑳&H\u0010}<V\u0007\\\u0006ꅳ󱊻􈊂%6\r5u9𘏯𝙡\u001b\u0019P",
                "username": "<"
            }
        },
        {
            "profile": {
                "bio": "f\u001e\\􃠐\u000c􎈂hLhV\u0006!Z備\u001655p󶠙\u0017𢰿I&um􊒙",
                "email": "gW\u000e",
                "following": false,
                "image": "\u0014m3󾵭",
                "username": "V􉩖DW󶐭𫅽=\u000e>迳wjBV3\u001d;󸁶r\n 3`󾀀.S󹼺󾼡㧇\u0011"
            }
        },
        {
            "profile": {
                "bio": " 𦥲K뵉\u0000lk{c%v",
                "email": "\u0015󵂾猕 𠍇&􉓆󹴓|N\u0004&g \u0004c\u000fl@<𬙏j",
                "following": true,
                "image": "Xl,(g\t0`T\u001f\u001f>𨶕\u001b",
                "username": ""
            }
        },
        {
            "profile": {
                "bio": "u󳅸𧄕\u0005ﲉ\u0010?􋁡\u000f㒰!N%𪯵",
                "email": " :昉d𗿦𘩢􏔩𬧋󳼤$\u001acg󸔫ꦍDa9JG􃟗]\u0002\u000e<B",
                "following": true,
                "image": ")5􊌸􀭾",
                "username": "\u0000㛌<K_aX틴\u000erQ\u001e\u0019T\u0004cg"
            }
        },
        {
            "profile": {
                "bio": "q煉\u000b􄟬\u000e,𭢅\u0004􁀏􋣚쒍5N\u0011\u0013",
                "email": "⛽\u0000稦@\u0013‫󱥸@\u0016􋽼`\u0017󴼝d칾0\u0011-I",
                "following": false,
                "image": "喀%}󾈿+󱄋 *?~d\u001b~KN𫈐nl&󴞾m\u0007􎡱&R4z",
                "username": ">Y*𪐑𮫌􉇞\u0004"
            }
        },
        {
            "profile": {
                "bio": "/+\u0006_eeS𗳁",
                "email": "􊟖\u0013F𖧨&􅨊􈦳Y䕴Y1>\\\u0014\u000c󿼗\u0010𘛚𪂑𮖸\u001e突𠈽ﳫ^@;\u001e_𢦰",
                "following": true,
                "image": "8𘚾󻤦\u0004\u001bU𣜈􊳮셛\u0018p#})􅰃󵰃雅A0\tQꋕG󻚝",
                "username": "c'7[\u0016vU\u001akJ𩲷l|\u0004umԳ4ମ\\=󷳉V􎯹G"
            }
        },
        {
            "profile": {
                "bio": "?o􈫒iLH>/t}󹹧BI;$v\u0019􋆶W𡝣?\u0011󾜟",
                "email": "𦓨 l󲺗3\u0006k\u0017D'#𠧏~M\u000e<_􇴱-/6\u0012􂹶ꄙ7􉌥v󰡩",
                "following": false,
                "image": "J\u0003􊿐f\"?d?$𠥚\u0001",
                "username": "?󸺚\u0000%𑚏4𩊈􆲵["
            }
        },
        {
            "profile": {
                "bio": "M󳩹~yW។Y羷\u0019or𪸘𢯌#>!",
                "email": "]𐅪D^tz_D闂`Z\u0019eU`o𐫖O{\u0012\u0005\u001b\u001f'\u0014[鰖󰺥",
                "following": true,
                "image": "",
                "username": "\\󲇣"
            }
        },
        {
            "profile": {
                "bio": "\u001a0𬀫<\u0002􉦣~5{􉜌K.",
                "email": "`\r5􂳏H􊾷",
                "following": false,
                "image": "\u0015󻗒/\u0018􊕦L\u0002@􈄥M\u000b5+S􁏳;j~K\u0016\u0001\u0013bWA􆣸",
                "username": "UVS􅝟󾨘)\u0004V􉋰\u000bi𗎫􀸱14H􇄶󳈴󾘇F\u000c\u0008\u0018"
            }
        },
        {
            "profile": {
                "bio": "𪐏jb\u0004em\u0015<\u000f폘𤂯P8ꘘ#B󲽫",
                "email": "ជ𑴡T*&r\u0008=\"U\u0003(𬍍j",
                "following": false,
                "image": "$II,[q4\u000f󽸀#X{𞄴􆒜̃#\u0012t𮍹HP\u0000",
                "username": "􂧗vV[𡟉^y$\u0011\u0013𭎵󸪄\u0012"
            }
        },
        {
            "profile": {
                "bio": "2x􀒓ﾠ\u001c𫠏눛b|\u000bA󱁛=Tw7𪆝ivIp󽊦\nꓪ𤂴\u00081!a󸈖",
                "email": "P􊗔=\u001c\u0015𦼄(1\u0004+[\r\u0007\u00163ⵄop\"A𑜉𰂎.\u000b\u001b\u000b􆣨",
                "following": false,
                "image": "",
                "username": "\u0001Y󽏁'􇍠1\"d@K;0(듮N􃿍xI􁌖|K\r|󽎋S!'󻙗"
            }
        },
        {
            "profile": {
                "bio": "G<#𰕇?%􍼠䡊1V",
                "email": "敥$\\",
                "following": false,
                "image": "𧏠􏸿 \u0004\u0001𐣣𬁄\"@\u0002J\u0014\tBAi\u0015",
                "username": ";뀷\nC B}\t"
            }
        },
        {
            "profile": {
                "bio": "x\u0010󸿾w𛋧\u0013a\u0006k\u000f-82\n𘱒05v[\u0002\u001b+iv5n𠧪g퀌",
                "email": "\t~􉌿𪼼G \u0014}􏵣\u001c(",
                "following": false,
                "image": "=\u0018󾲳;\u00153􅑈𰇵s4\u0000uUt\rwgY󼌊Cv>𘎢\u000e",
                "username": "\u0001\u0017𣿡\r􀅔𣻀ꃑJ󸭀𘕭\u0013c􆁸`^;d$HQ?郗󿪣􁛏&\u000c\u001b􌋾tM"
            }
        },
        {
            "profile": {
                "bio": "Z󱺳eVP𬌚\u0003cn3W)du5=󺶪I􎸑lE𪭆qx$0𦻰錀",
                "email": "􈙧X'𮒗😊Cu󲔞csz𥺹󵲗𢡝􀋅vbV9𒒽1h",
                "following": false,
                "image": "",
                "username": "􄽁7\u0018"
            }
        },
        {
            "profile": {
                "bio": "4eF\u0008",
                "email": "m\u0016S!\u000f3\tcYl𞸻",
                "following": false,
                "image": "Ii\u0005󱌱\u0008􇽏O𫚠'􍋔<\u001c\u001d\u000b󵯿'1T\u001f𠗖",
                "username": "y伯\u0014"
            }
        },
        {
            "profile": {
                "bio": "g_4\u0007g􍲃i􍁏𠪢\u0008%y\u0010J",
                "email": "er{\u0013Z\u0012\u0001u,\u000e;\u0015",
                "following": true,
                "image": "+𗋿g1",
                "username": "M"
            }
        },
        {
            "profile": {
                "bio": "1V",
                "email": "{\u0005;𬯚ꔚ:Q{w3\u0004󿚊ꌃ|\u0008z盔4|vhꛉ?􉱺R\u001a6𤯇𢽾",
                "following": false,
                "image": "􌡲,\u0012\u0005\u0012𦲊𘩕%._#\u0007󳮌\u0016)\u001e󵬣}oS\u0012\u0015𰕻",
                "username": "󿓛"
            }
        },
        {
            "profile": {
                "bio": "",
                "email": "🎪eiT\u0006\n𑍩\u0015\u0004D;u",
                "following": false,
                "image": "\u000e_󠀁\u0004탖*ᬬ=q\u0003行b\u0002t󲉆4󴂬L/\u001d\u0002o󱎆􊏱󻅟\u0010󵩿Y󰞛",
                "username": "b\u000et\u001e^>>"
            }
        },
        {
            "profile": {
                "bio": "b𩿣뇒\u001b⇾Ug$4<Qf=AM\\3SR\u0005",
                "email": "\"\u0000\u00134U.㍈\u0008b_aW𘈎\u0015o",
                "following": true,
                "image": "<*w\\bN䳚It󽆭7𐑶uQ\rm;\u001e",
                "username": "\u000c1993l~\u0002R0󻪘\u0017kY􅫚.{k"
            }
        },
        {
            "profile": {
                "bio": "\u000c󳡥=ﻕ9o􅏏𥐨󾴒aV~L𖤮",
                "email": "\u001f䎗\u001c􈲂b􄅬v\u001ayj⸮x𪷅\u0010\u0000b\u0016\\󻵜zw䧍􂈀2\u000b",
                "following": false,
                "image": "󽉾#󺜝\u0019V\u000bhe\u0006-2_?黝k\u000fJ7K~Py\u0010󾂑𩞂",
                "username": "=]󸡀Qj뚾"
            }
        },
        {
            "profile": {
                "bio": "𭝉+T󰎒Arh\u000f󼟐1|",
                "email": "𦈑b~L:(//𩖂󱲽6D5𓇩䅔$k\u000c*CI",
                "following": true,
                "image": "􊆒􄤢gM|6(Ff\u0014􈙧p|𬻸󵴙vO𭿬z\u001e",
                "username": "A\u001d{\u000e`\u0003\u0014\u0007𖫔Ds\u000e󸅖:r󸂸\u0015?"
            }
        },
        {
            "profile": {
                "bio": "\u001a\u000c\u0013'󿪛Ef󿼯`󷊃󹾾wwdF5S-W1K'\u0003",
                "email": "d'L􆂺\u0003Ou\u0017y𨸷n9\u001b",
                "following": true,
                "image": "𠮿^𮖸𨒧?\u0019\u0016ړX󾿉^!,",
                "username": "辿䐾6u\t_\u0005󷚕𤿎'zGy"
            }
        },
        {
            "profile": {
                "bio": "1jP]\u001c𢪥+a",
                "email": "\u000c\u001dr:\u0013䲲c\u00101@𣆽􉦤齘9\u001bL_seHI\u0007",
                "following": false,
                "image": "c[􂛟􅤿",
                "username": "4\u0001\u0015Y)\u001b=d1審dR(qN􂂌a𗘉("
            }
        },
        {
            "profile": {
                "bio": "2J",
                "email": "󺡐0C7\tY",
                "following": false,
                "image": "\u0004󲬠𮔺#􋑾u]M`󵸾\n_,󰆬^g(\u0004󳫟afW󰎈DX*^",
                "username": "􈦴3\u0007i\u0004)"
            }
        },
        {
            "profile": {
                "bio": "]J涮F\u0006\\𰝣籕\u0019Fy.⽙r󹮅B󷓑\u00130Nd\u001eKl\u001es",
                "email": "\u0012>􇷮G\u001d*[A𧜀go5𘪦상]\u0007'F\u0016\r 􃇪q",
                "following": false,
                "image": "(\u001aM",
                "username": "#\u0012a\u001fj~\u000e,YrD𠷁\u0006+KZ\u000f"
            }
        },
        {
            "profile": {
                "bio": "z\u001a0Xh",
                "email": "M𩙦M4kJ𨐤zdK;F􃶈\u0008 bE\u0008捞NU𬚫Bg",
                "following": false,
                "image": "]>\rS󱱵\u0005Y;q<㫅쟺J3𫲾\u0005i\u000e􊖶󼏜䠬\u0008\tM􆍪",
                "username": "D0󷲳󳱴JD\u001fN"
            }
        },
        {
            "profile": {
                "bio": "%Z􃂲􆳟\u0015c𤦟{k􃫉\u0000Yq",
                "email": "6A_󹤵3\u0004r\u001f%",
                "following": true,
                "image": "\u0016\u000bX\"挺|\u0012s󲖆?\u000f(",
                "username": "1d􏩸i1,\u001ccf󰒝4d𪑪'IV0􌘙j􋉩gn𩧄MV\u0005\u000b)"
            }
        }
    ],
    "seed": -980598347
}