{
    "samples": [
        {
            "user": {
                "bio": "𘘩H\u000c\u001f?NkP)I\u0001\u0015\u001b\u0008\r\u0014u𡰯\u0011􅁾Z",
                "email": "\u000c1mE\u0018༠\\󿔣Jp\u00138D𰝄3",
                "image": "􅽕G萴8*]\"U󺏖𥦙9􎩬ﲲw(\u0007v",
                "token": "�\"�\u0002~��<ru\r\u0014��e��*\rB%�8>�",
                "username": "\u0010\u0005岻}v"
            }
        },
        {
            "user": {
                "bio": "l;󾋍J!'Bg\u0001wxh&𤌊\u0006󿋗䯥_\u0003J􁀍􏦟",
                "email": "\u0006j7aB\u001c𘏘HAcs\u0010􁶥1e\u0000A/\u0019\u000b\u001051iq\u001d0qk\u000e",
                "image": "𭃍I󱷙.𠈙\u001aT\u0018>뷇YC􂐼\u0002U\n/\u000b\"L\u0008U",
                "token": "�",
                "username": "o\u0008𓎓QQ"
            }
        },
        {
            "user": {
                "bio": "X􋦯\u001d_𬔫szEP𑆘/\u000c\u0005`}T_V漝l󰭦麝-0;D\u00110𧓅缌",
                "email": "[^ZJd7tue",
                "image": "CH.<\u001alaH䡼\u0000p4\u0008\u0003d",
                "token": "�<���\u0018������\u0007�",
                "username": "􏲹"
            }
        },
        {
            "user": {
                "bio": "9Kn5ᣌGp7󽦰y𗐄b\u0018Vꈷ~\u001dXh𗣅䄔?g",
                "email": ":",
                "image": "𩼿`;􋗂\u0013{𗍸Ljp=㤉󿝔Z@y󰝗󳳱",
                "token": "�b�2�f",
                "username": "𩈐󿢼<􎈰gTdK􃂩ﵷ𨛶\u000fhR􂜡\u000e𡕲"
            }
        },
        {
            "user": {
                "bio": "4c􁻱",
                "email": "]󲧒JrU駂h\u0008𰣔",
                "image": "덼dR98",
                "token": "�{YzB�h",
                "username": "e+뤖婂Q\u001d;\u001b齄󿃄𣿜\nj5󷏯7wACQ\u000e\u0012P&󽱁s\t\u0010􇛤"
            }
        },
        {
            "user": {
                "bio": "",
                "email": ">Q&N6",
                "image": ":&S\u001e.\u0014\u0018mQ/",
                "token": "\u001a�z�;�e",
                "username": "V𢍒"
            }
        },
        {
            "user": {
                "bio": "$𝒰F5;󳗑𬙀𣃃YE",
                "email": "􆂌􋐢\u000b`]I🟋󹋶\u000e3|6",
                "image": "z􍪷\u0002J%Qw!s\u0011㚾9㔰et󳰝U#{kdI\u001a\u0012rM_c",
                "token": "�\u001b�&sw���{\n`\u0013I����Gb+���\u0011\u0015��",
                "username": "Op􇙖-\u000ff𠞟2\u0019tr󳴁\\U\u0002\u000e𮯒󰬹n-Rq\u001f"
            }
        },
        {
            "user": {
                "bio": "\u001clZ\u001e?7u<\u001eXMf&􄃟.:+6W&x",
                "email": "{\u001c\u000e)\u0010.>𭈪\u0005VrWq",
                "image": "󰺣\u000c󹻠\rQ\u000c􋤤q􋸲\\\n",
                "token": "�\u0010�:\u0002~",
                "username": "\u0016󰛤4ޙ\u001d"
            }
        },
        {
            "user": {
                "bio": "\u0005^c|J+]𡙪%B#J\u0005#l=*\u0004Q_Afy\u0005xst뒶󰮶􆧼",
                "email": "U{\u0004hg\u001eM󳤍C\u0012O􋬾f\u000f\u0012n",
                "image": "ﭪ𣲄5\"g\u000f:&ZG;O\u0015",
                "token": "�|T�\tK�",
                "username": "\u0011heqtXct"
            }
        },
        {
            "user": {
                "bio": "3X𢔰\u0004%(晴n󲦄\u001fbw\u0013\u0008\u0002}y\u000bP",
                "email": "",
                "image": " ",
                "token": "\u001eS�\u001eh��jafÑD",
                "username": "𧐼n\u001fV_t𱋼\u0013K􆿾\u000frj*􋍁#T􇎣𱅢\u0016􋰪l󿤖Y\u000e"
            }
        },
        {
            "user": {
                "bio": "c𬕾􏼙􃪣:!ꚡ\u000c겏d\u0005",
                "email": "\rF\u0016u𦲌I\u0007",
                "image": "BR\t*;(􎋋}cWIw 󰎮8\u001cⰅAB𬥹\u00123a",
                "token": "�\r^",
                "username": "\u000c𘪋D􈬭]􅵡d_vg\u00176\u0017\u0005B󻡘p𥩹􎕞^>]\u0008\u0014jw󷐨\u001e9󺓕"
            }
        },
        {
            "user": {
                "bio": "\u000c\u0004\th",
                "email": "Sg)yF\u0002Vr\u0007\u001a-𭈔|:CLL\u0015gmK/",
                "image": "l􁸰T9􀍇\u0019bs𗙇U𧪙X篅",
                "token": "�G\u0003��\u000e���N��v��)�|OI��",
                "username": "\u0008V>𣨥\t{􃉎i[\u000f𑊢.𦲸4\u0012􂪤UA㿏.I\u0010􀻱𘛀\t\u0005\u0008eX"
            }
        },
        {
            "user": {
                "bio": "𫝏mPIg󿭔𭁬E迦",
                "email": "u4fW",
                "image": "",
                "token": "��+�a�<�\u0011��ۛ&hq1�ob@���w�~",
                "username": "\r\u0015`/􁙱𤂍q px\u0005l󿇨lt\rl䪿Y1C&\"\u001d뒫\u0019eA􆡟"
            }
        },
        {
            "user": {
                "bio": "N+C/zVVM􄲯U/ꮷ\u001e𢉿a𰰩j}𪬅\u0000\\",
                "email": "𣨫𭝛󿜍R\tVrW\u0006$>o􁋣(",
                "image": "𒄦k1&𗝔썧\u0010l\u0015j\t\u0000𥱁󵟎 ",
                "token": "�U\u001a�fo��������`�t�S#\u0013��",
                "username": ")y>i撠\ra\u0014􃱈],澲(I!b\t!Y𗮁􊙄k\u001f[𣶨𝕍󸯘n\u001c"
            }
        },
        {
            "user": {
                "bio": "xd􊖅\u001e\u0007\u001aY\tm:~XK\u000c﮷\u001b\t@\u000e",
                "email": "荕㢪󵀳E\u00107𘟷\u001dV𗏓􆑐Lf3􉇠oH\u000b0v🂊",
                "image": "Dl<",
                "token": "�\u0002s",
                "username": "g(t󽏌\u0005\u0016w\u0001gᒶ8^pqౙ 󿏦𘎻\rH"
            }
        },
        {
            "user": {
                "bio": "'\u001c\u000eV\u0018V\u0006\u0019\u0008Y\u0006𔗟RUp𛊥I#\u0015",
                "email": "%\u001e\u001a/\t9}\r!𤲹4",
                "image": "E*净",
                "token": "B�`\u000e�N[�ʧ��S\rU�",
                "username": "\u0014\u000e(󼓵%\u0004E􎨬\u0001\u000eC"
            }
        },
        {
            "user": {
                "bio": "\u0008(cL",
                "email": "9",
                "image": "\u001b\u000f󰑣\u000b\u0013🢰m󶗃􋁹𥀢\u0003*󳒓",
                "token": "z",
                "username": "B3󼨋m󽘠󲆸𭞹\u0004B\u0005kR%ĄZ&k]_𧱐Xs\u001at(􆍍u𰀘\u0008"
            }
        },
        {
            "user": {
                "bio": "9󷭔`$k-t{ eN𗥤􋕛)\u0004𢞴Qbl",
                "email": "\\𰷬􊔦\u0010𨔆",
                "image": "󾴯\u001b\u0005v\u0013CA",
                "token": "����\u0019�Rl\\��lu%�",
                "username": "\u0004𧺶E볊wFs𐫛YnR"
            }
        },
        {
            "user": {
                "bio": "*x𫓐K~\u001d0󲏁󱱐\u0019󳅑)t\u0016im\u0010\u0019",
                "email": "DE`󹷵F \u0016\u0008{􄻧mY󷝭\u000b\u0016{𬬒Z]",
                "image": "\u0000𑛄\u000e\u0001xE\u0017:𥝏!]\u0017",
                "token": " �%V�\u001cӣ��U��\u001c�7G�i\u0002Ij��;\u0017",
                "username": "Y8P@k\u0003Z\u0012qക\u0004g"
            }
        },
        {
            "user": {
                "bio": "\\K􎕳z6|C\u0003x󴓾x𦉹𣓵\u0012KLa&I\u000b􈐆_\u001dd󺲨\u0018; \u001a ",
                "email": "\u0007=\u00169F𨗚𘘁\u000fTv𪛈\u0015%&'Ii𦱾7]\u0007􁎭O\u0005􊍄1gJ",
                "image": "yM=\u0012h``\rh \u001dc|D\u000b[\u0003\u0008$囍&14w,w",
                "token": "ҟJ�p\u001e��\r�6PU��+Z��v��T��\u0002�\u0002�",
                "username": "e䅝𫷓ꝂIJg𡠗\u0007'\tj\u001b󾱃,𢃯Q쬋\u001di_𡝣.􉊇"
            }
        },
        {
            "user": {
                "bio": "􄧊\u0015se􅊕ꑷ\\󸌮T𘦋W[$&\u001as𩀰L",
                "email": "a󲥇",
                "image": "\u0010\u0016q\u0011p&\u001c󶌂Vk\u000b\t\u0019%",
                "token": "��#m��q4�\t�f#��}",
                "username": "𢗟ng}󠄮R\u0008\"🀝>.􀳏􃚩M-M󰻏Vu\u0008d\u0004\u0012'ⷷ􁭾\\\u001a"
            }
        },
        {
            "user": {
                "bio": "O\u0016:󸸳 𫻈󲳬􄠕􊊺𩘀M\t9\u001fJ\u000b􇴙9\rt󹵥",
                "email": "󻮃CX",
                "image": "w",
                "token": "�Azh�",
                "username": "X$\u0000󸦹"
            }
        },
        {
            "user": {
                "bio": "\u0019\u0014",
                "email": "\n =",
                "image": "쮆󼼑􌙧k\u001ar@𮧪o􁬽h-x𨆬-\u0019\u0013~t[䍹",
                "token": "\u0011'b\u0015K��\u0010,I.1н\u0000��",
                "username": "󹈳V󼰕\u0017$;󷹉o󾦦"
            }
        },
        {
            "user": {
                "bio": "􃰧u\u0008\\W\u0010𮗚\\ 󴕆e\u0012赎Oec^H",
                "email": "\u0006q􁛗Y+M{\u0006:\u0001\u000e􂘒`l.󷥠\u0007",
                "image": "吽:Hc\u0014[􍋬=[\u0011\u0004",
                "token": "��hK�C��h����",
                "username": " 𦙟𧢉\u0003s%Cp2lZ𤎓\u001a\"D󽈬 𱌉"
            }
        },
        {
            "user": {
                "bio": "w7󿬖\u001bqV[/9",
                "email": "\u001c𦸎y4R,􏋲􄢸@F`𣄄[!晙  /+\u0000w\u0011F󲙆t",
                "image": "\u0000𗓚>𫈼a\u000f[P",
                "token": "\u000f���/��",
                "username": "􎇒0Fp󼊻T\t\r\u0014󿤠􄢾"
            }
        },
        {
            "user": {
                "bio": "",
                "email": "\u0004ꛍ!9􋕍8𠹛;\u0007\t4􍸿~𠎇铨Y𔓽}bE󺜁𦱾쏭🀛*艺?",
                "image": "󷚔l_UnnjW'1QE@\u001eH𘂉",
                "token": "��q��\u0008�",
                "username": "ᬾ<F􁽶1\u0008P\r\u0018yt􅀥\u0013\u0003􈈄\u0000D󿴰\u0006>4q\u001d歱𩿃`i$\t"
            }
        },
        {
            "user": {
                "bio": "\u0008늾a80\u001d󷞎𠍶S",
                "email": "'􍢍yw'🉤zG\\",
                "image": "cCCHGG\u000ezZ\u0004\"5f\u0004#3 \u001cS~n`*",
                "token": "i�KJߓ\u0003��>�Y�{�Z�\r",
                "username": "\u0007cOo\u001d)K;:\u001a\u0017u\u001f.2<MO𩆚儛[?[\u0013Q𒊡\n"
            }
        },
        {
            "user": {
                "bio": "𬗌󹖢􅍗>s\u0002\u001c\u0016I\u0005𒇄\u0004\u00018畗💫zdL_v^\u0008c@m",
                "email": "ኮr)d㋪r􆀾t蜌󽍏𣢮\u0006%c1EYHM\u001ccC󿈥𡁫q􁲮㑭\u0014P",
                "image": "ry]`}KC󵈹􀂇P\u0018",
                "token": "�\u0011�p��\u00162�'X�\u0004��;�\u0017�Ѯ6  ȼ\u0008",
                "username": "𡡌\u0000%w\u001d~Q?󶍖𤩣\u0001𫌉:5eh󼑂𱌻h"
            }
        },
        {
            "user": {
                "bio": "\u0004󱈌S-&𓆤%\u000e8KN\u000e􌇋B󰠑,􁹈뒒E\u0016\u0013~E𗳎:Rkij\u0003",
                "email": "\u0008𱇛Vl{",
                "image": "\"\u0012}",
                "token": "v\u000e��\u0007����0֨�E�6c��׭",
                "username": "\u001cvf"
            }
        },
        {
            "user": {
                "bio": "N󿓶-zd􏎫4N0􍏱󴌗􋯾z\u0007>0Zi\u001aR+턔砣DX󵵥K\u0002󴘟",
                "email": "Gr(\u001fZH6~U\n󾐜\u0014%",
                "image": "!6\u001eI\u001as􌅒:R.'\u001an>􊮕\u000e𮭈\\KS􇳠6xk",
                "token": "W,*�N����z$�1�I",
                "username": "􄿁H=3"
            }
        }
    ],
    "seed": -782884891
}