{
    "samples": [
        {
            "bio": "𗖽=⡩^3\u0016&\u00083M\u0017廎*>󿷘􄹔=􀈾(l^%\u000c\\󸙰5jLlU",
            "email": ".}N\u0016󼚦HG=8AX\u0005dZGs\u000cayl𝐛𬂭1𧞬L\u0001咯H\u0019;",
            "following": false,
            "image": "\u0013d􁾋~E`Jg",
            "username": "岏h\u0018\u0005􍦘]\n뚷z(g.i<󸣷^d𡷕\u0003􉃈|\"𗱛=\u0016󶼰𥉡"
        },
        {
            "bio": "\u001e\u001f",
            "email": "𗻀W\u0019𡔻E^5",
            "following": false,
            "image": "常[",
            "username": ""
        },
        {
            "bio": "߰Y􍑣㥤󼋾|󴄮􏝓,#\u0012\u0005hB}\u0001OJ|Z&톥",
            "email": "4$\u0017ᩋrp\rFd7󶡐H󰫒$nwv󺇻L)𮙸􀡦􊏋~/\u0001",
            "following": true,
            "image": "",
            "username": "{Bz\u0007:􏯨\u0007𤺇/^􍔿^Q(\u0019􉸠𰳪\u0012'VP󹵺"
        },
        {
            "bio": "\rǈ􄁙2o럁",
            "email": "'0+i",
            "following": true,
            "image": "𭦢𐿥􆱥:\u0006P+=[\nu\u0016\u0001𦢧H} \u000f",
            "username": "ckSR讈 𦥗䊾,~g\u001az\u001e\u0002􅦁\r\u001bIp[\u001bi\u0010p𧩧"
        },
        {
            "bio": "~󳻒R󺀀󰪠蠦Xf[\u0013Fs;􏬃𮁰󻘱𡔘\u001e9ેI𨯫𣄏\u001e\rD𠍳@c",
            "email": "d􂾵\u0008c_VF",
            "following": false,
            "image": "\u0007St~'󷆒<Uad<\u0012󱲀\u0008*|\u001e7",
            "username": "\rL\u0013𭲡m𢰰􋄔a&𪲟ꪘ+𘉢T\u0015_"
        },
        {
            "bio": "{CVf󳤦\u001aCu[\u0014ѺTr祄𫀌Z0I7oI\r𠽿u\r\u0002",
            "email": "􊤭󷯷gN\u0001i.館u𮞅e+󸒨𤓹ej𱅿ꍰ5싆D'k󳮂\u000e𣚁G",
            "following": true,
            "image": ",@#B􉆃zE\u0011󿁺o@\u001a@o",
            "username": "􎷆7𧭿\u0003𣅴ZDD𥳤8𨷿f𨨞H隳\u0014\u0001\u0016\u000f0𦱇]"
        },
        {
            "bio": "w~􎏱O7\u0011z𡺔𤄟zvX𢀡艒J.\u0004􉷔J󴇪􅭵\u001a;",
            "email": ".#\u001a\u0015'0W𪃜𠿐+)􄀓𭐨玸󺠥",
            "following": false,
            "image": "\u001b]l𦉊+\u000c𦜦\u0007=:vK\u0006",
            "username": "F𧑣2Sv\u0016k𱊨􇮲\u0002#𘨜s\rNHp`"
        },
        {
            "bio": "-\u0006􌹤D1𡅛|J",
            "email": "󻧓q\u00082\u0010; \u0014h\u0018𣩩\u0015M0:t𗿤^A𠽪y9Q1􋒄@l/Q",
            "following": true,
            "image": "\u000c󳃱\u0010.汝K`\u001b􎨗𐳞(\u0006𘔰iDXZ8𖤪1!H𐇜",
            "username": "<1@1X楳C>􂝒/v틶g@\r\u001c󵓷|'f𩛦dE"
        },
        {
            "bio": "l\u0007迋RJ\n]",
            "email": "[",
            "following": false,
            "image": "KW􈋡`Iㅭe\u0004戞􉭶\u00127P\u000biG\u000e\u0019 !\u0006\u001c",
            "username": "󷉑~\u0002FM𡒌e\u0007(Bp\u000faiub􏷆@fM𪴋e\u0019KSQꋄ\u0016/\u000e"
        },
        {
            "bio": "𰉠A\t 󽨒\"𠐃JJ넶\u0000􁴋",
            "email": "S!𥛇bg.S󶥐\u0018W",
            "following": false,
            "image": "\u0019𥿃􆎸",
            "username": "A􊃌𬀷M󿼠2𤅱<T󺵠'𢷧\u0014\u001e\u0003󵷪5u@\u0008"
        },
        {
            "bio": "譆\u0003|󾊴;.𘓰\u000fi\u0006\u0017\u0013P𩕥ʝtR\u0001\u000eii^q峴󿭙\u000b]u",
            "email": "\u0011\u0007k\u0018X{𮓮p%e&f\\\u0015H48",
            "following": true,
            "image": "T󿺭􎴻\u0014|Z𰵛\u001ar%烂\u0011C\u00054i\u0001ꜝV\u0016Z",
            "username": "\u0002\n𤑩W􂀫\u0010\ty󷓧􍇘􎛒F􆤰\u0016H󹆚\u001d󽨅\"𣛍\u001a"
        },
        {
            "bio": "u8wh}+N󾬯?K\u0001Y\u0004G𡨋\u000c>",
            "email": "\u001eN𗗘𨯧􊴺",
            "following": true,
            "image": "𔒓.%qJX=A\r鹹y𫃬𨜐\u00112=}8􉝜b\u001c3hcT\u001a",
            "username": "I‪"
        },
        {
            "bio": "耠\u001d􇢩Mo",
            "email": "\u0012􎮧:v(?\u001c4[u",
            "following": false,
            "image": "G㌰\u001c",
            "username": "𝖭S􅠙\u0006Z[i*Dmpᖔ-\u001f`/:􁚆\t\u0007༳􉶭Lu\rL5j\u001a&"
        },
        {
            "bio": "𛰤琫!跗i9dQ) O󼜩\u0001",
            "email": "\u0000dX\u001f\u000fOIt𣋴󴡵XSLX\u001e􋾈󹅣?\u0015{:",
            "following": false,
            "image": "q\u0013uC",
            "username": ".PA\u0015:{eh7'NB 𝟲󹎣\u001a𠢘\r󽾲Z\u000f"
        },
        {
            "bio": "e\u0002c/􂕳",
            "email": "󰔑Cp-_%*{O\u0007y\u0002}󶲍\u0018􄚉|碍",
            "following": true,
            "image": "#>㽝{\u001aTVUi𰿐𪣵\n)S󼒗\u001cfQ\u0019!􌨋kb@",
            "username": "􇷍ibLp;G𪰠󵝸v𥑿\u0018\u000f"
        },
        {
            "bio": "\u00066\\6\u0011!𞴮\u0017G^[* 􀳸~𬇰]>⺙",
            "email": "\u0002\tBS𦸷f󹭣f?D䆰W\u0017*𰘉Lq󰘖",
            "following": true,
            "image": "W𠆵",
            "username": ""
        },
        {
            "bio": "\n􋆙𡘼\u0016oB\tV%Gj􄮧\u0000󴝷󴡫ꯍE>I\u0007祜\u0006󸏨YT",
            "email": "i6\"𥗁\n",
            "following": false,
            "image": "x􄣗ధd\u0016m",
            "username": "G94a\u0014𮩅𩝩􆒪/"
        },
        {
            "bio": "",
            "email": "",
            "following": true,
            "image": "􆰊\u0004E\u00031\u0017\u0013D*\u001a𣍩K󷯊+祖K󿣃\u0005󳋐\"66Oz~𠽂􏜥\u0004􂠼]",
            "username": "R𭁄z\u0005&@\u0017%􁯉j𧤵\u0010%:􋯇*{jzuh"
        },
        {
            "bio": "\u0016/𣤸Nq\u0005\u0008Q󱞪2䞞\u001b\u0017􈅖\\𪏲..%",
            "email": "oAF&\u000b_^g󰸖",
            "following": false,
            "image": "\u0003\u0001x䌅\u0004-肸zk󱐣`",
            "username": "\u0000\u001a=z𝣬%=\u0011T\u0001𭳘*a𧕰-"
        },
        {
            "bio": "󻙫\u001az\u0019x\u0014\u0004𖣢\u0007",
            "email": "J",
            "following": true,
            "image": "$\u0003U鼍\u0016\u0001􊪉vl",
            "username": "b{\\M"
        },
        {
            "bio": "󱹁🠃",
            "email": "jN,ST\u0014\tXiD=\u000e",
            "following": false,
            "image": "m?u\u0008+\n|Q\u001b󿉢H=M𩓷:𛁎𘜟𗊫\u0003Mv􇙭\"𣠎a c\rW",
            "username": "c?𮩞?ZD\u0014𘪭󰌩𘥓"
        },
        {
            "bio": "Y\\,A\\􏬒􊸳\u0000",
            "email": "Bp\u000b󿫈b􄢉x󴫩9muS`A(\u0002\u0000\u001d쪦iiE58sᯍ",
            "following": false,
            "image": "ncB0!\u0012_􎙂~(T4\u0017.|\r􊓔\u0000󲝅sZ1솴󼦮1C4\u001bhR",
            "username": "]cs\u0012Q\u000f\u0005k\u001deS+#􅫉t𡞅𡰇OZ\tb\u001b$rK"
        },
        {
            "bio": "N󺡠l\to!\u0005􉹐]𪌗㩢Sc𦦳\u001a|p\u000c\u001f",
            "email": "\u000eV\u0001󴤉5\r\u001b-\u0016\u0015:]pc􅒚j\u001cX\u0000署5i𧯥",
            "following": true,
            "image": "<#\u0016]Q!=",
            "username": "_􄿛nx㷌\u0006𣲧d\n\u0003:r\u001cU\u0016"
        },
        {
            "bio": "\u001eu󿞛9\u0006뼢p0*#W\u000fIw􀊕|.",
            "email": "𢀡",
            "following": true,
            "image": "+?t&u3",
            "username": "(󱼕\u001d朴\u0014L𤘔%k$\u0000󲂫𥢘O"
        },
        {
            "bio": "\nM3𦿿h􁄄$\u00170X\u0012ﺉd S\u0001\u00128砯}^R",
            "email": "\u0011",
            "following": false,
            "image": "𩿧\u001f\u0005\r􋈇󱲄𡟐Db!謪#2\u001a",
            "username": ""
        },
        {
            "bio": "𤏪:4􂶽dXG=8J􎷊􉵎󸛾l\u0012y􍑕S",
            "email": "q\u00000j󿭷󺩨\"AF\"󻦢𫈬",
            "following": true,
            "image": "\u001a\u000bF#",
            "username": "wC󺟺\"Ue󹁈z\u0004􂉕H\u001ecO\u0014o𠌲3z\tbwㄳ𮚧D\u0018\u001c"
        },
        {
            "bio": "/'7\u0008􆍙𫔑\u000f8𩶺H!z|l􉌛\u001a󻔸𫡣􅖁󸕎ၟ`\u0014",
            "email": "QL)\u001cc蕵5($'\u0004-^7{0𣾨*u2\\q𥑟輌",
            "following": true,
            "image": "\u0014JWZ_𤆅\u0010􄕾`\u0018X\u0003x&\r%混<b.-",
            "username": "𩆮\u001a𠍐𠉸"
        },
        {
            "bio": "㮔",
            "email": "J\u0014\u001eQfG!𝘾yWL=3󰹋7D\u001e󲣷B\n􃂒`\u0010",
            "following": true,
            "image": "􅶒뾯!B\u0012V𨳘\u0010Rh\u0006\u0014􀻛\u0013􆉗\\>B{E7\tt8T",
            "username": "31E%x`\u0000w\u001a"
        },
        {
            "bio": ";?AVe@n\u000b\u0005_4\r",
            "email": "\rb\u0008DmX𪖜\u0003󵜄\u000c\u0004tiHGz )鮶齹𘇒R]*􋁜\u0000\u0005",
            "following": true,
            "image": "󵊾􇓹",
            "username": "{"
        },
        {
            "bio": "곾󼨒",
            "email": ";🐙ॊ@p\u000f𭼙\u000f𡳸=t;+A",
            "following": true,
            "image": "\"tc$\u0000|\u0011𘤊&6\u001f,𧨬𢖐Mm?",
            "username": "󵏋s🟦\t𝛍)U9󰦩󲝫"
        }
    ],
    "seed": -91478783
}