{
    "samples": [
        {
            "bio": "lg\u001c󱚰",
            "email": "WI,@\u0004'",
            "image": "2@%B𧧲m\u0002tC$.d𰗘󳶇\u0004j𗕠x\u0002􇹴􄡷yA",
            "token": "�:�B\u000f�!>�`�m��\u0002r.\u0013���G�51\u001f\n)�",
            "username": "󻭔\u0011{\u0016h:JS&󿮚\u0003u􍟼𩒏k𮅕𰷌"
        },
        {
            "bio": "2S󹺎\u0015𰓂m󾫝\u0005􉩾Tj\u0012c跿\u000e\u000c",
            "email": "\u001fM*z(rO𪸈󹽼v7𫾹w􏦾8􊖯q",
            "image": "\u0018H􄡩*\u000clZ\u001a𡁵b𪱉𧴏@\u0013\\@\u0002\t$[H",
            "token": "m��?\u0007v\u0006�wZذ���",
            "username": "􏘋|󴤧ࠈ𑀋an!𨷔􌦸􃅈v􊣭'\u0014\u0002"
        },
        {
            "bio": "\u0012\u0006-%",
            "email": "[󹞬fii3O\u0013",
            "image": "窴v󾺳:t",
            "token": "�6M�I�[�价q)���\u0005z��\u0003",
            "username": "\u0017[\u0019L𔐱["
        },
        {
            "bio": "te\u001bExPd𫎨i􋛳K",
            "email": "3\u000e!뿬\u000e\u0005FZueSネ􍬼􋐹",
            "image": "󼑈",
            "token": "��.)�s�4�",
            "username": "1\u0003\u0000X?\u0001IỊ𓏁5\\Oᣞf3r󾉤\u0018:􀽼hMI󴴬r􈤷𬞲0\u0006"
        },
        {
            "bio": "9gJ\u001bm𰺘`,峢w󺘹𦺹E𬩟\u001f`bC𰢳󶫾횝'􆟞􏶂j",
            "email": "󰟗ྵᇱ󿿔􌹡^*kzwx􋝻5\u0017 \n>",
            "image": "􅂷\u000bI\u0004fs괷kSX",
            "token": ":���6�\u0000a\u0014\u0006",
            "username": "󶎾\u001dU𩳁G\u001f"
        },
        {
            "bio": "𦘺l\u0015r[O𥀓B\u0016󶤏y\n\t",
            "email": "𛆫DWb𧗀x瑇`b󿶨A\u0003\u0014`%^-\u001f􂶴tMU",
            "image": "9O\u00103􅿧e𬱆F^\u0004h\u00085􏬺c\u00004 𩞼K\u0013;󺩁c @ym",
            "token": "b*��b]�~s\u000e�",
            "username": "6󶙟\u0003?纱𠷚􌾈M\u0008𧿯xr𨭈􆏌m1\u0002Ea󵺠􍂖>X}B셦q"
        },
        {
            "bio": "\u0014\u00032&iK\u001fS\u001d󰝡1nRS륄𠞗]먯",
            "email": "2􈕤警𮟑+azn\u001e\u0017(Vz𨆪𦚗𢄽Gr􈺲'0WQ\u0011:@a",
            "image": "􅈦\u0011\u0000\u0006\u0006􊇕릶[y󵌃NA_\u001a2Te􀮛up)𰵓\u0005",
            "token": "�����h��#{���",
            "username": "-󿆉􁐪󴍥9V"
        },
        {
            "bio": "󺜊𨻼iY9A",
            "email": "9'?𡇖􆖖\u000c~",
            "image": "􃏟xs\u001d2􀹏\u0004Hf𰦫m󼟦c:𮄻3z첿5􍚓􎡦*\u001a𤬎KZ",
            "token": "c\u0018���=@��\u001f�NRh�$;C�pA7�%�",
            "username": "\u000fI\u0003L^q𡡔𗱦\u0017𧠡*\r𤋎\u0000􍣸"
        },
        {
            "bio": "/󽪷󼊥􄽇btY\"p",
            "email": "M𨌄𣖛\u000e͙R\u000b볃9c瑌\u0008H-􀵦7",
            "image": "3r0 1L!Vq\u000b#:~􉛝𡞩\u0012b",
            "token": "\u001a\u0001Km���D\u0012\u0010?N\u0014�",
            "username": "󼾬\u0015\u0007􃡹Ah󳗬W\u00002?\u0011h`T\u0017pc􀘣lQ=\u000e\u0003A0+\u0008"
        },
        {
            "bio": "7",
            "email": "ic𤃳u𰜙ធBX󰙄",
            "image": "I􃳧(jTAI'\u0003伮\u000f\u000e󼸓1KK~",
            "token": "�{���Px��\u00100\u0007�",
            "username": "CK󶴿}􍆥\u00176$/\u000bG*\u001c\t􀱏𥥍$𢪂F"
        },
        {
            "bio": "􇣓?COm\u001bm",
            "email": "A+\u001c*",
            "image": "𘉉nx\u0017R􇗏B=sAqq\u001a=F𣿷@5\u0010@",
            "token": "\u001a\u001b�{3��Zr�\u001c�m�/\u000c���;'�I�",
            "username": "\u0010\u0014􈠍l󶛥\u0007:&􁴻G2𬐜󰈤"
        },
        {
            "bio": "󸥵j\r􎻉'\u0011",
            "email": "⍿􏲌𒌞缻􌡯s}\u0004^",
            "image": "4Cv!s\u0003",
            "token": "�@ڡ��;S-�D�O",
            "username": "OT𭠆0󼁦\u0013wrO盦f𝡘]Q𝟘󸖦\"U^q_"
        },
        {
            "bio": "\u00112}𥣂\u0012󸝜\u0019\u0004\u0005",
            "email": "y遷𢟘_svj\"𤰝\\􄦈􄥭C!qcY􈕀Lc\u001c",
            "image": "H,_\u0010K\u000fsx%􃣞W𤨒7q0% $",
            "token": "w",
            "username": "ETx𭷖|}𥸗G|\u0013_p𤗶&>&􍺾􀀵\u001f\u0001􈑲:Q]􃆄"
        },
        {
            "bio": "bfD\u0017J0",
            "email": "𤓏𗑲|\\z\u0004|(4󵲛\u0001趌\u000f;\u0005q6𗾉>\u0017\u0014",
            "image": "󾃐C󺨛j{6en󽙶󶯕Wo0\\++A\u001d\"\u0004sfⶋ)n{mR",
            "token": "M}$�y�-��\u0010Iq_v\u0002;V�\u0015�%�",
            "username": "芾D\u000fC"
        },
        {
            "bio": "z\r\u00112#{o\u0000qdt\u000b0􅾤A79@𤥺i6\u0001`카",
            "email": ")􃊈󹿤\u000c\u001e(g?\\a𗂓􄑘\u000b}\u0002%4?|s",
            "image": "}\u0007ꉋJx\u001b󹨐𪴒𫠢􊩋",
            "token": "v���}4�[_�x���!����\t\u0012\u000f�",
            "username": "\u000b𥕴􎽴xgNA󹠿"
        },
        {
            "bio": "q\u001cy\u0018󸸥r\u0002",
            "email": "A)􉷓f-\nb󷉿e",
            "image": "G\u00111@Q𫱤\u000bjB󾡚I\nkCZ𒆸a􏄱𩚺􎪧Zv\u0018\u000b[\u0000",
            "token": "-F=t\u000f�(��9������[\t",
            "username": ":\u0013XOAr"
        },
        {
            "bio": "𰓡u}7扂>{󸲅\u0005>`\"a'6󾰯\u0018쎬󸛳󸾞\u001bl\u0014.N\u001bL􇪖t",
            "email": "\u00086",
            "image": "\u001ac)o\u0000􇝰j\u001f\u001d􎫯F\u000b村\u0002",
            "token": "�PމO",
            "username": "DJ\u001e􅔨>M󳲉i\u0006uCL\u0004\u001f󱝯}N󷰵𭰠S"
        },
        {
            "bio": "J\t<",
            "email": "\u001174y}I<9\n􇍬\u000c󴄛p",
            "image": "􆿵U\u001cﹶ􍷎씹,",
            "token": "� ��T\u0000?�\u000f0a�9�;",
            "username": "􆁈T\u0000\t𧱀^>\u0007\u0015\"/"
        },
        {
            "bio": "dc4S󰳰@\u0000\u0006z␔%jYd𗬩󷹯&%𤨳",
            "email": "BjWd5\u0016 8ꫝ\u0014pB𗗃\u0011\u001b@🞘\u001f􊈪𭱠\u0014􀓏A􆃽v6㟍is",
            "image": "E蓔C󶺶F4oᣵ􆀗?𨛳􀁻\u0015𘄏yO\u001a!\u0013\"󶁂}\u001a)[󳽹픁𡫖\r",
            "token": "��������\u001e�k�9�\u0005'\tۙ��<�+�",
            "username": "􃵦\u0002+𨗫/P"
        },
        {
            "bio": "𢐧@eDl1MW9i\u000e\u000fJZ>􌒆\u0012Y𨆔\u001dH钆5",
            "email": ").\rPm\u0005D\rV󼙷l\u001e􏹔𬊇{j<aM)C󶶖",
            "image": "\u00033`Fl@L󺵰c\u001d\u0017_󵝹􈪬F𐜠k\u0006\u00079줵=v\u0006]\u0015",
            "token": "��S��1͗�I�½\u000c���d �\u0016;��\t\u001d�?",
            "username": "􇙤5<f-􈌴E🞂淁~M𧀼\u001e\u0007􊷛y𘞘eQ6𢛋\\'󱮰\u0008\"3"
        },
        {
            "bio": "\u000b堄.u$󹂦\u001f:𣻎5`/H\u0012룊",
            "email": "<|􊏟",
            "image": "",
            "token": "5",
            "username": "A}\u0019Dn暟Wxr𨣣!Y/0𘂞UbB󹺬"
        },
        {
            "bio": "󵍙\u001db\u000f\u001eh1PE\u001au;Bty1{w𥈗bZ*\u0003$H󰌓\u0016",
            "email": " yふ󹘘\u0011󿴭􄍪+]!\u0019󰭢",
            "image": "󾺂,\\\tk􆱏󳂣0󻌋j5\u001f𦴭󷯍􌆂\u001e󹌈PPY_\u000cU>T",
            "token": "H)n�R���{��-����g�<�Zԓd",
            "username": "\u0004sOnGc􆱀󷊬5e𠫊𭥶T)g𤘡I𧌎l𣍔𫮸P"
        },
        {
            "bio": ")0B\u0005]􎙠O𦠈$\u0012𢑬P􋩊\r?",
            "email": "󴕾<owY1E\u0001\u0014\t!􋜳\u001e(\u0013𐜎>v􂜪\u0006",
            "image": "🖆􆰲.𭖮Q\u0012",
            "token": "�F�\u000e�\u0018�\u0017��x�_���\u001fR��Q��",
            "username": "\u000f𢭟𫦣\u0014𤑡/󻨱~8􎢥"
        },
        {
            "bio": "Uw\u0015*V𠱢\u0002{𪍙\r𦮲𨘓",
            "email": "𤐖7L涽6𩄇lBt󴒌\u0010\u001c\u000fu(􈅉\u000c\u000fuCu O#N\u000f&\t󴸕",
            "image": "藠_@\u0011KE魽􊞄f\u001f󸆾􋑡\u0014\u0000\u001e;B𥎝갵I",
            "token": "spʤ���\u00187c1\u0019�;",
            "username": "\u001d&>"
        },
        {
            "bio": "&􂾵B\u000ecH\t\u0019\u0005ev𩇤󹃁bT\u0017󱅓󸹪x$D\u0012𣭍\"",
            "email": "J$󾾒\u0018[󶲠\tt1\u001axJ(&%`{􈆬2\"턫",
            "image": "\u000b`𭚑-f\u001c\u0010\u0005c\u0001\u0014'􉬕",
            "token": "���}�䣘��v�+��\u0012\u000b�5n",
            "username": "\u0016􂂹􅋆K\u0018"
        },
        {
            "bio": "a%\u0005y􎁃㒃fg's/\u0018냳$1\u0019𩗟􏟶䠡膐鶂\u001c<xW",
            "email": "󳥷>􅳣𩭸z푼xhvh6mJ#+\t\u0004ද",
            "image": ">\u0000b󵍹bl\u001b\u001fPdH\u0004\u00112\u0019󴃡􅛣$@",
            "token": "��Oo5\u001b�\u0016�~�0҆�����\u001bn\u00039:ʨ",
            "username": "𮔘􇡽󹮊\u0012y铟;苟􌃙𰵝􁘎\u001c􂳱W\u0017(𗈌𨛔􄫍pR𗁤"
        },
        {
            "bio": "fAG󳋍*o\u001c\t#\u0012$􊖠\u0003󷄦𰗚\u0003\u000fE\u0017t",
            "email": "𡟆bc\u0018F􂞀h􀒤\u0018E\u001bB5f𠳭4􇺪J\u0002\u00017",
            "image": "\u001e'p\"\u0011悖\u0010VJ\u0008H􉘬𭇙\u0004G멅NW",
            "token": "D/�\u001f\u000ce�Y�o����+'\u000e",
            "username": ".+\u0000󽘋CK\u0000B𥌾\u0018MH*\u0012\u0019󳰌*p9z\u00104"
        },
        {
            "bio": "𝚹x󰈲㤱PD,p꽠\u001a}a",
            "email": "Lٮk􁹓Wy",
            "image": "\u0015𪡓=L\u0019𠚖*𥷿\u0003W/藻=\u0015",
            "token": "_\u0013",
            "username": ""
        },
        {
            "bio": "l5S`󷵃s󸜲𤄈㱨bsRR\u0001fxfX@",
            "email": "\"\u001a",
            "image": "7𐇧B\u0012􅾝G~>2󿔔􄏌+\u000bK𡇫7XbY}\u0016",
            "token": "Av���\"\u0006)\u001dj�d",
            "username": ""
        },
        {
            "bio": "",
            "email": "\u0006\u0017{麐\u000bg\u000c\u000cZ\u0008󷚠q\u000bx\u0003U@\u001bvP",
            "image": "𪉘\u0002",
            "token": "��;g��\u00069x�\u0017�\u0008�",
            "username": "ଞ'LѠGQv\u0019 𠛚}🭜BWYuMQ挍𬀙K𩔴􄳑\u0002"
        }
    ],
    "seed": 2078938633
}