{
    "samples": [
        {
            "bio": "R\u0005\u001c\u0006䆰]t\u001cB.\u0000𪀟(vx\u0011&𥚫a🖈󷳒gY𣐑K󴇲󲣢",
            "email": "깎W`\u0008",
            "image": "!E𨃄$\u0017󺖳\u0013T\u001a=",
            "token": "\u001c\t�L�_\r�y����y�2q�F",
            "username": "\u001e,󽡭􉒆z!Kl\u0012\u0006MK2IXa3<"
        },
        {
            "bio": "7􋣚𤋗Q\u0005e5󽏇cHz#5,8y\u000fY\u0007𨙞|iM\u0003O⨁㩑,",
            "email": "SD\u001b",
            "image": "k*m%\u000bm𒔞r𥸹dI4$]\rZB朡)}w\u0018v􅗲",
            "token": "����c�",
            "username": "0]]\u001d~eIt𭄙V󴌚^*3\u000c"
        },
        {
            "bio": "\u000e6|Z󽗈\u001d󻔇^\u0017􁃴\u001b𰄕QM𤖘m󿭝",
            "email": "󱩦􂝭󺀝䔜%]\\\u0017i{#0.]S\u0013V~\u0001",
            "image": ".\u0004麧􆸋\r󰿫󶚢F󿳠0AY}UIN^)𬤖Yँ+",
            "token": "�|��sUثX��(0�\u0018�������\"� ",
            "username": ".Mol"
        },
        {
            "bio": "\"􆻅􁊻7Xv󳺻~\u0008Vʪ&\u000b\u000bPn䡑{E\u001cKbj\u0002",
            "email": "𧌪yX%􄤜𦅰_\u0011G1􂀶\u001d쾁]\u0015V",
            "image": "󸻰",
            "token": "�M,���\r&�^��W-�ak��7\u0016\u001dޡ����V",
            "username": "󼖾𦴯􁲚"
        },
        {
            "bio": "W\u0019y𑩽!u\u000f󿎀\u0002𦆖h/$h𑒜G㷋󿁄6􉋐𤚤𘧎\u001a\u000e.sߪ􍈴=恷",
            "email": "u!",
            "image": "\u001cm}Wt4󴤧\u0010",
            "token": "�����6\u0016�\u001d��6",
            "username": "\u0017􈗷󿡜\t&I\u0001\u001b/𩥉p􏐸􏩱责\u000e􈭡󼣂/g󳥕a󹾰\u000f!.𪞍\u0014\u0000󼨁"
        },
        {
            "bio": "|8\u0001𬌁󶶸𧴌󽌋#}.t𰋨\u0012󶡀\\\t;􄪦=N\u0004'􎁜𘀛H",
            "email": "r4O5\u0002\u00120)YX",
            "image": "\nWM7Te?𨠽:\u0017\u000fb9󻐘",
            "token": "u�\u0004\u000eZFu3}���9���V.v�W1",
            "username": ":𫳩\u001a{􋴣\u001ci\u0001\"󸩖q𝛏\u0001v𘅫o󻆕􌘎R\\"
        },
        {
            "bio": "",
            "email": "uaYB\u000c􁤾\u0008`=*􏸃0n",
            "image": "*𗒟\u001f􁑵𨕦:H/󺜶R\u000b\u0011\u0018Z(#鮛",
            "token": "���9�\u000e�d@���",
            "username": "h\u000by󼝽,𥫴GN`䤌>\u0008􆠤k~V𩾡\u0005𮒰ET*K"
        },
        {
            "bio": "㴂𦆶I\u0001\u0014\n",
            "email": "\u000cl\u0008]n0\"P\u0013\u0018V􉕤Q𠿝󶰲]",
            "image": "􄟎Z^iwz󱿕wp(:4d󲛕g:",
            "token": "q�R9",
            "username": "/橨F𭷼~"
        },
        {
            "bio": "\u0014*zf?/+P\u000b𫻃",
            "email": "􎀧𭮢[\u0018󺸈󺪦l\u0016]J􃈶-w!\u0002KNkDQ􃖽$.󷏥󷝢?",
            "image": "))H𧬘𑙂𢅉Jz\u001b&\u001are=",
            "token": "\u0006�^u���VE����\u0008��.x",
            "username": "󷔌\u0017\u0019촒?c36~\u0010Fbl*\th_r𠚒w􋳪\u0003t\u001f:qB"
        },
        {
            "bio": "y=\u0000𮗝oQ\u000e",
            "email": "#𧟯\u000f󺒤\u0007/𡌣S\u0011\u001fM\u001aqn􋒵􎑝泣",
            "image": "`@U󷯐e݄𗇯􁼫WD=\tue\u0002^#𫾊󾦋\n𡫲󷈊:%u+Vh",
            "token": "eD��\u0001��م>�ֶ?\u00013ϟq��",
            "username": "G>_"
        },
        {
            "bio": "58oc㮓􂄈8阌󳥓F%􉉬]-\u0013𒋭Ac𥉐IZ\u0000[􍒹 ;=蛼󴾖",
            "email": "E>\u0010\u0000o6h1",
            "image": "VRm",
            "token": " S\u0010�wST\u000ed�\u0017\u000c�-����1��\u0003�",
            "username": "ⶈY"
        },
        {
            "bio": "\u000f𫳃\u0019k\u000e^Kf\u0014b9fs\u000f6%𩅒w\u0016𰕪",
            "email": "SM='+\u0001\u0015)\u0003\rB\u000e𦲚\t\u0014􋌈@􀤤󰗱􌟎ED?5\u001b􅥪\u000f𬭤L",
            "image": "\u0001?oFw0\u0007R󵂔\u0006𞴐!\r󻆳LBT\r/\r*",
            "token": "�\u0017�p[�:�\u0004�ԛ�(",
            "username": "Xy<^\u0000-|\u000f\u0014\u0010O􏆖\u0006z\u001bzI$􊧲󼌓ㆇ7"
        },
        {
            "bio": "󰗼4埋Y\u0017􅵡\u0016󽳹J]dj騴\nT[􍻭󸚈foH黲V",
            "email": "􇌖j:󵵼\u0019𦁰\u0004\u0011걓'𭢅E!轢2Z",
            "image": "cv􄓨J3R꾚\u0004",
            "token": ",*6�Ie��\u0014\u000cq|�\u0015��H\u001a�8\u001b",
            "username": "\u0014l󹻲n\nZu}~"
        },
        {
            "bio": "ጎ+󳼐􆈷0]􇗶?X\u001e_N4\u0019Zm\u0016j􂲪J􂠲j",
            "email": ")􁯸>j𭊲𮀝\u000e#U􊔆𬌣𛊁􈳷󴻧/fFꀡ\u0005",
            "image": "[o#8J\u000f:d=;\u0012:󼎐lc.?􈂌Wo\\\u0002J󺴤@\u0002K􅜿",
            "token": "q�\u0017(@A��]f��â4��8XN",
            "username": "aazO忣\ru*Y6 󹎘qK𮢄1S[tYM"
        },
        {
            "bio": "\u0006u\u0007.",
            "email": "\u00134𠗸6!𪽕G􇋪6𮧐􅖐󹛴𢚘IrF\u0002🄃𨀭􈚓𨾏^",
            "image": "v9G𡽎|V􏨅{p\u00144𦖳C𞹔▆e斛_\u0016\u0002I]IX𝛸\u001e􈁧N7",
            "token": "�",
            "username": "0\u0000\u001au􏅤,𢉢hG𤨙9@𤽡G:|"
        },
        {
            "bio": "1b[#O2􍣪GmV",
            "email": "b􋥭\u0017K*\nw|􅹸@y\u001eX.􅹐􁀘,𐿦O|",
            "image": "\u001d&w\u0001𩮀94󳘶|\u0017",
            "token": "�\u000b",
            "username": "gtE赐cv\u0008g,mB􋎼󼍥j\u000eb藟w􎄣􋄵"
        },
        {
            "bio": "\u001f뻭w",
            "email": "{\u0005𒁥󾸂W7-a:\u0005𧸻",
            "image": "ILx2\u0000@\u0006@b𫙬R􎧷F𦣵-T萕;",
            "token": "f&�I\u0007\u001d�xyjQ\n",
            "username": "oJ􆴾\u001bbZj&"
        },
        {
            "bio": "Kp󰤄\u000eK",
            "email": "B9N\\󶦟2􈭕l}S\u0019J",
            "image": "󴟱v)󠅦9􆞯\u000fd,xq=\u001d𨒚󠁷󲣅(%􉵔\u001fA\n𗠷",
            "token": "\u0000�\u000fc05]",
            "username": "Ft\u000f\u0000\u0011󳌑5#u}􂃽󿉙C\t$<"
        },
        {
            "bio": ".KZ.H",
            "email": "፸𗄨~\u000f_􂹥𠆴~scyY𢨶\\\"",
            "image": ">q𣇝$e𨱺a",
            "token": "�I۹��s�$w���AI4]o�r`[��\u0014",
            "username": "󹐘􋛋<H \u0019dd\u001e\u0016B\u00163E"
        },
        {
            "bio": "9𨖫[ {𫪸?󹒱Wq\u0012<h>d繕O󾝱􋕚",
            "email": "l𥽐\u00000nQb􋄭VDIP\u001f\u0006br%𧑅󺘴",
            "image": "78갃\u0017\u001cj𣗻睢\u0006Zfi;􇮞Mks\u0001󿥾`\\g",
            "token": "=\u00035",
            "username": "\u0001}%_㎬>𪴫"
        },
        {
            "bio": "4j0\u001c\u0001ib\u0014󱆬􌄬𮣞k\u001a\u0007u6<34􀜴\u001bc(󷩹$蹌",
            "email": "綑𩬴,b\u0008g\t",
            "image": "oY􇭓\u0008$Qf𩟊 \u0003",
            "token": "�Dc%]<I-��",
            "username": "\u0006"
        },
        {
            "bio": "5f`T\u001fp",
            "email": "",
            "image": "𐑺Z\u0002>𢰅𰁼B\u0010",
            "token": "�?�",
            "username": ""
        },
        {
            "bio": "􂙴𘤡^U額8\u000f𣢠s󷈆XC󲇃v,",
            "email": "仗𦆕\u000c閴U깦P)wH󵪥\u0005/;~pH\u001a𢌩bwwt𧜛\u0006_\u0019",
            "image": "󸀜\u000cO􀲀.\t\u000c󺁝]\u0018\u0016􇥍s`愡)",
            "token": "AŞib&d��`\u000f\u001d���`;y(�/",
            "username": "a7􊖛𠕂O𠎘ct좼t\u0004􃤆DqxW􋔰"
        },
        {
            "bio": "볈\u001aL\u0004x&7􅫳\u001eBdE*IQ!0\u001a跃􈍦􌚠",
            "email": "E󱿙\u0002髫8@\u0000A]\\:V웏0?\u001d󰔣LQﲉ􄿴7=􌚑p\u000e",
            "image": ")",
            "token": "�",
            "username": "􋃏𖠡\u0013𨉉𩵐𪢅!􋡳\u001eB|}z"
        },
        {
            "bio": "\u000f𗟞,}gT \u000f𣱆涅𑶓%S󱩗",
            "email": "e.|#d\u0010bS\u001c8s󵡩\u001c[kWq\u000c􈧢\"M",
            "image": "􍤝C𣝠\u0016:◳䲒𡛇􊑞󳡌\u00005",
            "token": "�,�'\n�������\u000f��@䱞\u001e",
            "username": "A"
        },
        {
            "bio": "-\u001e⢿\u0004􀯺\u0001󵷢|",
            "email": "り􌫢[r<\u0010]MC\u0008R\u0002𥩹\u0000𬳏𫤻{hs􇴔]\\J%\u001aR/󵪷T",
            "image": "𭕂A.Nj8󱝈l[󶘩\n",
            "token": "��.\u0017�,��\u0011���ޖEf�:\u0003~*n�[�",
            "username": "<󹼃2\u0010C]녉w"
        },
        {
            "bio": "𭐷'𥍲zz􍔀\u0006Q쨻qgi\n㟅G%󵁚n\u0012槮􋏼\u001aJ\u000e~􊈸Q\u000e\u000e6",
            "email": "TK󳞊􃰼t\u0018B聝g\u000e",
            "image": "\u0005z\u0005g􆂦ePD&",
            "token": "f,��Ǣ]���\u000cF",
            "username": "󲱵𬉥5,YzL􇱿r\u001c$2𤵟2%􀉑𨙑󷩆𮜎s!\u000f5\u000ep}"
        },
        {
            "bio": "",
            "email": "\u0016jH𪀣JC%\u000b\t󱣁F}\u0006\u001cHx",
            "image": "\u0007𢉞󼟤\u0010G/}\u0007]𧓟uVN]v􈅲\u0004\u000b𪳼JS喇\u0004'Eo􈚏\u0000t",
            "token": "",
            "username": "#\u0019#Q󽐔\rl{~e\u0019􊕆\u001b0X"
        },
        {
            "bio": "𠓜\u0014\u0019Mh𧋁xj",
            "email": "Ox:\rC𭯽6~\t<_@\t􌿄N\u001e",
            "image": "}xW\u0008|󿝷7/𩖂_h🁍\u0001;.󿜵y0<t\u000e",
            "token": "�,�6�",
            "username": "yJf󺯾)􉨼𓂞\u0012䦨\u0006?랸"
        },
        {
            "bio": "霪𮕞e󰑶>+_\u0014v\u0018^Qb7\u0002\u000b\u001d쥓/􆰗c􌐫L>T%>\r",
            "email": "&82W5,L\u0018d\u001f𱉚i\u0004\u000bV𮅿",
            "image": "A1Z\u0002T!􆙈/\u0005\u0008hp\u0012􉢚NA*I㕚>?Fn)/🔢\u0010|/|",
            "token": "�",
            "username": "Tth8⢇􃁚Nl󾇨wO\u0006󰎕=:\u0000󴎀𧲑\u0008\u001aPX􅫁\u0008"
        }
    ],
    "seed": 1643032363
}