{
    "samples": [
        {
            "bio": "􅢛 ]7[\t昹`𧫨k\u0004",
            "email": "琡/U!V@c1:㥔\u0017#M𠯶s2􊹬\u001dh\u0002a\u0007\u0019\u0001e󱘬\u001f&",
            "following": false,
            "image": "b\u0004-󳰐[\u001c]\u0003嬈2\u0019\n",
            "username": "􇡢d,rS\u0002𢃞􈫄Q􉶓\u0002}𧍑sIuQQMxs"
        },
        {
            "bio": ")G\u001e\u0005⻕\u0001􌫍챤𦉸HzB3D/\u001c\nB󲿡羀",
            "email": "m󷬷9􎸝1󻰇%*",
            "following": true,
            "image": "\u0008\u001a࡞|nX~$H\u0010)",
            "username": "~/G𬝑?="
        },
        {
            "bio": "!9i\u00017𝀫𬞀u$\u0007󿁥𝇎Um^QM3->",
            "email": "d}󲛔䶐󾙸􊙓􆣵N\u0015󸇪M#gઋH",
            "following": false,
            "image": "\u0006B󺺾􍴬\u001dW=@\u001b\u0015$o#H%\u001at\"𱀮𑰙B",
            "username": "O􇖴>🕎1􎘊𩒛\u000b%󹢮pK\u000e\u0011(?M6󰐊\u00191r"
        },
        {
            "bio": "lD𭂆􇶫J𰯺*𨛮p􇜚Yd",
            "email": "𨰝.𥄃y\r\\󸫌𑄃_;\u0004\u001a\u000e􉨉𮃨𡾋%􍲺\u001a",
            "following": false,
            "image": "4yr\u0001Y\u0003\u0011",
            "username": "\u0013HD􂕩<t\u0006ﳐ\u0001󱠦BF~\u0010\u001a蜯󸷠\u001c\u0015\tP\ne?\u0008"
        },
        {
            "bio": "Cm􍬾󰁻;𦸠~􉴟[𗎢&􋢢UBo\u0012b\u000fMQy󿯛\u001b",
            "email": "a𐩸\u0006jA`Z𫛝\tgN\u0008g\u001c+o𣸠遱v\u00192,#j",
            "following": true,
            "image": "8󵀼R",
            "username": "󷺔nL08P\u0000>"
        },
        {
            "bio": "󷧤F鮬\u001e<\u00106\u0015U􇮁",
            "email": "\u0010u+\n/\u0010RHc󵝬$}\u0010􇫯R􎘅𡁫ZZIDO𪏱\u000cd&",
            "following": true,
            "image": "^󳏟|;w󼱶X\u0001\u00016U\u0012\u001c-T&]){\t{\u000f𡑞uH˯?)l",
            "username": "'r\u00029b􎒻\u0000S"
        },
        {
            "bio": "\u0010M峊gZ\u001d/L쯎K",
            "email": "\u0012x\u0000",
            "following": true,
            "image": "<𝆺𝅥𝅯>D$j𐁉􍛳(\u000b%\u001e􎿿'=\u00181󻸥D(!/",
            "username": "$츫`"
        },
        {
            "bio": "店󰧦;\u0005𤳅>\"D󽈧\u0012\rUI(IGr'X\u0011",
            "email": "dj+_f,𦸵`\n0h欦􈭋󷼈\r𥣼",
            "following": false,
            "image": "",
            "username": "_{\u0019\u001d췻\u0017\nEGz󸧟􌷼\u0018𗀰u䔦􎐍>E\u0007q\u0001\u0001U"
        },
        {
            "bio": "\u0017Z􎥹m6J𒎈>󺓧9[8",
            "email": "l\u0007t\u0003󳜗B䆜𣙍",
            "following": true,
            "image": "(l/\u001a𡻪0㲿箺􇓇dAt􏨧\u000b/\u001aE",
            "username": "󽜥nU*%KF(󴓶Z\u001f養"
        },
        {
            "bio": "]E𢦒쉴𠳌󿥎",
            "email": "𧿊Jp\u000e!#VW󾌃\u0012\u000f\u0011\u000b󰬵",
            "following": false,
            "image": "$",
            "username": "\u0002G"
        },
        {
            "bio": "6􉉯\u0015\u00153[𬐺󰶲&\u0012$\u001aSz+󰏬㣹&D\rw&\u0014q𘒣\u0004p",
            "email": "\u000bUZ8\u0008y <\r\u0002􋂉􋸹𱀄𢐝",
            "following": false,
            "image": "쾨Cyq~nR𬒬`8&U\u0019$\u001f\u0001}𮗤𒂪",
            "username": "\u000eB𥯏\u000b.g\u0001;)U{I\u001b!\u0014+D%􏷉\u000f\u0000\u001d8pI\u0004ffq\u0007"
        },
        {
            "bio": "𣷷󿴛=Afo$bQ{𧵕'N-􍥙}\u0019B\u0011|r6",
            "email": "A\u0016\u001ePrf\u000fReC\u0013􏖇𤖏I썙",
            "following": true,
            "image": "==\u0011𢩛V",
            "username": "[Nct\u0013󰺤3Q\u001a\u0004􂆢\t8󽇿\u0004W6S=Cࡤ"
        },
        {
            "bio": "8?f\u0015`\u0019\u0002􆍇𤺁>󷞼𗤬􅸽\u000fD𫵇",
            "email": "D",
            "following": true,
            "image": "􂓵]4\u001d廊@\u0019\u0001𰙅:\u00168(􊴻- 󶻓}",
            "username": "IU,􋃱󵗜#\u0008󰦞\u00166M(\u000e\u0003e󿧮x6TE"
        },
        {
            "bio": "3U𘭪\u0019V(4g\u0015>󵾳䎹𦶺a\u001a`5󰧥,)𥔕\u001a\n\u000e\"",
            "email": "~𥓵\u0017\u001c𭻿p\r._eY\u000f!\u0005縴\u0017",
            "following": false,
            "image": "𬟜4\u001a𱊝IN]@K􅕜𠊅O𫽌\u0003\u001dx彋󰸺􅔉",
            "username": "Y+\u0019𬏿􆻓ygrD`/"
        },
        {
            "bio": "󲐰q@N3\u0001@q_􉺻V􌩮I`4 􀫿",
            "email": "0;m",
            "following": true,
            "image": "\u001aw󺉫7\u0018Aw󳰠C\nienm;Y z)h(OxIpK揮",
            "username": "𰩿\u000b'ᘤ\u0016\"\r;w􅬡dYl峒Z\u0006c􁭶K\nPt􄊑=􄙃0GO"
        },
        {
            "bio": "ؤ\u000fF\"􋺂Q\u0001𰮝\u001b𦅭1*􆲄",
            "email": "󷖹",
            "following": false,
            "image": "p\u0016煌*𨡘I~𨔴/z\\L󵋸\u001d󺞪4:k󻶈b?\"𠭰 \u000eG\u0003X",
            "username": "!//\u001a􆥣YV$󾿉6hLz\u0018\\LO𘭚󻁌\u001a𗻧"
        },
        {
            "bio": "A\u0005_疯}7T\u0019i𥜆\u0017𩗡𫡓LBE9T_󳋨󾲣{r\u0017",
            "email": "N􂭉6}ᐳ\u00088!U",
            "following": true,
            "image": "p䆭\r\u0016z5I󵎢􌠻/H𫯠xk",
            "username": "Z𫚠/z𨁕􊳳􅩾+󵆐\u0005\nfM"
        },
        {
            "bio": "􋗜䠴a垍",
            "email": "㘝x=\u000fmZGjH\u000e𫳄󼧛🃚$b')=􊛣>?󻙽htg\nP\u0004",
            "following": false,
            "image": "s+hK\u0006\u0018k",
            "username": "%ꔨ􆏘&"
        },
        {
            "bio": "\u001cb𧃼G0x\u0004􀹀u1U􀱰%𦗹R.\n67uy􌳬R#\u001e\u0014F",
            "email": "W\u001b",
            "following": true,
            "image": "$$vb\u0007",
            "username": "𦬉XH󾰆U"
        },
        {
            "bio": "ຂ)p \u001e\u001a<\u0015&𫨆7[\u0010R,\u001e",
            "email": "\u000b𥳟;V\u0014\r\u0010[1G藠5􇿙|\u0013:\u0016Cئ=/\u001c*\n+",
            "following": true,
            "image": "uH􌦱}zV",
            "username": ">G\"1xbug9􋝢q󴜐A\u0014\u001e\u000c"
        },
        {
            "bio": "",
            "email": "3􋭫s\u001ct(L8Q1c7M𪭳􏨯􆴺\u0000R󹚭\u001d󲅱=󹶈",
            "following": false,
            "image": "􄑇8",
            "username": "P\u001b󻸝"
        },
        {
            "bio": "\u0017\u0008\u001f󸂘􏹑H󿥟^k𗒍N\u0000k󽻝&Bn\u0005",
            "email": "𫕐󰅠-󹼁}sﳘ\u001e􀲬;S=n𑰦Ru=\\>meb􂪩G,n",
            "following": true,
            "image": "󿩚\u0000裆󻂸𗫉L\u0006𩬧汣\u0005o\u0013󾶗|\u0014'徟-\u0002󽊰z\n*)u=\u0016󴘇jc",
            "username": "\u001e\u000e@􁷾oe\u0015w\u001eDjl*㚢\u000b'#`\u001a3(\u0000􈫔#L\r\u000b}󱹑i"
        },
        {
            "bio": "pW_󵏦\u0011􅞴r\u0015$D<U^󳀗L𩠈\u000f蘄􁺩{󺆓󷘪\u0004󲎂)",
            "email": "0_􂎐𝒵O+\\󺜖8~[\u0004\u0017",
            "following": false,
            "image": "􂊌]𭍵",
            "username": "5\u000fT𨲎𪦖𧧤󳦏Ab\u000f󿒵x5\u0015Co+Y𩕟寛^Jh\u0016𢩨;􀤧"
        },
        {
            "bio": "ꉈ􅝸gvB\u0017\u0018#ѷ|+ fg𫵉\\g\u0018\u0016.\u001c𫬕",
            "email": "!􏡵\n~:-W􃃑\u000b󹸄󳅯,󸊐\\􂐛U-󱯺n𗎞\u0014",
            "following": true,
            "image": "T􍽑&􇆱\u0001I/xQ\u0012􅯶8xE\u0019\u0012",
            "username": "\u0013󻑴􆜑hvQ󾢀􀕚􍐅⍄\u0000psc𩪂j7>"
        },
        {
            "bio": "",
            "email": "􂌅\u0004𭙘b𐪎",
            "following": false,
            "image": "\u001857󺯨J\u0019*\u0018\u0016?L󴋭V\u0011\u000c󰋪J\u001b𧭢dc1n",
            "username": "󶒘𢈧􎴷\u001dy\t.k㉐~𤣹𪚆\u001d\u000b􆈫󾐩k\u0012t\u0016S\u001dCn󳟿\u001du\u0001B"
        },
        {
            "bio": "^",
            "email": "l\u000b爙𫤾\u000e80𑚴<D",
            "following": false,
            "image": "s􎋰󷏁𣈰 b{'",
            "username": "OG覞NZ|_𫗮𝖕\u0017/𰮅\u0012\n\u0004Mt𮜄\u0007\u000by󻽘*"
        },
        {
            "bio": "zx _\u0001IG\u0002o3𛁔&`\u0012",
            "email": "t􅐣f=O",
            "following": false,
            "image": "qXj\u0012箮\u000b\\(|\u0007𢒾\u0016^\u0002􏷔\u0008\u0012󱧺O\u001d",
            "username": "g𩇢󼆁\u0003'u@"
        },
        {
            "bio": "C`)pR󲅉]DL篌^DT噪󱰧p\u0005􀑊󶼓64􌓲LrC텪𩆞E\u0018󾝤",
            "email": "ꩶGlQ",
            "following": true,
            "image": ":g\u00017%𤄔o",
            "username": "􎝙\u0011\u000f\u0012`}\"𦒙H𰤹#\u000853+?C\u0018-Q9\u0004\u0001s"
        },
        {
            "bio": "^*󿺰j𗓶/\u0017􎟚vv󽒯`8\u001f3􍶒\u0000𨠄𓄛s𩓄\u00147\nbQ",
            "email": "GAe.1\u0010􇅃m󳯊󷶼",
            "following": true,
            "image": ")đxV*􊾍\u0007",
            "username": "􁒮f\u00193󱂼\u001cDE%6鏈􏆰\u0002󷫲𮁽AY𦚋𢰽]^󴢵"
        },
        {
            "bio": "&󷖈𖭿/",
            "email": "2vgeA{|=q󱨛hy\u0014'g纰:n(\u000cH\u0014q.~DT\u001f\u0005􂆋",
            "following": false,
            "image": "^n5RRc)𝃞{d𨷑􆣣@\u000cW[1\u001bợ)or𬄱\u0004󽛏\u000e",
            "username": "z/\u001aK *\"LBx."
        }
    ],
    "seed": 680010266
}